main.c:89:5:main	48	static
main.c:175:6:SystemClock_Config	88	static
main.c:219:13:MX_CRC_Init	8	static
main.c:245:13:MX_DMA2D_Init	8	static
main.c:282:13:MX_I2C3_Init	8	static
main.c:328:13:MX_SPI5_Init	8	static
main.c:366:13:MX_TIM1_Init	32	static
main.c:412:13:MX_USART1_UART_Init	8	static
main.c:441:13:MX_FMC_Init	40	static
main.c:492:13:MX_GPIO_Init	64	static
main.c:649:6:StartDefaultTask	16	static
main.c:670:6:HAL_TIM_PeriodElapsedCallback	16	static
main.c:687:6:Error_Handler	4	static,ignoring_inline_asm
