stm32f4xx_hal_msp.c:64:6:HAL_MspInit	16	static
stm32f4xx_hal_msp.c:88:6:HAL_CRC_MspInit	24	static
stm32f4xx_hal_msp.c:110:6:HAL_CRC_MspDeInit	16	static
stm32f4xx_hal_msp.c:132:6:HAL_DMA2D_MspInit	24	static
stm32f4xx_hal_msp.c:157:6:HAL_DMA2D_MspDeInit	16	static
stm32f4xx_hal_msp.c:182:6:HAL_I2C_MspInit	48	static
stm32f4xx_hal_msp.c:226:6:HAL_I2C_MspDeInit	16	static
stm32f4xx_hal_msp.c:257:6:HAL_SPI_MspInit	48	static
stm32f4xx_hal_msp.c:294:6:HAL_SPI_MspDeInit	16	static
stm32f4xx_hal_msp.c:324:6:HAL_TIM_Base_MspInit	24	static
stm32f4xx_hal_msp.c:346:6:HAL_TIM_Base_MspDeInit	16	static
stm32f4xx_hal_msp.c:368:6:HAL_UART_MspInit	48	static
stm32f4xx_hal_msp.c:404:6:HAL_UART_MspDeInit	16	static
stm32f4xx_hal_msp.c:429:13:HAL_FMC_MspInit	32	static
stm32f4xx_hal_msp.c:535:6:HAL_SDRAM_MspInit	16	static
stm32f4xx_hal_msp.c:547:13:HAL_FMC_MspDeInit	8	static
stm32f4xx_hal_msp.c:621:6:HAL_SDRAM_MspDeInit	16	static
