Microondas.c:287:6:microondas_init	24	static
Microondas.c:322:6:microondas_run_cycle	16	static
Microondas.c:349:6:microondas_enter	16	static
Microondas.c:375:6:microondas_exit	16	static
Microondas.c:391:12:microondas_is_active	24	static
Microondas.c:407:12:microondas_is_final	16	static
Microondas.c:413:6:microondas_raise_time_event	16	static
Microondas.c:422:12:microondas_is_state_active	24	static
Microondas.c:578:13:swap_in_events	16	static
Microondas.c:626:13:clear_in_events	16	static
Microondas.c:652:13:swap_internal_events	16	static
Microondas.c:692:13:clear_internal_events	16	static
Microondas.c:702:13:micro_step	24	static
Microondas.c:921:6:microondas_eSW1_raise_press	16	static
Microondas.c:926:6:microondas_eSW1_raise_nopress	16	static
Microondas.c:933:6:microondas_eSW2_raise_press	16	static
Microondas.c:938:6:microondas_eSW2_raise_nopress	16	static
Microondas.c:945:6:microondas_eSW3_raise_press	16	static
Microondas.c:950:6:microondas_eSW3_raise_nopress	16	static
Microondas.c:961:13:enact_RH_CONTROL_HORNO_Horono_reposo	16	static
Microondas.c:970:13:enact_RH_CONTROL_HORNO_Ajuste_reloj	16	static
Microondas.c:980:13:enact_RH_CONTROL_HORNO_Ventana2s	16	static
Microondas.c:987:13:enact_RH_CONTROL_HORNO_Programacion_horno	16	static
Microondas.c:997:13:enact_RH_CONTROL_HORNO_Horno_encendido	16	static
Microondas.c:1005:13:enact_RH_CONTROL_HORNO_Horno_encendido_r1_menosseg	16	static
Microondas.c:1011:13:enact_RH_CONTROL_HORNO_Horno_encendido_r1_menosmin	16	static
Microondas.c:1020:13:enact_RH_CONTROL_HORNO_Horno_encendido_r1_demoradesalida	16	static
Microondas.c:1027:13:enact_RH_CONTROL_HORNO_Horno_encendido_r1_fin	16	static
Microondas.c:1033:13:enact_RH_CONTROL_HORNO_En_pausa	16	static
Microondas.c:1039:13:enact_RH_CONTROL_HORNO_Reset	16	static
Microondas.c:1048:13:enact_RH_CONTROL_RDSP_multiplexado	16	static
Microondas.c:1055:13:enact_RH_CONTROL_RDSP_multiplexado_r1_display_apagado	16	static
Microondas.c:1063:13:enact_RH_CONTROL_RDSP_multiplexado_r1_display_encendido	16	static
Microondas.c:1071:13:enact_RH_CONTROL_RDSP_multiplexado_r1_display_encendido_r1_d2	16	static
Microondas.c:1082:13:enact_RH_CONTROL_RDSP_multiplexado_r1_display_encendido_r1_d3	16	static
Microondas.c:1092:13:enact_RH_CONTROL_RDSP_multiplexado_r1_display_encendido_r1_d0	16	static
Microondas.c:1102:13:enact_RH_CONTROL_RDSP_multiplexado_r1_display_encendido_r1_d1	16	static
Microondas.c:1112:13:enact_RS_SWITCHES_SW1_antirrebote	16	static
Microondas.c:1119:13:enact_RS_SWITCHES_SW1_trampa	16	static
Microondas.c:1127:13:enact_RS_SWITCHES_SW2_antirrebote	16	static
Microondas.c:1134:13:enact_RS_SWITCHES_SW2_trampa	16	static
Microondas.c:1142:13:enact_RS_SWITCHES_SW3_antirrebote	16	static
Microondas.c:1149:13:enact_RS_SWITCHES_SW3_trampa	16	static
Microondas.c:1157:13:enact_RR_Reloj	16	static
Microondas.c:1164:13:exact_RH_CONTROL_HORNO_Ajuste_reloj	16	static
Microondas.c:1172:13:exact_RH_CONTROL_HORNO_Ventana2s	16	static
Microondas.c:1179:13:exact_RH_CONTROL_HORNO_Programacion_horno	16	static
Microondas.c:1187:13:exact_RH_CONTROL_HORNO_Horno_encendido	16	static
Microondas.c:1195:13:exact_RH_CONTROL_HORNO_Horno_encendido_r1_menosseg	16	static
Microondas.c:1202:13:exact_RH_CONTROL_HORNO_Horno_encendido_r1_demoradesalida	16	static
Microondas.c:1209:13:exact_RH_CONTROL_HORNO_En_pausa	16	static
Microondas.c:1216:13:exact_RH_CONTROL_RDSP_multiplexado	16	static
Microondas.c:1223:13:exact_RH_CONTROL_RDSP_multiplexado_r1_display_apagado	16	static
Microondas.c:1230:13:exact_RH_CONTROL_RDSP_multiplexado_r1_display_encendido	16	static
Microondas.c:1237:13:exact_RS_SWITCHES_SW1_antirrebote	16	static
Microondas.c:1244:13:exact_RS_SWITCHES_SW2_antirrebote	16	static
Microondas.c:1251:13:exact_RS_SWITCHES_SW3_antirrebote	16	static
Microondas.c:1258:13:exact_RR_Reloj	16	static
Microondas.c:1265:13:enseq_RH_CONTROL_default	16	static
Microondas.c:1273:13:enseq_RH_CONTROL_HORNO_Horono_reposo_default	16	static
Microondas.c:1282:13:enseq_RH_CONTROL_HORNO_Ajuste_reloj_default	16	static
Microondas.c:1291:13:enseq_RH_CONTROL_HORNO_Ventana2s_default	16	static
Microondas.c:1300:13:enseq_RH_CONTROL_HORNO_Programacion_horno_default	16	static
Microondas.c:1309:13:enseq_RH_CONTROL_HORNO_Horno_encendido_default	16	static
Microondas.c:1317:13:enseq_RH_CONTROL_HORNO_Horno_encendido_r1_menosseg_default	16	static
Microondas.c:1326:13:enseq_RH_CONTROL_HORNO_Horno_encendido_r1_menosmin_default	16	static
Microondas.c:1335:13:enseq_RH_CONTROL_HORNO_Horno_encendido_r1_demoradesalida_default	16	static
Microondas.c:1344:13:enseq_RH_CONTROL_HORNO_Horno_encendido_r1_fin_default	16	static
Microondas.c:1353:13:enseq_RH_CONTROL_HORNO_En_pausa_default	16	static
Microondas.c:1362:13:enseq_RH_CONTROL_HORNO_Reset_default	16	static
Microondas.c:1371:13:enseq_RH_CONTROL_RDSP_multiplexado_default	16	static
Microondas.c:1380:13:enseq_RH_CONTROL_RDSP_multiplexado_r1_display_apagado_default	16	static
Microondas.c:1389:13:enseq_RH_CONTROL_RDSP_multiplexado_r1_display_encendido_default	16	static
Microondas.c:1397:13:enseq_RH_CONTROL_RDSP_multiplexado_r1_display_encendido_r1_d2_default	16	static
Microondas.c:1406:13:enseq_RH_CONTROL_RDSP_multiplexado_r1_display_encendido_r1_d3_default	16	static
Microondas.c:1415:13:enseq_RH_CONTROL_RDSP_multiplexado_r1_display_encendido_r1_d0_default	16	static
Microondas.c:1424:13:enseq_RH_CONTROL_RDSP_multiplexado_r1_display_encendido_r1_d1_default	16	static
Microondas.c:1433:13:enseq_RH_CONTROL_RDSP_multiplexado_i_presento_reloj_default	16	static
Microondas.c:1441:13:enseq_RH_CONTROL_RDSP_multiplexado_i_presento_T_coccion_default	16	static
Microondas.c:1449:13:enseq_RS_SWITCHES_default	16	static
Microondas.c:1458:13:enseq_RS_SWITCHES_SW1_esperando_default	16	static
Microondas.c:1466:13:enseq_RS_SWITCHES_SW1_antirrebote_default	16	static
Microondas.c:1475:13:enseq_RS_SWITCHES_SW1_verifico_default	16	static
Microondas.c:1483:13:enseq_RS_SWITCHES_SW1_trampa_default	16	static
Microondas.c:1492:13:enseq_RS_SWITCHES_SW2_esperando_default	16	static
Microondas.c:1500:13:enseq_RS_SWITCHES_SW2_antirrebote_default	16	static
Microondas.c:1509:13:enseq_RS_SWITCHES_SW2_verifico_default	16	static
Microondas.c:1517:13:enseq_RS_SWITCHES_SW2_trampa_default	16	static
Microondas.c:1526:13:enseq_RS_SWITCHES_SW3_esperando_default	16	static
Microondas.c:1534:13:enseq_RS_SWITCHES_SW3_antirrebote_default	16	static
Microondas.c:1543:13:enseq_RS_SWITCHES_SW3_verifico_default	16	static
Microondas.c:1551:13:enseq_RS_SWITCHES_SW3_trampa_default	16	static
Microondas.c:1560:13:enseq_RR_Reloj_default	16	static
Microondas.c:1569:13:enseq_RR_Reloj_detenido_default	16	static
Microondas.c:1577:13:enseq_RH_default	16	static
Microondas.c:1584:13:enseq_RH_CONTROL_HORNO_default	16	static
Microondas.c:1591:13:enseq_RH_CONTROL_HORNO_Horno_encendido_r1_default	16	static
Microondas.c:1598:13:enseq_RH_CONTROL_RDSP_default	16	static
Microondas.c:1605:13:enseq_RH_CONTROL_RDSP_multiplexado_r1_default	16	static
Microondas.c:1612:13:enseq_RH_CONTROL_RDSP_multiplexado_r1_display_encendido_r1_default	16	static
Microondas.c:1619:13:enseq_RH_CONTROL_RDSP_multiplexado_i_default	16	static
Microondas.c:1626:13:enseq_RS_default	16	static
Microondas.c:1633:13:enseq_RS_SWITCHES_SW1_default	16	static
Microondas.c:1640:13:enseq_RS_SWITCHES_SW2_default	16	static
Microondas.c:1647:13:enseq_RS_SWITCHES_SW3_default	16	static
Microondas.c:1654:13:enseq_RR_default	16	static
Microondas.c:1661:13:exseq_RH_CONTROL_HORNO_Horono_reposo	16	static
Microondas.c:1669:13:exseq_RH_CONTROL_HORNO_Ajuste_reloj	16	static
Microondas.c:1678:13:exseq_RH_CONTROL_HORNO_Ventana2s	16	static
Microondas.c:1687:13:exseq_RH_CONTROL_HORNO_Programacion_horno	16	static
Microondas.c:1696:13:exseq_RH_CONTROL_HORNO_Horno_encendido	16	static
Microondas.c:1704:13:exseq_RH_CONTROL_HORNO_Horno_encendido_r1_menosseg	16	static
Microondas.c:1713:13:exseq_RH_CONTROL_HORNO_Horno_encendido_r1_menosmin	16	static
Microondas.c:1721:13:exseq_RH_CONTROL_HORNO_Horno_encendido_r1_demoradesalida	16	static
Microondas.c:1730:13:exseq_RH_CONTROL_HORNO_Horno_encendido_r1_fin	16	static
Microondas.c:1738:13:exseq_RH_CONTROL_HORNO_En_pausa	16	static
Microondas.c:1747:13:exseq_RH_CONTROL_HORNO_Reset	16	static
Microondas.c:1755:13:exseq_RH_CONTROL_RDSP_multiplexado_r1_display_apagado	16	static
Microondas.c:1764:13:exseq_RH_CONTROL_RDSP_multiplexado_r1_display_encendido	16	static
Microondas.c:1772:13:exseq_RH_CONTROL_RDSP_multiplexado_r1_display_encendido_r1_d2	16	static
Microondas.c:1780:13:exseq_RH_CONTROL_RDSP_multiplexado_r1_display_encendido_r1_d3	16	static
Microondas.c:1788:13:exseq_RH_CONTROL_RDSP_multiplexado_r1_display_encendido_r1_d0	16	static
Microondas.c:1796:13:exseq_RH_CONTROL_RDSP_multiplexado_r1_display_encendido_r1_d1	16	static
Microondas.c:1804:13:exseq_RH_CONTROL_RDSP_multiplexado_i_presento_reloj	16	static
Microondas.c:1812:13:exseq_RH_CONTROL_RDSP_multiplexado_i_presento_T_coccion	16	static
Microondas.c:1820:13:exseq_RS_SWITCHES_SW1_esperando	16	static
Microondas.c:1828:13:exseq_RS_SWITCHES_SW1_antirrebote	16	static
Microondas.c:1837:13:exseq_RS_SWITCHES_SW1_verifico	16	static
Microondas.c:1845:13:exseq_RS_SWITCHES_SW1_trampa	16	static
Microondas.c:1853:13:exseq_RS_SWITCHES_SW2_esperando	16	static
Microondas.c:1861:13:exseq_RS_SWITCHES_SW2_antirrebote	16	static
Microondas.c:1870:13:exseq_RS_SWITCHES_SW2_verifico	16	static
Microondas.c:1878:13:exseq_RS_SWITCHES_SW2_trampa	16	static
Microondas.c:1886:13:exseq_RS_SWITCHES_SW3_esperando	16	static
Microondas.c:1894:13:exseq_RS_SWITCHES_SW3_antirrebote	16	static
Microondas.c:1903:13:exseq_RS_SWITCHES_SW3_verifico	16	static
Microondas.c:1911:13:exseq_RS_SWITCHES_SW3_trampa	16	static
Microondas.c:1919:13:exseq_RR_Reloj	16	static
Microondas.c:1928:13:exseq_RR_Reloj_detenido	16	static
Microondas.c:1936:13:exseq_RH	16	static
Microondas.c:2058:13:exseq_RH_CONTROL_HORNO_Horno_encendido_r1	16	static
Microondas.c:2091:13:exseq_RH_CONTROL_RDSP_multiplexado_r1_display_encendido_r1	16	static
Microondas.c:2124:13:exseq_RS	16	static
Microondas.c:2211:13:exseq_RR	16	static
Microondas.c:2234:13:react_RH_CONTROL_HORNO__choice_0	16	static
Microondas.c:2247:13:react_RH__entry_Default	16	static
Microondas.c:2254:13:react_RH_CONTROL_HORNO__entry_Default	16	static
Microondas.c:2261:13:react_RH_CONTROL_HORNO_Horno_encendido_r1__entry_Default	16	static
Microondas.c:2268:13:react_RH_CONTROL_RDSP_multiplexado_r1_display_encendido_r1__entry_Default	16	static
Microondas.c:2275:13:react_RH_CONTROL_RDSP_multiplexado_r1__entry_Default	16	static
Microondas.c:2282:13:react_RH_CONTROL_RDSP_multiplexado_i__entry_Default	16	static
Microondas.c:2289:13:react_RH_CONTROL_RDSP__entry_Default	16	static
Microondas.c:2296:13:react_RS_SWITCHES_SW1__entry_Default	16	static
Microondas.c:2303:13:react_RS_SWITCHES_SW2__entry_Default	16	static
Microondas.c:2310:13:react_RS_SWITCHES_SW3__entry_Default	16	static
Microondas.c:2317:13:react_RS__entry_Default	16	static
Microondas.c:2324:13:react_RR__entry_Default	16	static
Microondas.c:2331:19:react	16	static
Microondas.c:2338:19:RH_CONTROL_react	24	static
Microondas.c:2346:19:RH_CONTROL_HORNO_Horono_reposo_react	24	static
Microondas.c:2372:19:RH_CONTROL_HORNO_Ajuste_reloj_react	24	static
Microondas.c:2417:19:RH_CONTROL_HORNO_Ventana2s_react	24	static
Microondas.c:2444:19:RH_CONTROL_HORNO_Programacion_horno_react	24	static
Microondas.c:2501:19:RH_CONTROL_HORNO_Horno_encendido_react	24	static
Microondas.c:2532:19:RH_CONTROL_HORNO_Horno_encendido_r1_menosseg_react	24	static
Microondas.c:2569:19:RH_CONTROL_HORNO_Horno_encendido_r1_menosmin_react	24	static
Microondas.c:2597:19:RH_CONTROL_HORNO_Horno_encendido_r1_demoradesalida_react	24	static
Microondas.c:2622:19:RH_CONTROL_HORNO_Horno_encendido_r1_fin_react	24	static
Microondas.c:2649:19:RH_CONTROL_HORNO_En_pausa_react	24	static
Microondas.c:2676:19:RH_CONTROL_HORNO_Reset_react	24	static
Microondas.c:2698:19:RH_CONTROL_RDSP_multiplexado_react	24	static
Microondas.c:2719:19:RH_CONTROL_RDSP_multiplexado_r1_display_apagado_react	24	static
Microondas.c:2738:19:RH_CONTROL_RDSP_multiplexado_r1_display_encendido_react	24	static
Microondas.c:2764:19:RH_CONTROL_RDSP_multiplexado_r1_display_encendido_r1_d2_react	24	static
Microondas.c:2788:19:RH_CONTROL_RDSP_multiplexado_r1_display_encendido_r1_d3_react	24	static
Microondas.c:2812:19:RH_CONTROL_RDSP_multiplexado_r1_display_encendido_r1_d0_react	24	static
Microondas.c:2836:19:RH_CONTROL_RDSP_multiplexado_r1_display_encendido_r1_d1_react	24	static
Microondas.c:2860:19:RH_CONTROL_RDSP_multiplexado_i_presento_reloj_react	24	static
Microondas.c:2888:19:RH_CONTROL_RDSP_multiplexado_i_presento_T_coccion_react	24	static
Microondas.c:2916:19:RS_SWITCHES_react	24	static
Microondas.c:2924:19:RS_SWITCHES_SW1_esperando_react	24	static
Microondas.c:2942:19:RS_SWITCHES_SW1_antirrebote_react	24	static
Microondas.c:2961:19:RS_SWITCHES_SW1_verifico_react	24	static
Microondas.c:2987:19:RS_SWITCHES_SW1_trampa_react	24	static
Microondas.c:3005:19:RS_SWITCHES_SW2_esperando_react	24	static
Microondas.c:3023:19:RS_SWITCHES_SW2_antirrebote_react	24	static
Microondas.c:3042:19:RS_SWITCHES_SW2_verifico_react	24	static
Microondas.c:3068:19:RS_SWITCHES_SW2_trampa_react	24	static
Microondas.c:3086:19:RS_SWITCHES_SW3_esperando_react	24	static
Microondas.c:3110:19:RS_SWITCHES_SW3_antirrebote_react	24	static
Microondas.c:3135:19:RS_SWITCHES_SW3_verifico_react	24	static
Microondas.c:3168:19:RS_SWITCHES_SW3_trampa_react	24	static
Microondas.c:3192:19:RR_Reloj_react	24	static
Microondas.c:3229:19:RR_Reloj_detenido_react	24	static
