MiAudio.c:45:6:Procesar_Buffer	24	static
MiAudio.c:62:6:Copiar_Buffer	24	static
MiAudio.c:94:6:ROM2BUFFER	32	static
MiAudio.c:111:6:Filtrar_Buffer	24	static
MiAudio.c:144:6:UINT16toFLOAT32	32	static
MiAudio.c:163:6:FLOAT32toUINT16	32	static
MiAudio.c:185:6:FIRFilter	24	static
MiAudio.c:194:6:FIR_Init	16	static
MiAudio.c:209:6:BSP_AUDIO_OUT_HalfTransfer_CallBack	4	static
MiAudio.c:217:6:BSP_AUDIO_OUT_TransferComplete_CallBack	8	static
MiAudio.c:226:6:BSP_AUDIO_OUT_Error_CallBack	4	static
MiAudio.c:239:6:NMI_Handler	4	static
MiAudio.c:248:6:HardFault_Handler	4	static
MiAudio.c:261:6:MemManage_Handler	4	static
MiAudio.c:274:6:BusFault_Handler	4	static
MiAudio.c:287:6:UsageFault_Handler	4	static
MiAudio.c:300:6:SVC_Handler	4	static
MiAudio.c:309:6:DebugMon_Handler	4	static
MiAudio.c:318:6:PendSV_Handler	4	static
MiAudio.c:334:6:EXTI0_IRQHandler	8	static
MiAudio.c:344:6:EXTI1_IRQHandler	8	static
MiAudio.c:354:6:DMA1_Stream7_IRQHandler	8	static
MiAudio.c:364:6:DMA1_Stream3_IRQHandler	8	static
MiAudio.c:374:6:TIM4_IRQHandler	4	static
MiAudio.c:384:6:OTG_FS_IRQHandler	4	static
