Archive member included to satisfy reference by file (symbol)

C:\DDCM\stm32f407g-disc1_hal_lib\Debug\libstm32f407g-disc1_hal_lib.a(stm32f4xx_hal.o)
                              src/main.o (HAL_GetREVID)
C:\DDCM\stm32f407g-disc1_hal_lib\Debug\libstm32f407g-disc1_hal_lib.a(stm32f4xx_hal_cortex.o)
                              C:\DDCM\stm32f407g-disc1_hal_lib\Debug\libstm32f407g-disc1_hal_lib.a(stm32f4xx_hal.o) (HAL_NVIC_SetPriorityGrouping)
C:\DDCM\stm32f407g-disc1_hal_lib\Debug\libstm32f407g-disc1_hal_lib.a(stm32f4xx_hal_dma.o)
                              src/MiAudio.o (HAL_DMA_IRQHandler)
C:\DDCM\stm32f407g-disc1_hal_lib\Debug\libstm32f407g-disc1_hal_lib.a(stm32f4xx_hal_gpio.o)
                              src/main.o (HAL_GPIO_ReadPin)
C:\DDCM\stm32f407g-disc1_hal_lib\Debug\libstm32f407g-disc1_hal_lib.a(stm32f4xx_hal_rcc.o)
                              src/main.o (HAL_RCC_OscConfig)
C:\DDCM\stm32f407g-disc1_hal_lib\Debug\libstm32f407g-disc1_hal_lib.a(stm32f4_discovery_audio.o)
                              src/MiAudio.o (hAudioOutI2s)
C:\DDCM\stm32f407g-disc1_hal_lib\Debug\libstm32f407g-disc1_hal_lib.a(stm32f4xx_hal_i2s.o)
                              C:\DDCM\stm32f407g-disc1_hal_lib\Debug\libstm32f407g-disc1_hal_lib.a(stm32f4_discovery_audio.o) (HAL_I2S_Init)
C:\DDCM\stm32f407g-disc1_hal_lib\Debug\libstm32f407g-disc1_hal_lib.a(stm32f4xx_hal_i2s_ex.o)
                              C:\DDCM\stm32f407g-disc1_hal_lib\Debug\libstm32f407g-disc1_hal_lib.a(stm32f4xx_hal_i2s.o) (HAL_I2SEx_FullDuplex_IRQHandler)
C:\DDCM\stm32f407g-disc1_hal_lib\Debug\libstm32f407g-disc1_hal_lib.a(stm32f4xx_hal_rcc_ex.o)
                              C:\DDCM\stm32f407g-disc1_hal_lib\Debug\libstm32f407g-disc1_hal_lib.a(stm32f4_discovery_audio.o) (HAL_RCCEx_PeriphCLKConfig)
C:\DDCM\stm32f407g-disc1_hal_lib\Debug\libstm32f407g-disc1_hal_lib.a(cs43l22.o)
                              C:\DDCM\stm32f407g-disc1_hal_lib\Debug\libstm32f407g-disc1_hal_lib.a(stm32f4_discovery_audio.o) (cs43l22_drv)
C:\DDCM\stm32f407g-disc1_hal_lib\Debug\libstm32f407g-disc1_hal_lib.a(stm32f4_discovery.o)
                              C:\DDCM\stm32f407g-disc1_hal_lib\Debug\libstm32f407g-disc1_hal_lib.a(cs43l22.o) (AUDIO_IO_Init)
C:\DDCM\stm32f407g-disc1_hal_lib\Debug\libstm32f407g-disc1_hal_lib.a(stm32f4xx_hal_i2c.o)
                              C:\DDCM\stm32f407g-disc1_hal_lib\Debug\libstm32f407g-disc1_hal_lib.a(stm32f4_discovery.o) (HAL_I2C_Init)
C:\DDCM\stm32f407g-disc1_hal_lib\Debug\libstm32f407g-disc1_hal_lib.a(stm32f4xx_hal_spi.o)
                              C:\DDCM\stm32f407g-disc1_hal_lib\Debug\libstm32f407g-disc1_hal_lib.a(stm32f4_discovery.o) (HAL_SPI_Init)
C:\DDCM\5-AudioDSP\LibDsp\GCC\libarm_cortexM4lf_math.a(arm_fir_init_f32.o)
                              src/MiAudio.o (arm_fir_init_f32)
C:\DDCM\5-AudioDSP\LibDsp\GCC\libarm_cortexM4lf_math.a(arm_fir_f32.o)
                              src/MiAudio.o (arm_fir_f32)
C:\DDCM\LIB_MSE-SE\Debug\libLIB_MSE-SE.a(Entradas.o)
                              src/main.o (In_Init)
C:\DDCM\LIB_MSE-SE\Debug\libLIB_MSE-SE.a(Salidas.o)
                              src/main.o (Out_Init)
C:\DDCM\LIB_MSE-SE\Debug\libLIB_MSE-SE.a(SysTick.o)
                              src/main.o (SysTick_Init)
c:/st/stm32cubeide_1.6.1/stm32cubeide/plugins/com.st.stm32cube.ide.mcu.externaltools.gnu-tools-for-stm32.9-2020-q2-update.win32_1.5.0.202011040924/tools/bin/../lib/gcc/arm-none-eabi/9.3.1/../../../../arm-none-eabi/lib/thumb/v7e-m+fp/hard\libc_nano.a(lib_a-errno.o)
                              src/syscalls.o (__errno)
c:/st/stm32cubeide_1.6.1/stm32cubeide/plugins/com.st.stm32cube.ide.mcu.externaltools.gnu-tools-for-stm32.9-2020-q2-update.win32_1.5.0.202011040924/tools/bin/../lib/gcc/arm-none-eabi/9.3.1/../../../../arm-none-eabi/lib/thumb/v7e-m+fp/hard\libc_nano.a(lib_a-exit.o)
                              c:/st/stm32cubeide_1.6.1/stm32cubeide/plugins/com.st.stm32cube.ide.mcu.externaltools.gnu-tools-for-stm32.9-2020-q2-update.win32_1.5.0.202011040924/tools/bin/../lib/gcc/arm-none-eabi/9.3.1/../../../../arm-none-eabi/lib/thumb/v7e-m+fp/hard/crt0.o (exit)
c:/st/stm32cubeide_1.6.1/stm32cubeide/plugins/com.st.stm32cube.ide.mcu.externaltools.gnu-tools-for-stm32.9-2020-q2-update.win32_1.5.0.202011040924/tools/bin/../lib/gcc/arm-none-eabi/9.3.1/../../../../arm-none-eabi/lib/thumb/v7e-m+fp/hard\libc_nano.a(lib_a-impure.o)
                              c:/st/stm32cubeide_1.6.1/stm32cubeide/plugins/com.st.stm32cube.ide.mcu.externaltools.gnu-tools-for-stm32.9-2020-q2-update.win32_1.5.0.202011040924/tools/bin/../lib/gcc/arm-none-eabi/9.3.1/../../../../arm-none-eabi/lib/thumb/v7e-m+fp/hard\libc_nano.a(lib_a-exit.o) (_global_impure_ptr)
c:/st/stm32cubeide_1.6.1/stm32cubeide/plugins/com.st.stm32cube.ide.mcu.externaltools.gnu-tools-for-stm32.9-2020-q2-update.win32_1.5.0.202011040924/tools/bin/../lib/gcc/arm-none-eabi/9.3.1/../../../../arm-none-eabi/lib/thumb/v7e-m+fp/hard\libc_nano.a(lib_a-init.o)
[...]
Memory Configuration

Name             Origin             Length             Attributes
FLASH            0x0000000008000000 0x0000000000100000 xr
RAM              0x0000000020000000 0x0000000000030000 xrw
MEMORY_B1        0x0000000060000000 0x0000000000000000 xr
*default*        0x0000000000000000 0xffffffffffffffff

Linker script and memory map

LOAD c:/st/stm32cubeide_1.6.1/stm32cubeide/plugins/com.st.stm32cube.ide.mcu.externaltools.gnu-tools-for-stm32.9-2020-q2-update.win32_1.5.0.202011040924/tools/bin/../lib/gcc/arm-none-eabi/9.3.1/thumb/v7e-m+fp/hard/crti.o
LOAD c:/st/stm32cubeide_1.6.1/stm32cubeide/plugins/com.st.stm32cube.ide.mcu.externaltools.gnu-tools-for-stm32.9-2020-q2-update.win32_1.5.0.202011040924/tools/bin/../lib/gcc/arm-none-eabi/9.3.1/thumb/v7e-m+fp/hard/crtbegin.o
LOAD c:/st/stm32cubeide_1.6.1/stm32cubeide/plugins/com.st.stm32cube.ide.mcu.externaltools.gnu-tools-for-stm32.9-2020-q2-update.win32_1.5.0.202011040924/tools/bin/../lib/gcc/arm-none-eabi/9.3.1/../../../../arm-none-eabi/lib/thumb/v7e-m+fp/hard/crt0.o
LOAD src/MiAudio.o
LOAD src/main.o
LOAD src/syscalls.o
LOAD src/system_stm32f4xx.o
LOAD startup/startup_stm32f407xx.o
LOAD C:\DDCM\stm32f407g-disc1_hal_lib\Debug\libstm32f407g-disc1_hal_lib.a
LOAD C:\DDCM\5-AudioDSP\LibDsp\GCC\libarm_cortexM4lf_math.a
LOAD C:\DDCM\LIB_MSE-SE\Debug\libLIB_MSE-SE.a
START GROUP
LOAD C:\DDCM\stm32f407g-disc1_hal_lib\Debug\libstm32f407g-disc1_hal_lib.a
LOAD C:\DDCM\5-AudioDSP\LibDsp\GCC\libarm_cortexM4lf_math.a
LOAD C:\DDCM\LIB_MSE-SE\Debug\libLIB_MSE-SE.a
END GROUP
START GROUP
LOAD c:/st/stm32cubeide_1.6.1/stm32cubeide/plugins/com.st.stm32cube.ide.mcu.externaltools.gnu-tools-for-stm32.9-2020-q2-update.win32_1.5.0.202011040924/tools/bin/../lib/gcc/arm-none-eabi/9.3.1/../../../../arm-none-eabi/lib/thumb/v7e-m+fp/hard\libc_nano.a
LOAD c:/st/stm32cubeide_1.6.1/stm32cubeide/plugins/com.st.stm32cube.ide.mcu.externaltools.gnu-tools-for-stm32.9-2020-q2-update.win32_1.5.0.202011040924/tools/bin/../lib/gcc/arm-none-eabi/9.3.1/../../../../arm-none-eabi/lib/thumb/v7e-m+fp/hard\libm.a
END GROUP
START GROUP
LOAD c:/st/stm32cubeide_1.6.1/stm32cubeide/plugins/com.st.stm32cube.ide.mcu.externaltools.gnu-tools-for-stm32.9-2020-q2-update.win32_1.5.0.202011040924/tools/bin/../lib/gcc/arm-none-eabi/9.3.1/thumb/v7e-m+fp/hard\libgcc.a
LOAD c:/st/stm32cubeide_1.6.1/stm32cubeide/plugins/com.st.stm32cube.ide.mcu.externaltools.gnu-tools-for-stm32.9-2020-q2-update.win32_1.5.0.202011040924/tools/bin/../lib/gcc/arm-none-eabi/9.3.1/../../../../arm-none-eabi/lib/thumb/v7e-m+fp/hard\libc_nano.a
END GROUP
START GROUP
LOAD c:/st/stm32cubeide_1.6.1/stm32cubeide/plugins/com.st.stm32cube.ide.mcu.externaltools.gnu-tools-for-stm32.9-2020-q2-update.win32_1.5.0.202011040924/tools/bin/../lib/gcc/arm-none-eabi/9.3.1/thumb/v7e-m+fp/hard\libgcc.a
LOAD c:/st/stm32cubeide_1.6.1/stm32cubeide/plugins/com.st.stm32cube.ide.mcu.externaltools.gnu-tools-for-stm32.9-2020-q2-update.win32_1.5.0.202011040924/tools/bin/../lib/gcc/arm-none-eabi/9.3.1/../../../../arm-none-eabi/lib/thumb/v7e-m+fp/hard\libc_nano.a
LOAD c:/st/stm32cubeide_1.6.1/stm32cubeide/plugins/com.st.stm32cube.ide.mcu.externaltools.gnu-tools-for-stm32.9-2020-q2-update.win32_1.5.0.202011040924/tools/bin/../lib/gcc/arm-none-eabi/9.3.1/../../../../arm-none-eabi/lib/thumb/v7e-m+fp/hard\libnosys.a
END GROUP
START GROUP
LOAD c:/st/stm32cubeide_1.6.1/stm32cubeide/plugins/com.st.stm32cube.ide.mcu.externaltools.gnu-tools-for-stm32.9-2020-q2-update.win32_1.5.0.202011040924/tools/bin/../lib/gcc/arm-none-eabi/9.3.1/thumb/v7e-m+fp/hard\libgcc.a
LOAD c:/st/stm32cubeide_1.6.1/stm32cubeide/plugins/com.st.stm32cube.ide.mcu.externaltools.gnu-tools-for-stm32.9-2020-q2-update.win32_1.5.0.202011040924/tools/bin/../lib/gcc/arm-none-eabi/9.3.1/../../../../arm-none-eabi/lib/thumb/v7e-m+fp/hard\libc_nano.a
LOAD c:/st/stm32cubeide_1.6.1/stm32cubeide/plugins/com.st.stm32cube.ide.mcu.externaltools.gnu-tools-for-stm32.9-2020-q2-update.win32_1.5.0.202011040924/tools/bin/../lib/gcc/arm-none-eabi/9.3.1/../../../../arm-none-eabi/lib/thumb/v7e-m+fp/hard\libnosys.a
END GROUP
LOAD c:/st/stm32cubeide_1.6.1/stm32cubeide/plugins/com.st.stm32cube.ide.mcu.externaltools.gnu-tools-for-stm32.9-2020-q2-update.win32_1.5.0.202011040924/tools/bin/../lib/gcc/arm-none-eabi/9.3.1/thumb/v7e-m+fp/hard/crtend.o
LOAD c:/st/stm32cubeide_1.6.1/stm32cubeide/plugins/com.st.stm32cube.ide.mcu.externaltools.gnu-tools-for-stm32.9-2020-q2-update.win32_1.5.0.202011040924/tools/bin/../lib/gcc/arm-none-eabi/9.3.1/thumb/v7e-m+fp/hard/crtn.o
                0x0000000020020000                _estack = 0x20020000
                0x0000000000000000                _Min_Heap_Size = 0x0
                0x0000000000000400                _Min_Stack_Size = 0x400

.isr_vector     0x0000000008000000      0x188
                0x0000000008000000                . = ALIGN (0x4)
 *(.isr_vector)
 .isr_vector    0x0000000008000000      0x188 startup/startup_stm32f407xx.o
                0x0000000008000000                g_pfnVectors
                0x0000000008000188                . = ALIGN (0x4)

.text           0x0000000008000188    0x10504
                0x0000000008000188                . = ALIGN (0x4)
 *(.text)
 .text          0x0000000008000188       0x40 c:/st/stm32cubeide_1.6.1/stm32cubeide/plugins/com.st.stm32cube.ide.mcu.externaltools.gnu-tools-for-stm32.9-2020-q2-update.win32_1.5.0.202011040924/tools/bin/../lib/gcc/arm-none-eabi/9.3.1/thumb/v7e-m+fp/hard/crtbegin.o
 .text          0x00000000080001c8       0x30 c:/st/stm32cubeide_1.6.1/stm32cubeide/plugins/com.st.stm32cube.ide.mcu.externaltools.gnu-tools-for-stm32.9-2020-q2-update.win32_1.5.0.202011040924/tools/bin/../lib/gcc/arm-none-eabi/9.3.1/thumb/v7e-m+fp/hard\libgcc.a(_aeabi_uldivmod.o)
                0x00000000080001c8                __aeabi_uldivmod
 .text          0x00000000080001f8      0x2c4 c:/st/stm32cubeide_1.6.1/stm32cubeide/plugins/com.st.stm32cube.ide.mcu.externaltools.gnu-tools-for-stm32.9-2020-q2-update.win32_1.5.0.202011040924/tools/bin/../lib/gcc/arm-none-eabi/9.3.1/thumb/v7e-m+fp/hard\libgcc.a(_udivmoddi4.o)
                0x00000000080001f8                __udivmoddi4
 .text          0x00000000080004bc        0x4 c:/st/stm32cubeide_1.6.1/stm32cubeide/plugins/com.st.stm32cube.ide.mcu.externaltools.gnu-tools-for-stm32.9-2020-q2-update.win32_1.5.0.202011040924/tools/bin/../lib/gcc/arm-none-eabi/9.3.1/thumb/v7e-m+fp/hard\libgcc.a(_dvmd_tls.o)
                0x00000000080004bc                __aeabi_idiv0
                0x00000000080004bc                __aeabi_ldiv0
 *(.text*)
 .text.Procesar_Buffer
                0x00000000080004c0       0x40 src/MiAudio.o
                0x00000000080004c0                Procesar_Buffer
 .text.Copiar_Buffer
                0x0000000008000500       0x88 src/MiAudio.o
                0x0000000008000500                Copiar_Buffer
 .text.ROM2BUFFER
                0x0000000008000588       0x5c src/MiAudio.o
                0x0000000008000588                ROM2BUFFER
 .text.Filtrar_Buffer
                0x00000000080005e4       0xb8 src/MiAudio.o
                0x00000000080005e4                Filtrar_Buffer
 .text.UINT16toFLOAT32
                0x000000000800069c       0x50 src/MiAudio.o
                0x000000000800069c                UINT16toFLOAT32
 .text.FLOAT32toUINT16
                0x00000000080006ec       0x74 src/MiAudio.o
                0x00000000080006ec                FLOAT32toUINT16
 .text.FIRFilter
                0x0000000008000760       0x24 src/MiAudio.o
                0x0000000008000760                FIRFilter
 .text.FIR_Init
                0x0000000008000784       0x54 src/MiAudio.o
                0x0000000008000784                FIR_Init
 .text.BSP_AUDIO_OUT_HalfTransfer_CallBack
                0x00000000080007d8       0x18 src/MiAudio.o
                0x00000000080007d8                BSP_AUDIO_OUT_HalfTransfer_CallBack
 .text.BSP_AUDIO_OUT_TransferComplete_CallBack
                0x00000000080007f0       0x20 src/MiAudio.o
                0x00000000080007f0                BSP_AUDIO_OUT_TransferComplete_CallBack
 .text.BSP_AUDIO_OUT_Error_CallBack
                0x0000000008000810        0x6 src/MiAudio.o
                0x0000000008000810                BSP_AUDIO_OUT_Error_CallBack
 .text.NMI_Handler
                0x0000000008000816        0xe src/MiAudio.o
                0x0000000008000816                NMI_Handler
 .text.HardFault_Handler
                0x0000000008000824        0x6 src/MiAudio.o
                0x0000000008000824                HardFault_Handler
 .text.MemManage_Handler
                0x000000000800082a        0x6 src/MiAudio.o
                0x000000000800082a                MemManage_Handler
 .text.BusFault_Handler
                0x0000000008000830        0x6 src/MiAudio.o
                0x0000000008000830                BusFault_Handler
 .text.UsageFault_Handler
                0x0000000008000836        0x6 src/MiAudio.o
                0x0000000008000836                UsageFault_Handler
 .text.SVC_Handler
                0x000000000800083c        0xe src/MiAudio.o
                0x000000000800083c                SVC_Handler
 .text.DebugMon_Handler
                0x000000000800084a        0xe src/MiAudio.o
                0x000000000800084a                DebugMon_Handler
 .text.PendSV_Handler
                0x0000000008000858        0xe src/MiAudio.o
                0x0000000008000858                PendSV_Handler
 .text.EXTI0_IRQHandler
                0x0000000008000866        0xe src/MiAudio.o
                0x0000000008000866                EXTI0_IRQHandler
 .text.EXTI1_IRQHandler
                0x0000000008000874        0xe src/MiAudio.o
                0x0000000008000874                EXTI1_IRQHandler
 *fill*         0x0000000008000882        0x2 
 .text.DMA1_Stream7_IRQHandler
                0x0000000008000884       0x18 src/MiAudio.o
                0x0000000008000884                DMA1_Stream7_IRQHandler
 .text.DMA1_Stream3_IRQHandler
                0x000000000800089c       0x18 src/MiAudio.o
                0x000000000800089c                DMA1_Stream3_IRQHandler
 .text.TIM4_IRQHandler
                0x00000000080008b4        0xe src/MiAudio.o
                0x00000000080008b4                TIM4_IRQHandler
 .text.OTG_FS_IRQHandler
                0x00000000080008c2        0xe src/MiAudio.o
                0x00000000080008c2                OTG_FS_IRQHandler
 .text.main     0x00000000080008d0      0x194 src/main.o
                0x00000000080008d0                main
 .text.SysTickHook
                0x0000000008000a64      0x170 src/main.o
                0x0000000008000a64                SysTickHook
 .text.Error_Handler
                0x0000000008000bd4       0x18 src/main.o
                0x0000000008000bd4                Error_Handler
 .text.SystemClock_Config
                0x0000000008000bec       0xd4 src/main.o
 .text._sbrk    0x0000000008000cc0       0x58 src/syscalls.o
                0x0000000008000cc0                _sbrk
 .text.SystemInit
                0x0000000008000d18       0x6c src/system_stm32f4xx.o
                0x0000000008000d18                SystemInit
 .text.Reset_Handler
                0x0000000008000d84       0x50 startup/startup_stm32f407xx.o
                0x0000000008000d84                Reset_Handler
 .text.Default_Handler
                0x0000000008000dd4        0x2 startup/startup_stm32f407xx.o
                0x0000000008000dd4                RTC_Alarm_IRQHandler
                0x0000000008000dd4                HASH_RNG_IRQHandler
                0x0000000008000dd4                EXTI2_IRQHandler
                0x0000000008000dd4                TIM8_CC_IRQHandler
                0x0000000008000dd4                TIM1_CC_IRQHandler
                0x0000000008000dd4                DMA2_Stream5_IRQHandler
                0x0000000008000dd4                DMA1_Stream5_IRQHandler
                0x0000000008000dd4                PVD_IRQHandler
                0x0000000008000dd4                SDIO_IRQHandler
                0x0000000008000dd4                TAMP_STAMP_IRQHandler
                0x0000000008000dd4                CAN2_RX1_IRQHandler
                0x0000000008000dd4                EXTI3_IRQHandler
                0x0000000008000dd4                TIM8_TRG_COM_TIM14_IRQHandler
                0x0000000008000dd4                TIM1_UP_TIM10_IRQHandler
                0x0000000008000dd4                TIM8_UP_TIM13_IRQHandler
                0x0000000008000dd4                I2C3_ER_IRQHandler
                0x0000000008000dd4                I2C2_EV_IRQHandler
                0x0000000008000dd4                DMA1_Stream2_IRQHandler
                0x0000000008000dd4                CAN1_RX0_IRQHandler
                0x0000000008000dd4                FPU_IRQHandler
                0x0000000008000dd4                OTG_HS_WKUP_IRQHandler
                0x0000000008000dd4                CAN2_SCE_IRQHandler
                0x0000000008000dd4                DMA2_Stream2_IRQHandler
                0x0000000008000dd4                SPI1_IRQHandler
                0x0000000008000dd4                TIM6_DAC_IRQHandler
                0x0000000008000dd4                TIM1_BRK_TIM9_IRQHandler
                0x0000000008000dd4                DCMI_IRQHandler
                0x0000000008000dd4                CAN2_RX0_IRQHandler
                0x0000000008000dd4                DMA2_Stream3_IRQHandler
                0x0000000008000dd4                USART6_IRQHandler
                0x0000000008000dd4                USART3_IRQHandler
                0x0000000008000dd4                CAN1_RX1_IRQHandler
                0x0000000008000dd4                UART5_IRQHandler
                0x0000000008000dd4                DMA2_Stream0_IRQHandler
                0x0000000008000dd4                I2C1_EV_IRQHandler
                0x0000000008000dd4                DMA1_Stream6_IRQHandler
                0x0000000008000dd4                DMA1_Stream1_IRQHandler
                0x0000000008000dd4                UART4_IRQHandler
                0x0000000008000dd4                TIM3_IRQHandler
                0x0000000008000dd4                RCC_IRQHandler
                0x0000000008000dd4                TIM8_BRK_TIM12_IRQHandler
                0x0000000008000dd4                Default_Handler
                0x0000000008000dd4                EXTI15_10_IRQHandler
                0x0000000008000dd4                ADC_IRQHandler
                0x0000000008000dd4                TIM7_IRQHandler
                0x0000000008000dd4                CAN2_TX_IRQHandler
                0x0000000008000dd4                TIM5_IRQHandler
                0x0000000008000dd4                DMA2_Stream7_IRQHandler
                0x0000000008000dd4                I2C3_EV_IRQHandler
                0x0000000008000dd4                EXTI9_5_IRQHandler
                0x0000000008000dd4                RTC_WKUP_IRQHandler
                0x0000000008000dd4                ETH_WKUP_IRQHandler
                0x0000000008000dd4                SPI2_IRQHandler
                0x0000000008000dd4                OTG_HS_EP1_IN_IRQHandler
                0x0000000008000dd4                DMA1_Stream0_IRQHandler
                0x0000000008000dd4                CAN1_TX_IRQHandler
                0x0000000008000dd4                EXTI4_IRQHandler
                0x0000000008000dd4                FSMC_IRQHandler
                0x0000000008000dd4                ETH_IRQHandler
                0x0000000008000dd4                OTG_HS_EP1_OUT_IRQHandler
                0x0000000008000dd4                WWDG_IRQHandler
                0x0000000008000dd4                TIM2_IRQHandler
                0x0000000008000dd4                OTG_FS_WKUP_IRQHandler
                0x0000000008000dd4                TIM1_TRG_COM_TIM11_IRQHandler
                0x0000000008000dd4                OTG_HS_IRQHandler
                0x0000000008000dd4                USART2_IRQHandler
                0x0000000008000dd4                I2C2_ER_IRQHandler
                0x0000000008000dd4                DMA2_Stream1_IRQHandler
                0x0000000008000dd4                CAN1_SCE_IRQHandler
                0x0000000008000dd4                FLASH_IRQHandler
                0x0000000008000dd4                DMA2_Stream4_IRQHandler
                0x0000000008000dd4                USART1_IRQHandler
                0x0000000008000dd4                SPI3_IRQHandler
                0x0000000008000dd4                DMA1_Stream4_IRQHandler
                0x0000000008000dd4                I2C1_ER_IRQHandler
                0x0000000008000dd4                DMA2_Stream6_IRQHandler
 *fill*         0x0000000008000dd6        0x2 
 .text.HAL_InitTick
                0x0000000008000dd8       0x60 C:\DDCM\stm32f407g-disc1_hal_lib\Debug\libstm32f407g-disc1_hal_lib.a(stm32f4xx_hal.o)
                0x0000000008000dd8                HAL_InitTick
 .text.HAL_IncTick
                0x0000000008000e38       0x28 C:\DDCM\stm32f407g-disc1_hal_lib\Debug\libstm32f407g-disc1_hal_lib.a(stm32f4xx_hal.o)
                0x0000000008000e38                HAL_IncTick
 .text.HAL_GetTick
                0x0000000008000e60       0x18 C:\DDCM\stm32f407g-disc1_hal_lib\Debug\libstm32f407g-disc1_hal_lib.a(stm32f4xx_hal.o)
                0x0000000008000e60                HAL_GetTick
 .text.HAL_Delay
                0x0000000008000e78       0x48 C:\DDCM\stm32f407g-disc1_hal_lib\Debug\libstm32f407g-disc1_hal_lib.a(stm32f4xx_hal.o)
                0x0000000008000e78                HAL_Delay
 .text.HAL_GetREVID
                0x0000000008000ec0       0x18 C:\DDCM\stm32f407g-disc1_hal_lib\Debug\libstm32f407g-disc1_hal_lib.a(stm32f4xx_hal.o)
                0x0000000008000ec0                HAL_GetREVID
 .text.__NVIC_GetPriorityGrouping
                0x0000000008000ed8       0x1c C:\DDCM\stm32f407g-disc1_hal_lib\Debug\libstm32f407g-disc1_hal_lib.a(stm32f4xx_hal_cortex.o)
 .text.__NVIC_EnableIRQ
                0x0000000008000ef4       0x3c C:\DDCM\stm32f407g-disc1_hal_lib\Debug\libstm32f407g-disc1_hal_lib.a(stm32f4xx_hal_cortex.o)
 .text.__NVIC_SetPriority
                0x0000000008000f30       0x54 C:\DDCM\stm32f407g-disc1_hal_lib\Debug\libstm32f407g-disc1_hal_lib.a(stm32f4xx_hal_cortex.o)
 .text.NVIC_EncodePriority
                0x0000000008000f84       0x66 C:\DDCM\stm32f407g-disc1_hal_lib\Debug\libstm32f407g-disc1_hal_lib.a(stm32f4xx_hal_cortex.o)
 *fill*         0x0000000008000fea        0x2 
 .text.SysTick_Config
                0x0000000008000fec       0x44 C:\DDCM\stm32f407g-disc1_hal_lib\Debug\libstm32f407g-disc1_hal_lib.a(stm32f4xx_hal_cortex.o)
 .text.HAL_NVIC_SetPriority
                0x0000000008001030       0x38 C:\DDCM\stm32f407g-disc1_hal_lib\Debug\libstm32f407g-disc1_hal_lib.a(stm32f4xx_hal_cortex.o)
                0x0000000008001030                HAL_NVIC_SetPriority
 .text.HAL_NVIC_EnableIRQ
                0x0000000008001068       0x1c C:\DDCM\stm32f407g-disc1_hal_lib\Debug\libstm32f407g-disc1_hal_lib.a(stm32f4xx_hal_cortex.o)
                0x0000000008001068                HAL_NVIC_EnableIRQ
 .text.HAL_SYSTICK_Config
                0x0000000008001084       0x18 C:\DDCM\stm32f407g-disc1_hal_lib\Debug\libstm32f407g-disc1_hal_lib.a(stm32f4xx_hal_cortex.o)
                0x0000000008001084                HAL_SYSTICK_Config
 .text.HAL_DMA_Init
                0x000000000800109c      0x15c C:\DDCM\stm32f407g-disc1_hal_lib\Debug\libstm32f407g-disc1_hal_lib.a(stm32f4xx_hal_dma.o)
                0x000000000800109c                HAL_DMA_Init
 .text.HAL_DMA_DeInit
                0x00000000080011f8       0xbc C:\DDCM\stm32f407g-disc1_hal_lib\Debug\libstm32f407g-disc1_hal_lib.a(stm32f4xx_hal_dma.o)
                0x00000000080011f8                HAL_DMA_DeInit
 .text.HAL_DMA_Start_IT
                0x00000000080012b4       0xc0 C:\DDCM\stm32f407g-disc1_hal_lib\Debug\libstm32f407g-disc1_hal_lib.a(stm32f4xx_hal_dma.o)
                0x00000000080012b4                HAL_DMA_Start_IT
 .text.HAL_DMA_Abort
                0x0000000008001374       0xe0 C:\DDCM\stm32f407g-disc1_hal_lib\Debug\libstm32f407g-disc1_hal_lib.a(stm32f4xx_hal_dma.o)
                0x0000000008001374                HAL_DMA_Abort
 .text.HAL_DMA_IRQHandler
                0x0000000008001454      0x314 C:\DDCM\stm32f407g-disc1_hal_lib\Debug\libstm32f407g-disc1_hal_lib.a(stm32f4xx_hal_dma.o)
                0x0000000008001454                HAL_DMA_IRQHandler
 .text.DMA_SetConfig
                0x0000000008001768       0x5c C:\DDCM\stm32f407g-disc1_hal_lib\Debug\libstm32f407g-disc1_hal_lib.a(stm32f4xx_hal_dma.o)
 .text.DMA_CalcBaseAndBitshift
                0x00000000080017c4       0x6c C:\DDCM\stm32f407g-disc1_hal_lib\Debug\libstm32f407g-disc1_hal_lib.a(stm32f4xx_hal_dma.o)
 .text.DMA_CheckFifoParam
                0x0000000008001830       0xf8 C:\DDCM\stm32f407g-disc1_hal_lib\Debug\libstm32f407g-disc1_hal_lib.a(stm32f4xx_hal_dma.o)
 .text.HAL_GPIO_Init
                0x0000000008001928      0x338 C:\DDCM\stm32f407g-disc1_hal_lib\Debug\libstm32f407g-disc1_hal_lib.a(stm32f4xx_hal_gpio.o)
                0x0000000008001928                HAL_GPIO_Init
 .text.HAL_GPIO_ReadPin
                0x0000000008001c60       0x30 C:\DDCM\stm32f407g-disc1_hal_lib\Debug\libstm32f407g-disc1_hal_lib.a(stm32f4xx_hal_gpio.o)
                0x0000000008001c60                HAL_GPIO_ReadPin
 .text.HAL_GPIO_WritePin
                0x0000000008001c90       0x32 C:\DDCM\stm32f407g-disc1_hal_lib\Debug\libstm32f407g-disc1_hal_lib.a(stm32f4xx_hal_gpio.o)
                0x0000000008001c90                HAL_GPIO_WritePin
 *fill*         0x0000000008001cc2        0x2 
 .text.HAL_GPIO_EXTI_IRQHandler
                0x0000000008001cc4       0x30 C:\DDCM\stm32f407g-disc1_hal_lib\Debug\libstm32f407g-disc1_hal_lib.a(stm32f4xx_hal_gpio.o)
                0x0000000008001cc4                HAL_GPIO_EXTI_IRQHandler
 .text.HAL_GPIO_EXTI_Callback
                0x0000000008001cf4       0x16 C:\DDCM\stm32f407g-disc1_hal_lib\Debug\libstm32f407g-disc1_hal_lib.a(stm32f4xx_hal_gpio.o)
                0x0000000008001cf4                HAL_GPIO_EXTI_Callback
 *fill*         0x0000000008001d0a        0x2 
 .text.HAL_RCC_OscConfig
                0x0000000008001d0c      0x484 C:\DDCM\stm32f407g-disc1_hal_lib\Debug\libstm32f407g-disc1_hal_lib.a(stm32f4xx_hal_rcc.o)
                0x0000000008001d0c                HAL_RCC_OscConfig
 .text.HAL_RCC_ClockConfig
                0x0000000008002190      0x1c4 C:\DDCM\stm32f407g-disc1_hal_lib\Debug\libstm32f407g-disc1_hal_lib.a(stm32f4xx_hal_rcc.o)
                0x0000000008002190                HAL_RCC_ClockConfig
 .text.HAL_RCC_GetSysClockFreq
                0x0000000008002354      0x1c4 C:\DDCM\stm32f407g-disc1_hal_lib\Debug\libstm32f407g-disc1_hal_lib.a(stm32f4xx_hal_rcc.o)
                0x0000000008002354                HAL_RCC_GetSysClockFreq
 .text.HAL_RCC_GetHCLKFreq
                0x0000000008002518       0x18 C:\DDCM\stm32f407g-disc1_hal_lib\Debug\libstm32f407g-disc1_hal_lib.a(stm32f4xx_hal_rcc.o)
                0x0000000008002518                HAL_RCC_GetHCLKFreq
 .text.HAL_RCC_GetPCLK1Freq
                0x0000000008002530       0x28 C:\DDCM\stm32f407g-disc1_hal_lib\Debug\libstm32f407g-disc1_hal_lib.a(stm32f4xx_hal_rcc.o)
                0x0000000008002530                HAL_RCC_GetPCLK1Freq
 .text.BSP_AUDIO_OUT_Init
                0x0000000008002558       0x9c C:\DDCM\stm32f407g-disc1_hal_lib\Debug\libstm32f407g-disc1_hal_lib.a(stm32f4_discovery_audio.o)
                0x0000000008002558                BSP_AUDIO_OUT_Init
 .text.BSP_AUDIO_OUT_Play
                0x00000000080025f4       0x54 C:\DDCM\stm32f407g-disc1_hal_lib\Debug\libstm32f407g-disc1_hal_lib.a(stm32f4_discovery_audio.o)
                0x00000000080025f4                BSP_AUDIO_OUT_Play
 .text.BSP_AUDIO_OUT_ChangeBuffer
                0x0000000008002648       0x24 C:\DDCM\stm32f407g-disc1_hal_lib\Debug\libstm32f407g-disc1_hal_lib.a(stm32f4_discovery_audio.o)
                0x0000000008002648                BSP_AUDIO_OUT_ChangeBuffer
 .text.BSP_AUDIO_OUT_Stop
                0x000000000800266c       0x50 C:\DDCM\stm32f407g-disc1_hal_lib\Debug\libstm32f407g-disc1_hal_lib.a(stm32f4_discovery_audio.o)
                0x000000000800266c                BSP_AUDIO_OUT_Stop
 .text.HAL_I2S_TxCpltCallback
                0x00000000080026bc       0x24 C:\DDCM\stm32f407g-disc1_hal_lib\Debug\libstm32f407g-disc1_hal_lib.a(stm32f4_discovery_audio.o)
                0x00000000080026bc                HAL_I2S_TxCpltCallback
 .text.HAL_I2S_TxHalfCpltCallback
                0x00000000080026e0       0x24 C:\DDCM\stm32f407g-disc1_hal_lib\Debug\libstm32f407g-disc1_hal_lib.a(stm32f4_discovery_audio.o)
                0x00000000080026e0                HAL_I2S_TxHalfCpltCallback
 .text.BSP_AUDIO_OUT_ClockConfig
                0x0000000008002704       0xb4 C:\DDCM\stm32f407g-disc1_hal_lib\Debug\libstm32f407g-disc1_hal_lib.a(stm32f4_discovery_audio.o)
                0x0000000008002704                BSP_AUDIO_OUT_ClockConfig
 .text.BSP_AUDIO_OUT_MspInit
                0x00000000080027b8      0x180 C:\DDCM\stm32f407g-disc1_hal_lib\Debug\libstm32f407g-disc1_hal_lib.a(stm32f4_discovery_audio.o)
                0x00000000080027b8                BSP_AUDIO_OUT_MspInit
 .text.I2S3_Init
                0x0000000008002938       0x70 C:\DDCM\stm32f407g-disc1_hal_lib\Debug\libstm32f407g-disc1_hal_lib.a(stm32f4_discovery_audio.o)
 .text.HAL_I2S_RxCpltCallback
                0x00000000080029a8       0x14 C:\DDCM\stm32f407g-disc1_hal_lib\Debug\libstm32f407g-disc1_hal_lib.a(stm32f4_discovery_audio.o)
                0x00000000080029a8                HAL_I2S_RxCpltCallback
 .text.BSP_AUDIO_IN_TransferComplete_CallBack
                0x00000000080029bc        0xe C:\DDCM\stm32f407g-disc1_hal_lib\Debug\libstm32f407g-disc1_hal_lib.a(stm32f4_discovery_audio.o)
                0x00000000080029bc                BSP_AUDIO_IN_TransferComplete_CallBack
 .text.BSP_AUDIO_IN_Error_Callback
                0x00000000080029ca        0xe C:\DDCM\stm32f407g-disc1_hal_lib\Debug\libstm32f407g-disc1_hal_lib.a(stm32f4_discovery_audio.o)
                0x00000000080029ca                BSP_AUDIO_IN_Error_Callback
 .text.HAL_I2S_ErrorCallback
                0x00000000080029d8       0x34 C:\DDCM\stm32f407g-disc1_hal_lib\Debug\libstm32f407g-disc1_hal_lib.a(stm32f4_discovery_audio.o)
                0x00000000080029d8                HAL_I2S_ErrorCallback
 .text.HAL_I2S_Init
                0x0000000008002a0c      0x280 C:\DDCM\stm32f407g-disc1_hal_lib\Debug\libstm32f407g-disc1_hal_lib.a(stm32f4xx_hal_i2s.o)
                0x0000000008002a0c                HAL_I2S_Init
 .text.HAL_I2S_MspInit
                0x0000000008002c8c       0x14 C:\DDCM\stm32f407g-disc1_hal_lib\Debug\libstm32f407g-disc1_hal_lib.a(stm32f4xx_hal_i2s.o)
                0x0000000008002c8c                HAL_I2S_MspInit
 .text.HAL_I2S_Transmit_DMA
                0x0000000008002ca0      0x150 C:\DDCM\stm32f407g-disc1_hal_lib\Debug\libstm32f407g-disc1_hal_lib.a(stm32f4xx_hal_i2s.o)
                0x0000000008002ca0                HAL_I2S_Transmit_DMA
 .text.HAL_I2S_DMAStop
                0x0000000008002df0      0x138 C:\DDCM\stm32f407g-disc1_hal_lib\Debug\libstm32f407g-disc1_hal_lib.a(stm32f4xx_hal_i2s.o)
                0x0000000008002df0                HAL_I2S_DMAStop
 .text.HAL_I2S_GetState
                0x0000000008002f28       0x1c C:\DDCM\stm32f407g-disc1_hal_lib\Debug\libstm32f407g-disc1_hal_lib.a(stm32f4xx_hal_i2s.o)
                0x0000000008002f28                HAL_I2S_GetState
 .text.I2S_DMATxCplt
                0x0000000008002f44       0x42 C:\DDCM\stm32f407g-disc1_hal_lib\Debug\libstm32f407g-disc1_hal_lib.a(stm32f4xx_hal_i2s.o)
 .text.I2S_DMATxHalfCplt
                0x0000000008002f86       0x1c C:\DDCM\stm32f407g-disc1_hal_lib\Debug\libstm32f407g-disc1_hal_lib.a(stm32f4xx_hal_i2s.o)
 .text.I2S_DMAError
                0x0000000008002fa2       0x4c C:\DDCM\stm32f407g-disc1_hal_lib\Debug\libstm32f407g-disc1_hal_lib.a(stm32f4xx_hal_i2s.o)
 .text.I2S_Transmit_IT
                0x0000000008002fee       0x5c C:\DDCM\stm32f407g-disc1_hal_lib\Debug\libstm32f407g-disc1_hal_lib.a(stm32f4xx_hal_i2s.o)
 .text.I2S_Receive_IT
                0x000000000800304a       0x5e C:\DDCM\stm32f407g-disc1_hal_lib\Debug\libstm32f407g-disc1_hal_lib.a(stm32f4xx_hal_i2s.o)
 .text.I2S_IRQHandler
                0x00000000080030a8      0x114 C:\DDCM\stm32f407g-disc1_hal_lib\Debug\libstm32f407g-disc1_hal_lib.a(stm32f4xx_hal_i2s.o)
 .text.HAL_I2SEx_FullDuplex_IRQHandler
                0x00000000080031bc      0x2a8 C:\DDCM\stm32f407g-disc1_hal_lib\Debug\libstm32f407g-disc1_hal_lib.a(stm32f4xx_hal_i2s_ex.o)
                0x00000000080031bc                HAL_I2SEx_FullDuplex_IRQHandler
 .text.HAL_I2SEx_TxRxCpltCallback
                0x0000000008003464       0x14 C:\DDCM\stm32f407g-disc1_hal_lib\Debug\libstm32f407g-disc1_hal_lib.a(stm32f4xx_hal_i2s_ex.o)
                0x0000000008003464                HAL_I2SEx_TxRxCpltCallback
 .text.I2SEx_TxISR_I2S
                0x0000000008003478       0x62 C:\DDCM\stm32f407g-disc1_hal_lib\Debug\libstm32f407g-disc1_hal_lib.a(stm32f4xx_hal_i2s_ex.o)
 *fill*         0x00000000080034da        0x2 
 .text.I2SEx_TxISR_I2SExt
                0x00000000080034dc       0x98 C:\DDCM\stm32f407g-disc1_hal_lib\Debug\libstm32f407g-disc1_hal_lib.a(stm32f4xx_hal_i2s_ex.o)
 .text.I2SEx_RxISR_I2S
                0x0000000008003574       0x64 C:\DDCM\stm32f407g-disc1_hal_lib\Debug\libstm32f407g-disc1_hal_lib.a(stm32f4xx_hal_i2s_ex.o)
 .text.I2SEx_RxISR_I2SExt
                0x00000000080035d8       0x98 C:\DDCM\stm32f407g-disc1_hal_lib\Debug\libstm32f407g-disc1_hal_lib.a(stm32f4xx_hal_i2s_ex.o)
 .text.HAL_RCCEx_PeriphCLKConfig
                0x0000000008003670      0x1c4 C:\DDCM\stm32f407g-disc1_hal_lib\Debug\libstm32f407g-disc1_hal_lib.a(stm32f4xx_hal_rcc_ex.o)
                0x0000000008003670                HAL_RCCEx_PeriphCLKConfig
 .text.HAL_RCCEx_GetPeriphCLKConfig
                0x0000000008003834       0x58 C:\DDCM\stm32f407g-disc1_hal_lib\Debug\libstm32f407g-disc1_hal_lib.a(stm32f4xx_hal_rcc_ex.o)
                0x0000000008003834                HAL_RCCEx_GetPeriphCLKConfig
 .text.HAL_RCCEx_GetPeriphCLKFreq
                0x000000000800388c       0xbc C:\DDCM\stm32f407g-disc1_hal_lib\Debug\libstm32f407g-disc1_hal_lib.a(stm32f4xx_hal_rcc_ex.o)
                0x000000000800388c                HAL_RCCEx_GetPeriphCLKFreq
 .text.cs43l22_Init
                0x0000000008003948      0x1c8 C:\DDCM\stm32f407g-disc1_hal_lib\Debug\libstm32f407g-disc1_hal_lib.a(cs43l22.o)
                0x0000000008003948                cs43l22_Init
 .text.cs43l22_DeInit
                0x0000000008003b10        0xc C:\DDCM\stm32f407g-disc1_hal_lib\Debug\libstm32f407g-disc1_hal_lib.a(cs43l22.o)
                0x0000000008003b10                cs43l22_DeInit
 .text.cs43l22_ReadID
                0x0000000008003b1c       0x30 C:\DDCM\stm32f407g-disc1_hal_lib\Debug\libstm32f407g-disc1_hal_lib.a(cs43l22.o)
                0x0000000008003b1c                cs43l22_ReadID
 .text.cs43l22_Play
                0x0000000008003b4c       0x74 C:\DDCM\stm32f407g-disc1_hal_lib\Debug\libstm32f407g-disc1_hal_lib.a(cs43l22.o)
                0x0000000008003b4c                cs43l22_Play
 .text.cs43l22_Pause
                0x0000000008003bc0       0x42 C:\DDCM\stm32f407g-disc1_hal_lib\Debug\libstm32f407g-disc1_hal_lib.a(cs43l22.o)
                0x0000000008003bc0                cs43l22_Pause
 *fill*         0x0000000008003c02        0x2 
 .text.cs43l22_Resume
                0x0000000008003c04       0x78 C:\DDCM\stm32f407g-disc1_hal_lib\Debug\libstm32f407g-disc1_hal_lib.a(cs43l22.o)
                0x0000000008003c04                cs43l22_Resume
 .text.cs43l22_Stop
                0x0000000008003c7c       0x68 C:\DDCM\stm32f407g-disc1_hal_lib\Debug\libstm32f407g-disc1_hal_lib.a(cs43l22.o)
                0x0000000008003c7c                cs43l22_Stop
 .text.cs43l22_SetVolume
                0x0000000008003ce4       0xbc C:\DDCM\stm32f407g-disc1_hal_lib\Debug\libstm32f407g-disc1_hal_lib.a(cs43l22.o)
                0x0000000008003ce4                cs43l22_SetVolume
 .text.cs43l22_SetFrequency
                0x0000000008003da0       0x1a C:\DDCM\stm32f407g-disc1_hal_lib\Debug\libstm32f407g-disc1_hal_lib.a(cs43l22.o)
                0x0000000008003da0                cs43l22_SetFrequency
 *fill*         0x0000000008003dba        0x2 
 .text.cs43l22_SetMute
                0x0000000008003dbc       0xbc C:\DDCM\stm32f407g-disc1_hal_lib\Debug\libstm32f407g-disc1_hal_lib.a(cs43l22.o)
                0x0000000008003dbc                cs43l22_SetMute
 .text.cs43l22_SetOutputMode
                0x0000000008003e78       0xe4 C:\DDCM\stm32f407g-disc1_hal_lib\Debug\libstm32f407g-disc1_hal_lib.a(cs43l22.o)
                0x0000000008003e78                cs43l22_SetOutputMode
 .text.cs43l22_Reset
                0x0000000008003f5c       0x18 C:\DDCM\stm32f407g-disc1_hal_lib\Debug\libstm32f407g-disc1_hal_lib.a(cs43l22.o)
                0x0000000008003f5c                cs43l22_Reset
 .text.CODEC_IO_Write
                0x0000000008003f74       0x2e C:\DDCM\stm32f407g-disc1_hal_lib\Debug\libstm32f407g-disc1_hal_lib.a(cs43l22.o)
 *fill*         0x0000000008003fa2        0x2 
 .text.I2Cx_Init
                0x0000000008003fa4       0x4c C:\DDCM\stm32f407g-disc1_hal_lib\Debug\libstm32f407g-disc1_hal_lib.a(stm32f4_discovery.o)
 .text.I2Cx_WriteData
                0x0000000008003ff0       0x58 C:\DDCM\stm32f407g-disc1_hal_lib\Debug\libstm32f407g-disc1_hal_lib.a(stm32f4_discovery.o)
 .text.I2Cx_ReadData
                0x0000000008004048       0x5c C:\DDCM\stm32f407g-disc1_hal_lib\Debug\libstm32f407g-disc1_hal_lib.a(stm32f4_discovery.o)
 .text.I2Cx_Error
                0x00000000080040a4       0x20 C:\DDCM\stm32f407g-disc1_hal_lib\Debug\libstm32f407g-disc1_hal_lib.a(stm32f4_discovery.o)
 .text.I2Cx_MspInit
                0x00000000080040c4       0xa8 C:\DDCM\stm32f407g-disc1_hal_lib\Debug\libstm32f407g-disc1_hal_lib.a(stm32f4_discovery.o)
 .text.AUDIO_IO_Init
                0x000000000800416c       0x70 C:\DDCM\stm32f407g-disc1_hal_lib\Debug\libstm32f407g-disc1_hal_lib.a(stm32f4_discovery.o)
                0x000000000800416c                AUDIO_IO_Init
 .text.AUDIO_IO_DeInit
                0x00000000080041dc        0xe C:\DDCM\stm32f407g-disc1_hal_lib\Debug\libstm32f407g-disc1_hal_lib.a(stm32f4_discovery.o)
                0x00000000080041dc                AUDIO_IO_DeInit
 .text.AUDIO_IO_Write
                0x00000000080041ea       0x26 C:\DDCM\stm32f407g-disc1_hal_lib\Debug\libstm32f407g-disc1_hal_lib.a(stm32f4_discovery.o)
                0x00000000080041ea                AUDIO_IO_Write
 .text.AUDIO_IO_Read
                0x0000000008004210       0x26 C:\DDCM\stm32f407g-disc1_hal_lib\Debug\libstm32f407g-disc1_hal_lib.a(stm32f4_discovery.o)
                0x0000000008004210                AUDIO_IO_Read
 *fill*         0x0000000008004236        0x2 
 .text.HAL_I2C_Init
                0x0000000008004238      0x268 C:\DDCM\stm32f407g-disc1_hal_lib\Debug\libstm32f407g-disc1_hal_lib.a(stm32f4xx_hal_i2c.o)
                0x0000000008004238                HAL_I2C_Init
 .text.HAL_I2C_DeInit
                0x00000000080044a0       0x5e C:\DDCM\stm32f407g-disc1_hal_lib\Debug\libstm32f407g-disc1_hal_lib.a(stm32f4xx_hal_i2c.o)
                0x00000000080044a0                HAL_I2C_DeInit
 .text.HAL_I2C_MspInit
                0x00000000080044fe       0x14 C:\DDCM\stm32f407g-disc1_hal_lib\Debug\libstm32f407g-disc1_hal_lib.a(stm32f4xx_hal_i2c.o)
                0x00000000080044fe                HAL_I2C_MspInit
 .text.HAL_I2C_MspDeInit
                0x0000000008004512       0x14 C:\DDCM\stm32f407g-disc1_hal_lib\Debug\libstm32f407g-disc1_hal_lib.a(stm32f4xx_hal_i2c.o)
                0x0000000008004512                HAL_I2C_MspDeInit
 *fill*         0x0000000008004526        0x2 
 .text.HAL_I2C_Mem_Write
                0x0000000008004528      0x1f4 C:\DDCM\stm32f407g-disc1_hal_lib\Debug\libstm32f407g-disc1_hal_lib.a(stm32f4xx_hal_i2c.o)
                0x0000000008004528                HAL_I2C_Mem_Write
 .text.HAL_I2C_Mem_Read
                0x000000000800471c      0x44c C:\DDCM\stm32f407g-disc1_hal_lib\Debug\libstm32f407g-disc1_hal_lib.a(stm32f4xx_hal_i2c.o)
                0x000000000800471c                HAL_I2C_Mem_Read
 .text.HAL_I2C_GetState
                0x0000000008004b68       0x1c C:\DDCM\stm32f407g-disc1_hal_lib\Debug\libstm32f407g-disc1_hal_lib.a(stm32f4xx_hal_i2c.o)
                0x0000000008004b68                HAL_I2C_GetState
 .text.I2C_RequestMemoryWrite
                0x0000000008004b84      0x114 C:\DDCM\stm32f407g-disc1_hal_lib\Debug\libstm32f407g-disc1_hal_lib.a(stm32f4xx_hal_i2c.o)
 .text.I2C_RequestMemoryRead
                0x0000000008004c98      0x1a0 C:\DDCM\stm32f407g-disc1_hal_lib\Debug\libstm32f407g-disc1_hal_lib.a(stm32f4xx_hal_i2c.o)
 .text.I2C_WaitOnFlagUntilTimeout
                0x0000000008004e38       0xae C:\DDCM\stm32f407g-disc1_hal_lib\Debug\libstm32f407g-disc1_hal_lib.a(stm32f4xx_hal_i2c.o)
 .text.I2C_WaitOnMasterAddressFlagUntilTimeout
                0x0000000008004ee6       0xfe C:\DDCM\stm32f407g-disc1_hal_lib\Debug\libstm32f407g-disc1_hal_lib.a(stm32f4xx_hal_i2c.o)
 .text.I2C_WaitOnTXEFlagUntilTimeout
                0x0000000008004fe4       0x82 C:\DDCM\stm32f407g-disc1_hal_lib\Debug\libstm32f407g-disc1_hal_lib.a(stm32f4xx_hal_i2c.o)
 .text.I2C_WaitOnBTFFlagUntilTimeout
                0x0000000008005066       0x82 C:\DDCM\stm32f407g-disc1_hal_lib\Debug\libstm32f407g-disc1_hal_lib.a(stm32f4xx_hal_i2c.o)
 .text.I2C_WaitOnRXNEFlagUntilTimeout
                0x00000000080050e8       0xac C:\DDCM\stm32f407g-disc1_hal_lib\Debug\libstm32f407g-disc1_hal_lib.a(stm32f4xx_hal_i2c.o)
 .text.I2C_IsAcknowledgeFailed
                0x0000000008005194       0x5e C:\DDCM\stm32f407g-disc1_hal_lib\Debug\libstm32f407g-disc1_hal_lib.a(stm32f4xx_hal_i2c.o)
 *fill*         0x00000000080051f2        0x2 
 .text.arm_fir_init_f32
                0x00000000080051f4       0x24 C:\DDCM\5-AudioDSP\LibDsp\GCC\libarm_cortexM4lf_math.a(arm_fir_init_f32.o)
                0x00000000080051f4                arm_fir_init_f32
 .text.arm_fir_f32
                0x0000000008005218      0x4c8 C:\DDCM\5-AudioDSP\LibDsp\GCC\libarm_cortexM4lf_math.a(arm_fir_f32.o)
                0x0000000008005218                arm_fir_f32
 .text.In_Init  0x00000000080056e0       0x2e C:\DDCM\LIB_MSE-SE\Debug\libLIB_MSE-SE.a(Entradas.o)
                0x00000000080056e0                In_Init
 .text.Out_Init
                0x000000000800570e       0x2e C:\DDCM\LIB_MSE-SE\Debug\libLIB_MSE-SE.a(Salidas.o)
                0x000000000800570e                Out_Init
 .text.__NVIC_SetPriority
                0x000000000800573c       0x54 C:\DDCM\LIB_MSE-SE\Debug\libLIB_MSE-SE.a(SysTick.o)
 .text.SysTick_Config
                0x0000000008005790       0x44 C:\DDCM\LIB_MSE-SE\Debug\libLIB_MSE-SE.a(SysTick.o)
 .text.SysTick_Handler
                0x00000000080057d4       0x10 C:\DDCM\LIB_MSE-SE\Debug\libLIB_MSE-SE.a(SysTick.o)
                0x00000000080057d4                SysTick_Handler
 .text.SysTick_Init
                0x00000000080057e4       0x28 C:\DDCM\LIB_MSE-SE\Debug\libLIB_MSE-SE.a(SysTick.o)
                0x00000000080057e4                SysTick_Init
 .text.__errno  0x000000000800580c        0xc c:/st/stm32cubeide_1.6.1/stm32cubeide/plugins/com.st.stm32cube.ide.mcu.externaltools.gnu-tools-for-stm32.9-2020-q2-update.win32_1.5.0.202011040924/tools/bin/../lib/gcc/arm-none-eabi/9.3.1/../../../../arm-none-eabi/lib/thumb/v7e-m+fp/hard\libc_nano.a(lib_a-errno.o)
                0x000000000800580c                __errno
 .text.__libc_init_array
                0x0000000008005818       0x48 c:/st/stm32cubeide_1.6.1/stm32cubeide/plugins/com.st.stm32cube.ide.mcu.externaltools.gnu-tools-for-stm32.9-2020-q2-update.win32_1.5.0.202011040924/tools/bin/../lib/gcc/arm-none-eabi/9.3.1/../../../../arm-none-eabi/lib/thumb/v7e-m+fp/hard\libc_nano.a(lib_a-init.o)
                0x0000000008005818                __libc_init_array
 .text.malloc   0x0000000008005860       0x10 c:/st/stm32cubeide_1.6.1/stm32cubeide/plugins/com.st.stm32cube.ide.mcu.externaltools.gnu-tools-for-stm32.9-2020-q2-update.win32_1.5.0.202011040924/tools/bin/../lib/gcc/arm-none-eabi/9.3.1/../../../../arm-none-eabi/lib/thumb/v7e-m+fp/hard\libc_nano.a(lib_a-malloc.o)
                0x0000000008005860                malloc
 .text.memset   0x0000000008005870       0x10 c:/st/stm32cubeide_1.6.1/stm32cubeide/plugins/com.st.stm32cube.ide.mcu.externaltools.gnu-tools-for-stm32.9-2020-q2-update.win32_1.5.0.202011040924/tools/bin/../lib/gcc/arm-none-eabi/9.3.1/../../../../arm-none-eabi/lib/thumb/v7e-m+fp/hard\libc_nano.a(lib_a-memset.o)
                0x0000000008005870                memset
 .text._malloc_r
                0x0000000008005880       0xb4 c:/st/stm32cubeide_1.6.1/stm32cubeide/plugins/com.st.stm32cube.ide.mcu.externaltools.gnu-tools-for-stm32.9-2020-q2-update.win32_1.5.0.202011040924/tools/bin/../lib/gcc/arm-none-eabi/9.3.1/../../../../arm-none-eabi/lib/thumb/v7e-m+fp/hard\libc_nano.a(lib_a-nano-mallocr.o)
                0x0000000008005880                _malloc_r
 .text._sbrk_r  0x0000000008005934       0x20 c:/st/stm32cubeide_1.6.1/stm32cubeide/plugins/com.st.stm32cube.ide.mcu.externaltools.gnu-tools-for-stm32.9-2020-q2-update.win32_1.5.0.202011040924/tools/bin/../lib/gcc/arm-none-eabi/9.3.1/../../../../arm-none-eabi/lib/thumb/v7e-m+fp/hard\libc_nano.a(lib_a-sbrkr.o)
                0x0000000008005934                _sbrk_r
 .text.__malloc_lock
                0x0000000008005954        0xc c:/st/stm32cubeide_1.6.1/stm32cubeide/plugins/com.st.stm32cube.ide.mcu.externaltools.gnu-tools-for-stm32.9-2020-q2-update.win32_1.5.0.202011040924/tools/bin/../lib/gcc/arm-none-eabi/9.3.1/../../../../arm-none-eabi/lib/thumb/v7e-m+fp/hard\libc_nano.a(lib_a-mlock.o)
                0x0000000008005954                __malloc_lock
 .text.__malloc_unlock
                0x0000000008005960        0xc c:/st/stm32cubeide_1.6.1/stm32cubeide/plugins/com.st.stm32cube.ide.mcu.externaltools.gnu-tools-for-stm32.9-2020-q2-update.win32_1.5.0.202011040924/tools/bin/../lib/gcc/arm-none-eabi/9.3.1/../../../../arm-none-eabi/lib/thumb/v7e-m+fp/hard\libc_nano.a(lib_a-mlock.o)
                0x0000000008005960                __malloc_unlock
 .text.__retarget_lock_acquire_recursive
                0x000000000800596c        0x2 c:/st/stm32cubeide_1.6.1/stm32cubeide/plugins/com.st.stm32cube.ide.mcu.externaltools.gnu-tools-for-stm32.9-2020-q2-update.win32_1.5.0.202011040924/tools/bin/../lib/gcc/arm-none-eabi/9.3.1/../../../../arm-none-eabi/lib/thumb/v7e-m+fp/hard\libc_nano.a(lib_a-lock.o)
                0x000000000800596c                __retarget_lock_acquire_recursive
 .text.__retarget_lock_release_recursive
                0x000000000800596e        0x2 c:/st/stm32cubeide_1.6.1/stm32cubeide/plugins/com.st.stm32cube.ide.mcu.externaltools.gnu-tools-for-stm32.9-2020-q2-update.win32_1.5.0.202011040924/tools/bin/../lib/gcc/arm-none-eabi/9.3.1/../../../../arm-none-eabi/lib/thumb/v7e-m+fp/hard\libc_nano.a(lib_a-lock.o)
                0x000000000800596e                __retarget_lock_release_recursive
 *(.rodata)
 .rodata        0x0000000008005970       0x40 src/MiAudio.o
 .rodata        0x00000000080059b0     0xac44 src/main.o
                0x00000000080059b0                Audio_File
 .rodata        0x00000000080105f4       0x18 src/system_stm32f4xx.o
                0x00000000080105f4                AHBPrescTable
                0x0000000008010604                APBPrescTable
 .rodata        0x000000000801060c        0x8 C:\DDCM\stm32f407g-disc1_hal_lib\Debug\libstm32f407g-disc1_hal_lib.a(stm32f4xx_hal_dma.o)
 .rodata        0x0000000008010614       0x60 C:\DDCM\stm32f407g-disc1_hal_lib\Debug\libstm32f407g-disc1_hal_lib.a(stm32f4_discovery_audio.o)
                0x0000000008010614                I2SFreq
                0x0000000008010634                I2SPLLN
                0x0000000008010654                I2SPLLR
 *(.rodata*)
 *(.glue_7)
 .glue_7        0x0000000008010674        0x0 linker stubs
 *(.glue_7t)
 .glue_7t       0x0000000008010674        0x0 linker stubs
 *(.eh_frame)
 .eh_frame      0x0000000008010674        0x0 c:/st/stm32cubeide_1.6.1/stm32cubeide/plugins/com.st.stm32cube.ide.mcu.externaltools.gnu-tools-for-stm32.9-2020-q2-update.win32_1.5.0.202011040924/tools/bin/../lib/gcc/arm-none-eabi/9.3.1/thumb/v7e-m+fp/hard/crtbegin.o
 *(.init)
 .init          0x0000000008010674        0x4 c:/st/stm32cubeide_1.6.1/stm32cubeide/plugins/com.st.stm32cube.ide.mcu.externaltools.gnu-tools-for-stm32.9-2020-q2-update.win32_1.5.0.202011040924/tools/bin/../lib/gcc/arm-none-eabi/9.3.1/thumb/v7e-m+fp/hard/crti.o
                0x0000000008010674                _init
 .init          0x0000000008010678        0x8 c:/st/stm32cubeide_1.6.1/stm32cubeide/plugins/com.st.stm32cube.ide.mcu.externaltools.gnu-tools-for-stm32.9-2020-q2-update.win32_1.5.0.202011040924/tools/bin/../lib/gcc/arm-none-eabi/9.3.1/thumb/v7e-m+fp/hard/crtn.o
 *(.fini)
 .fini          0x0000000008010680        0x4 c:/st/stm32cubeide_1.6.1/stm32cubeide/plugins/com.st.stm32cube.ide.mcu.externaltools.gnu-tools-for-stm32.9-2020-q2-update.win32_1.5.0.202011040924/tools/bin/../lib/gcc/arm-none-eabi/9.3.1/thumb/v7e-m+fp/hard/crti.o
                0x0000000008010680                _fini
 .fini          0x0000000008010684        0x8 c:/st/stm32cubeide_1.6.1/stm32cubeide/plugins/com.st.stm32cube.ide.mcu.externaltools.gnu-tools-for-stm32.9-2020-q2-update.win32_1.5.0.202011040924/tools/bin/../lib/gcc/arm-none-eabi/9.3.1/thumb/v7e-m+fp/hard/crtn.o
                0x000000000801068c                . = ALIGN (0x4)
                0x000000000801068c                _etext = .

.vfp11_veneer   0x000000000801068c        0x0
 .vfp11_veneer  0x000000000801068c        0x0 linker stubs

.v4_bx          0x000000000801068c        0x0
 .v4_bx         0x000000000801068c        0x0 linker stubs

.iplt           0x000000000801068c        0x0
 .iplt          0x000000000801068c        0x0 c:/st/stm32cubeide_1.6.1/stm32cubeide/plugins/com.st.stm32cube.ide.mcu.externaltools.gnu-tools-for-stm32.9-2020-q2-update.win32_1.5.0.202011040924/tools/bin/../lib/gcc/arm-none-eabi/9.3.1/thumb/v7e-m+fp/hard/crtbegin.o

.ARM.extab
 *(.ARM.extab* .gnu.linkonce.armextab.*)

.ARM            0x000000000801068c        0x8
                0x000000000801068c                __exidx_start = .
 *(.ARM.exidx*)
 .ARM.exidx     0x000000000801068c        0x8 c:/st/stm32cubeide_1.6.1/stm32cubeide/plugins/com.st.stm32cube.ide.mcu.externaltools.gnu-tools-for-stm32.9-2020-q2-update.win32_1.5.0.202011040924/tools/bin/../lib/gcc/arm-none-eabi/9.3.1/thumb/v7e-m+fp/hard\libgcc.a(_udivmoddi4.o)
                0x0000000008010694                __exidx_end = .

.rel.dyn        0x0000000008010694        0x0
 .rel.iplt      0x0000000008010694        0x0 c:/st/stm32cubeide_1.6.1/stm32cubeide/plugins/com.st.stm32cube.ide.mcu.externaltools.gnu-tools-for-stm32.9-2020-q2-update.win32_1.5.0.202011040924/tools/bin/../lib/gcc/arm-none-eabi/9.3.1/thumb/v7e-m+fp/hard/crtbegin.o

.preinit_array  0x0000000008010694        0x0
                0x0000000008010694                PROVIDE (__preinit_array_start = .)
 *(.preinit_array*)
                0x0000000008010694                PROVIDE (__preinit_array_end = .)

.init_array     0x0000000008010694        0x4
                0x0000000008010694                PROVIDE (__init_array_start = .)
 *(SORT_BY_NAME(.init_array.*))
 *(.init_array*)
 .init_array    0x0000000008010694        0x4 c:/st/stm32cubeide_1.6.1/stm32cubeide/plugins/com.st.stm32cube.ide.mcu.externaltools.gnu-tools-for-stm32.9-2020-q2-update.win32_1.5.0.202011040924/tools/bin/../lib/gcc/arm-none-eabi/9.3.1/thumb/v7e-m+fp/hard/crtbegin.o
                0x0000000008010698                PROVIDE (__init_array_end = .)

.fini_array     0x0000000008010698        0x4
                [!provide]                        PROVIDE (__fini_array_start = .)
 *(.fini_array*)
 .fini_array    0x0000000008010698        0x4 c:/st/stm32cubeide_1.6.1/stm32cubeide/plugins/com.st.stm32cube.ide.mcu.externaltools.gnu-tools-for-stm32.9-2020-q2-update.win32_1.5.0.202011040924/tools/bin/../lib/gcc/arm-none-eabi/9.3.1/thumb/v7e-m+fp/hard/crtbegin.o
 *(SORT_BY_NAME(.fini_array.*))
                [!provide]                        PROVIDE (__fini_array_end = .)
                0x000000000801069c                _sidata = .

.data           0x0000000020000000       0xc0 load address 0x000000000801069c
                0x0000000020000000                . = ALIGN (0x4)
                0x0000000020000000                _sdata = .
 *(.data)
 .data          0x0000000020000000        0x4 src/system_stm32f4xx.o
                0x0000000020000000                SystemCoreClock
 .data          0x0000000020000004        0x5 C:\DDCM\stm32f407g-disc1_hal_lib\Debug\libstm32f407g-disc1_hal_lib.a(stm32f4xx_hal.o)
                0x0000000020000004                uwTickPrio
                0x0000000020000008                uwTickFreq
 *fill*         0x0000000020000009        0x3 
 .data          0x000000002000000c       0x31 C:\DDCM\stm32f407g-disc1_hal_lib\Debug\libstm32f407g-disc1_hal_lib.a(cs43l22.o)
                0x000000002000000c                cs43l22_drv
 *fill*         0x000000002000003d        0x3 
 .data          0x0000000020000040       0x1c C:\DDCM\stm32f407g-disc1_hal_lib\Debug\libstm32f407g-disc1_hal_lib.a(stm32f4_discovery.o)
                0x0000000020000040                GPIO_PORT
                0x0000000020000050                BUTTON_PORT
                0x0000000020000054                I2cxTimeout
                0x0000000020000058                SpixTimeout
 *(.data*)
 .data._impure_ptr
                0x000000002000005c        0x4 c:/st/stm32cubeide_1.6.1/stm32cubeide/plugins/com.st.stm32cube.ide.mcu.externaltools.gnu-tools-for-stm32.9-2020-q2-update.win32_1.5.0.202011040924/tools/bin/../lib/gcc/arm-none-eabi/9.3.1/../../../../arm-none-eabi/lib/thumb/v7e-m+fp/hard\libc_nano.a(lib_a-impure.o)
                0x000000002000005c                _impure_ptr
 .data.impure_data
                0x0000000020000060       0x60 c:/st/stm32cubeide_1.6.1/stm32cubeide/plugins/com.st.stm32cube.ide.mcu.externaltools.gnu-tools-for-stm32.9-2020-q2-update.win32_1.5.0.202011040924/tools/bin/../lib/gcc/arm-none-eabi/9.3.1/../../../../arm-none-eabi/lib/thumb/v7e-m+fp/hard\libc_nano.a(lib_a-impure.o)
                0x00000000200000c0                . = ALIGN (0x4)
                0x00000000200000c0                _edata = .

.igot.plt       0x00000000200000c0        0x0 load address 0x000000000801075c
 .igot.plt      0x00000000200000c0        0x0 c:/st/stm32cubeide_1.6.1/stm32cubeide/plugins/com.st.stm32cube.ide.mcu.externaltools.gnu-tools-for-stm32.9-2020-q2-update.win32_1.5.0.202011040924/tools/bin/../lib/gcc/arm-none-eabi/9.3.1/thumb/v7e-m+fp/hard/crtbegin.o
                0x00000000200000c0                . = ALIGN (0x4)

.bss            0x00000000200000c0     0x41e4 load address 0x000000000801075c
                0x00000000200000c0                _sbss = .
                0x00000000200000c0                __bss_start__ = _sbss
 *(.bss)
 .bss           0x00000000200000c0       0x1c c:/st/stm32cubeide_1.6.1/stm32cubeide/plugins/com.st.stm32cube.ide.mcu.externaltools.gnu-tools-for-stm32.9-2020-q2-update.win32_1.5.0.202011040924/tools/bin/../lib/gcc/arm-none-eabi/9.3.1/thumb/v7e-m+fp/hard/crtbegin.o
 .bss           0x00000000200000dc        0xc src/MiAudio.o
                0x00000000200000dc                TimeRecBase
 .bss           0x00000000200000e8        0x9 src/main.o
                0x00000000200000e8                modo_AUDIO
                0x00000000200000e9                Estado_BUFFER
                0x00000000200000ea                modo_FILTRO
 *fill*         0x00000000200000f1        0x3 
 .bss           0x00000000200000f4        0x8 src/syscalls.o
                0x00000000200000f4                __env
 .bss           0x00000000200000fc       0xc4 C:\DDCM\stm32f407g-disc1_hal_lib\Debug\libstm32f407g-disc1_hal_lib.a(stm32f4_discovery_audio.o)
 .bss           0x00000000200001c0        0x1 C:\DDCM\stm32f407g-disc1_hal_lib\Debug\libstm32f407g-disc1_hal_lib.a(cs43l22.o)
                0x00000000200001c0                OutputDev
 *fill*         0x00000000200001c1        0x3 
 .bss           0x00000000200001c4       0xac C:\DDCM\stm32f407g-disc1_hal_lib\Debug\libstm32f407g-disc1_hal_lib.a(stm32f4_discovery.o)
 *(.bss*)
 .bss.__malloc_free_list
                0x0000000020000270        0x4 c:/st/stm32cubeide_1.6.1/stm32cubeide/plugins/com.st.stm32cube.ide.mcu.externaltools.gnu-tools-for-stm32.9-2020-q2-update.win32_1.5.0.202011040924/tools/bin/../lib/gcc/arm-none-eabi/9.3.1/../../../../arm-none-eabi/lib/thumb/v7e-m+fp/hard\libc_nano.a(lib_a-nano-mallocr.o)
                0x0000000020000270                __malloc_free_list
 .bss.__malloc_sbrk_start
                0x0000000020000274        0x4 c:/st/stm32cubeide_1.6.1/stm32cubeide/plugins/com.st.stm32cube.ide.mcu.externaltools.gnu-tools-for-stm32.9-2020-q2-update.win32_1.5.0.202011040924/tools/bin/../lib/gcc/arm-none-eabi/9.3.1/../../../../arm-none-eabi/lib/thumb/v7e-m+fp/hard\libc_nano.a(lib_a-nano-mallocr.o)
                0x0000000020000274                __malloc_sbrk_start
 *(COMMON)
 COMMON         0x0000000020000278     0x1f9c src/MiAudio.o
                0x0000000020000278                auxBuffer
                0x0000000020001218                fStruct
                0x0000000020001224                outBuffer
                0x00000000200021c4                TimHandle
                0x0000000020002204                sICConfig
 COMMON         0x0000000020002214     0x1f48 src/main.o
                0x0000000020002214                nMuestras
                0x0000000020002218                Audio_Buffer
                0x0000000020004158                nRestantes
 COMMON         0x000000002000415c        0x4 C:\DDCM\stm32f407g-disc1_hal_lib\Debug\libstm32f407g-disc1_hal_lib.a(stm32f4xx_hal.o)
                0x000000002000415c                uwTick
 COMMON         0x0000000020004160      0x134 C:\DDCM\stm32f407g-disc1_hal_lib\Debug\libstm32f407g-disc1_hal_lib.a(stm32f4_discovery_audio.o)
                0x0000000020004160                PDM_FilterConfig
                0x000000002000416c                PDM_FilterHandler
                0x0000000020004204                hAudioOutI2s
                0x000000002000424c                hAudioInI2s
 COMMON         0x0000000020004294        0x4 c:/st/stm32cubeide_1.6.1/stm32cubeide/plugins/com.st.stm32cube.ide.mcu.externaltools.gnu-tools-for-stm32.9-2020-q2-update.win32_1.5.0.202011040924/tools/bin/../lib/gcc/arm-none-eabi/9.3.1/../../../../arm-none-eabi/lib/thumb/v7e-m+fp/hard\libc_nano.a(lib_a-reent.o)
                0x0000000020004294                errno
 COMMON         0x0000000020004298        0x9 c:/st/stm32cubeide_1.6.1/stm32cubeide/plugins/com.st.stm32cube.ide.mcu.externaltools.gnu-tools-for-stm32.9-2020-q2-update.win32_1.5.0.202011040924/tools/bin/../lib/gcc/arm-none-eabi/9.3.1/../../../../arm-none-eabi/lib/thumb/v7e-m+fp/hard\libc_nano.a(lib_a-lock.o)
                0x0000000020004298                __lock___atexit_recursive_mutex
                0x0000000020004299                __lock___arc4random_mutex
                0x000000002000429a                __lock___env_recursive_mutex
                0x000000002000429b                __lock___sinit_recursive_mutex
                0x000000002000429c                __lock___malloc_recursive_mutex
                0x000000002000429d                __lock___at_quick_exit_mutex
                0x000000002000429e                __lock___dd_hash_mutex
                0x000000002000429f                __lock___tz_mutex
                0x00000000200042a0                __lock___sfp_recursive_mutex
                0x00000000200042a4                . = ALIGN (0x4)
 *fill*         0x00000000200042a1        0x3 
                0x00000000200042a4                _ebss = .
                0x00000000200042a4                __bss_end__ = _ebss

._user_heap_stack
                0x00000000200042a4      0x404 load address 0x0000000008014940
                0x00000000200042a8                . = ALIGN (0x8)
 *fill*         0x00000000200042a4        0x4 
                0x00000000200042a8                PROVIDE (end = .)
                [!provide]                        PROVIDE (_end = .)
                0x00000000200042a8                . = (. + _Min_Heap_Size)
                0x00000000200046a8                . = (. + _Min_Stack_Size)
 *fill*         0x00000000200042a8      0x400 
                0x00000000200046a8                . = ALIGN (0x8)

.memory_b1_text
 *(.mb1text)
 *(.mb1text*)
 *(.mb1rodata)
 *(.mb1rodata*)

/DISCARD/
 libc.a(*)
 libm.a(*)
 libgcc.a(*)

.ARM.attributes
                0x0000000000000000       0x30
 *(.ARM.attributes)
 .ARM.attributes
                0x0000000000000000       0x1e c:/st/stm32cubeide_1.6.1/stm32cubeide/plugins/com.st.stm32cube.ide.mcu.externaltools.gnu-tools-for-stm32.9-2020-q2-update.win32_1.5.0.202011040924/tools/bin/../lib/gcc/arm-none-eabi/9.3.1/thumb/v7e-m+fp/hard/crti.o
 .ARM.attributes
                0x000000000000001e       0x34 c:/st/stm32cubeide_1.6.1/stm32cubeide/plugins/com.st.stm32cube.ide.mcu.externaltools.gnu-tools-for-stm32.9-2020-q2-update.win32_1.5.0.202011040924/tools/bin/../lib/gcc/arm-none-eabi/9.3.1/thumb/v7e-m+fp/hard/crtbegin.o
 .ARM.attributes
                0x0000000000000052       0x34 src/MiAudio.o
 .ARM.attributes
                0x0000000000000086       0x34 src/main.o
 .ARM.attributes
                0x00000000000000ba       0x34 src/syscalls.o
 .ARM.attributes
                0x00000000000000ee       0x34 src/system_stm32f4xx.o
 .ARM.attributes
                0x0000000000000122       0x21 startup/startup_stm32f407xx.o
 .ARM.attributes
                0x0000000000000143       0x34 C:\DDCM\stm32f407g-disc1_hal_lib\Debug\libstm32f407g-disc1_hal_lib.a(stm32f4xx_hal.o)
 .ARM.attributes
                0x0000000000000177       0x34 C:\DDCM\stm32f407g-disc1_hal_lib\Debug\libstm32f407g-disc1_hal_lib.a(stm32f4xx_hal_cortex.o)
 .ARM.attributes
                0x00000000000001ab       0x34 C:\DDCM\stm32f407g-disc1_hal_lib\Debug\libstm32f407g-disc1_hal_lib.a(stm32f4xx_hal_dma.o)
 .ARM.attributes
                0x00000000000001df       0x34 C:\DDCM\stm32f407g-disc1_hal_lib\Debug\libstm32f407g-disc1_hal_lib.a(stm32f4xx_hal_gpio.o)
 .ARM.attributes
                0x0000000000000213       0x34 C:\DDCM\stm32f407g-disc1_hal_lib\Debug\libstm32f407g-disc1_hal_lib.a(stm32f4xx_hal_rcc.o)
 .ARM.attributes
                0x0000000000000247       0x34 C:\DDCM\stm32f407g-disc1_hal_lib\Debug\libstm32f407g-disc1_hal_lib.a(stm32f4_discovery_audio.o)
 .ARM.attributes
                0x000000000000027b       0x34 C:\DDCM\stm32f407g-disc1_hal_lib\Debug\libstm32f407g-disc1_hal_lib.a(stm32f4xx_hal_i2s.o)
 .ARM.attributes
                0x00000000000002af       0x34 C:\DDCM\stm32f407g-disc1_hal_lib\Debug\libstm32f407g-disc1_hal_lib.a(stm32f4xx_hal_i2s_ex.o)
 .ARM.attributes
                0x00000000000002e3       0x34 C:\DDCM\stm32f407g-disc1_hal_lib\Debug\libstm32f407g-disc1_hal_lib.a(stm32f4xx_hal_rcc_ex.o)
 .ARM.attributes
                0x0000000000000317       0x34 C:\DDCM\stm32f407g-disc1_hal_lib\Debug\libstm32f407g-disc1_hal_lib.a(cs43l22.o)
 .ARM.attributes
                0x000000000000034b       0x34 C:\DDCM\stm32f407g-disc1_hal_lib\Debug\libstm32f407g-disc1_hal_lib.a(stm32f4_discovery.o)
 .ARM.attributes
                0x000000000000037f       0x34 C:\DDCM\stm32f407g-disc1_hal_lib\Debug\libstm32f407g-disc1_hal_lib.a(stm32f4xx_hal_i2c.o)
 .ARM.attributes
                0x00000000000003b3       0x39 C:\DDCM\5-AudioDSP\LibDsp\GCC\libarm_cortexM4lf_math.a(arm_fir_init_f32.o)
 .ARM.attributes
                0x00000000000003ec       0x39 C:\DDCM\5-AudioDSP\LibDsp\GCC\libarm_cortexM4lf_math.a(arm_fir_f32.o)
 .ARM.attributes
                0x0000000000000425       0x34 C:\DDCM\LIB_MSE-SE\Debug\libLIB_MSE-SE.a(Entradas.o)
 .ARM.attributes
                0x0000000000000459       0x34 C:\DDCM\LIB_MSE-SE\Debug\libLIB_MSE-SE.a(Salidas.o)
 .ARM.attributes
                0x000000000000048d       0x34 C:\DDCM\LIB_MSE-SE\Debug\libLIB_MSE-SE.a(SysTick.o)
 .ARM.attributes
                0x00000000000004c1       0x34 c:/st/stm32cubeide_1.6.1/stm32cubeide/plugins/com.st.stm32cube.ide.mcu.externaltools.gnu-tools-for-stm32.9-2020-q2-update.win32_1.5.0.202011040924/tools/bin/../lib/gcc/arm-none-eabi/9.3.1/../../../../arm-none-eabi/lib/thumb/v7e-m+fp/hard\libc_nano.a(lib_a-errno.o)
 .ARM.attributes
                0x00000000000004f5       0x32 c:/st/stm32cubeide_1.6.1/stm32cubeide/plugins/com.st.stm32cube.ide.mcu.externaltools.gnu-tools-for-stm32.9-2020-q2-update.win32_1.5.0.202011040924/tools/bin/../lib/gcc/arm-none-eabi/9.3.1/../../../../arm-none-eabi/lib/thumb/v7e-m+fp/hard\libc_nano.a(lib_a-impure.o)
 .ARM.attributes
                0x0000000000000527       0x34 c:/st/stm32cubeide_1.6.1/stm32cubeide/plugins/com.st.stm32cube.ide.mcu.externaltools.gnu-tools-for-stm32.9-2020-q2-update.win32_1.5.0.202011040924/tools/bin/../lib/gcc/arm-none-eabi/9.3.1/../../../../arm-none-eabi/lib/thumb/v7e-m+fp/hard\libc_nano.a(lib_a-init.o)
 .ARM.attributes
                0x000000000000055b       0x34 c:/st/stm32cubeide_1.6.1/stm32cubeide/plugins/com.st.stm32cube.ide.mcu.externaltools.gnu-tools-for-stm32.9-2020-q2-update.win32_1.5.0.202011040924/tools/bin/../lib/gcc/arm-none-eabi/9.3.1/../../../../arm-none-eabi/lib/thumb/v7e-m+fp/hard\libc_nano.a(lib_a-malloc.o)
 .ARM.attributes
                0x000000000000058f       0x34 c:/st/stm32cubeide_1.6.1/stm32cubeide/plugins/com.st.stm32cube.ide.mcu.externaltools.gnu-tools-for-stm32.9-2020-q2-update.win32_1.5.0.202011040924/tools/bin/../lib/gcc/arm-none-eabi/9.3.1/../../../../arm-none-eabi/lib/thumb/v7e-m+fp/hard\libc_nano.a(lib_a-memset.o)
 .ARM.attributes
                0x00000000000005c3       0x34 c:/st/stm32cubeide_1.6.1/stm32cubeide/plugins/com.st.stm32cube.ide.mcu.externaltools.gnu-tools-for-stm32.9-2020-q2-update.win32_1.5.0.202011040924/tools/bin/../lib/gcc/arm-none-eabi/9.3.1/../../../../arm-none-eabi/lib/thumb/v7e-m+fp/hard\libc_nano.a(lib_a-nano-mallocr.o)
 .ARM.attributes
                0x00000000000005f7       0x34 c:/st/stm32cubeide_1.6.1/stm32cubeide/plugins/com.st.stm32cube.ide.mcu.externaltools.gnu-tools-for-stm32.9-2020-q2-update.win32_1.5.0.202011040924/tools/bin/../lib/gcc/arm-none-eabi/9.3.1/../../../../arm-none-eabi/lib/thumb/v7e-m+fp/hard\libc_nano.a(lib_a-sbrkr.o)
 .ARM.attributes
                0x000000000000062b       0x34 c:/st/stm32cubeide_1.6.1/stm32cubeide/plugins/com.st.stm32cube.ide.mcu.externaltools.gnu-tools-for-stm32.9-2020-q2-update.win32_1.5.0.202011040924/tools/bin/../lib/gcc/arm-none-eabi/9.3.1/../../../../arm-none-eabi/lib/thumb/v7e-m+fp/hard\libc_nano.a(lib_a-mlock.o)
 .ARM.attributes
                0x000000000000065f       0x34 c:/st/stm32cubeide_1.6.1/stm32cubeide/plugins/com.st.stm32cube.ide.mcu.externaltools.gnu-tools-for-stm32.9-2020-q2-update.win32_1.5.0.202011040924/tools/bin/../lib/gcc/arm-none-eabi/9.3.1/../../../../arm-none-eabi/lib/thumb/v7e-m+fp/hard\libc_nano.a(lib_a-reent.o)
 .ARM.attributes
                0x0000000000000693       0x34 c:/st/stm32cubeide_1.6.1/stm32cubeide/plugins/com.st.stm32cube.ide.mcu.externaltools.gnu-tools-for-stm32.9-2020-q2-update.win32_1.5.0.202011040924/tools/bin/../lib/gcc/arm-none-eabi/9.3.1/../../../../arm-none-eabi/lib/thumb/v7e-m+fp/hard\libc_nano.a(lib_a-lock.o)
 .ARM.attributes
                0x00000000000006c7       0x1e c:/st/stm32cubeide_1.6.1/stm32cubeide/plugins/com.st.stm32cube.ide.mcu.externaltools.gnu-tools-for-stm32.9-2020-q2-update.win32_1.5.0.202011040924/tools/bin/../lib/gcc/arm-none-eabi/9.3.1/thumb/v7e-m+fp/hard\libgcc.a(_aeabi_uldivmod.o)
 .ARM.attributes
                0x00000000000006e5       0x34 c:/st/stm32cubeide_1.6.1/stm32cubeide/plugins/com.st.stm32cube.ide.mcu.externaltools.gnu-tools-for-stm32.9-2020-q2-update.win32_1.5.0.202011040924/tools/bin/../lib/gcc/arm-none-eabi/9.3.1/thumb/v7e-m+fp/hard\libgcc.a(_udivmoddi4.o)
 .ARM.attributes
                0x0000000000000719       0x1e c:/st/stm32cubeide_1.6.1/stm32cubeide/plugins/com.st.stm32cube.ide.mcu.externaltools.gnu-tools-for-stm32.9-2020-q2-update.win32_1.5.0.202011040924/tools/bin/../lib/gcc/arm-none-eabi/9.3.1/thumb/v7e-m+fp/hard\libgcc.a(_dvmd_tls.o)
 .ARM.attributes
                0x0000000000000737       0x1e c:/st/stm32cubeide_1.6.1/stm32cubeide/plugins/com.st.stm32cube.ide.mcu.externaltools.gnu-tools-for-stm32.9-2020-q2-update.win32_1.5.0.202011040924/tools/bin/../lib/gcc/arm-none-eabi/9.3.1/thumb/v7e-m+fp/hard/crtn.o
OUTPUT(5-AudioDSP.elf elf32-littlearm)
LOAD linker stubs
LOAD c:/st/stm32cubeide_1.6.1/stm32cubeide/plugins/com.st.stm32cube.ide.mcu.externaltools.gnu-tools-for-stm32.9-2020-q2-update.win32_1.5.0.202011040924/tools/bin/../lib/gcc/arm-none-eabi/9.3.1/../../../../arm-none-eabi/lib/thumb/v7e-m+fp/hard\libc.a
LOAD c:/st/stm32cubeide_1.6.1/stm32cubeide/plugins/com.st.stm32cube.ide.mcu.externaltools.gnu-tools-for-stm32.9-2020-q2-update.win32_1.5.0.202011040924/tools/bin/../lib/gcc/arm-none-eabi/9.3.1/../../../../arm-none-eabi/lib/thumb/v7e-m+fp/hard\libm.a
LOAD c:/st/stm32cubeide_1.6.1/stm32cubeide/plugins/com.st.stm32cube.ide.mcu.externaltools.gnu-tools-for-stm32.9-2020-q2-update.win32_1.5.0.202011040924/tools/bin/../lib/gcc/arm-none-eabi/9.3.1/thumb/v7e-m+fp/hard\libgcc.a

.debug_info     0x0000000000000000    0x1020e
 .debug_info    0x0000000000000000     0x1886 src/MiAudio.o
 .debug_info    0x0000000000001886     0x1817 src/main.o
 .debug_info    0x000000000000309d     0x101b src/syscalls.o
 .debug_info    0x00000000000040b8      0x54d src/system_stm32f4xx.o
 .debug_info    0x0000000000004605       0x22 startup/startup_stm32f407xx.o
 .debug_info    0x0000000000004627      0x98a C:\DDCM\stm32f407g-disc1_hal_lib\Debug\libstm32f407g-disc1_hal_lib.a(stm32f4xx_hal.o)
 .debug_info    0x0000000000004fb1      0xe80 C:\DDCM\stm32f407g-disc1_hal_lib\Debug\libstm32f407g-disc1_hal_lib.a(stm32f4xx_hal_cortex.o)
 .debug_info    0x0000000000005e31      0x99a C:\DDCM\stm32f407g-disc1_hal_lib\Debug\libstm32f407g-disc1_hal_lib.a(stm32f4xx_hal_dma.o)
 .debug_info    0x00000000000067cb      0x7d7 C:\DDCM\stm32f407g-disc1_hal_lib\Debug\libstm32f407g-disc1_hal_lib.a(stm32f4xx_hal_gpio.o)
 .debug_info    0x0000000000006fa2      0x930 C:\DDCM\stm32f407g-disc1_hal_lib\Debug\libstm32f407g-disc1_hal_lib.a(stm32f4xx_hal_rcc.o)
 .debug_info    0x00000000000078d2     0x174b C:\DDCM\stm32f407g-disc1_hal_lib\Debug\libstm32f407g-disc1_hal_lib.a(stm32f4_discovery_audio.o)
 .debug_info    0x000000000000901d      0xe55 C:\DDCM\stm32f407g-disc1_hal_lib\Debug\libstm32f407g-disc1_hal_lib.a(stm32f4xx_hal_i2s.o)
 .debug_info    0x0000000000009e72      0xbcb C:\DDCM\stm32f407g-disc1_hal_lib\Debug\libstm32f407g-disc1_hal_lib.a(stm32f4xx_hal_i2s_ex.o)
 .debug_info    0x000000000000aa3d      0x5ac C:\DDCM\stm32f407g-disc1_hal_lib\Debug\libstm32f407g-disc1_hal_lib.a(stm32f4xx_hal_rcc_ex.o)
 .debug_info    0x000000000000afe9      0x5db C:\DDCM\stm32f407g-disc1_hal_lib\Debug\libstm32f407g-disc1_hal_lib.a(cs43l22.o)
 .debug_info    0x000000000000b5c4     0x157d C:\DDCM\stm32f407g-disc1_hal_lib\Debug\libstm32f407g-disc1_hal_lib.a(stm32f4_discovery.o)
 .debug_info    0x000000000000cb41     0x251c C:\DDCM\stm32f407g-disc1_hal_lib\Debug\libstm32f407g-disc1_hal_lib.a(stm32f4xx_hal_i2c.o)
 .debug_info    0x000000000000f05d      0x1a5 C:\DDCM\5-AudioDSP\LibDsp\GCC\libarm_cortexM4lf_math.a(arm_fir_init_f32.o)
 .debug_info    0x000000000000f202      0x382 C:\DDCM\5-AudioDSP\LibDsp\GCC\libarm_cortexM4lf_math.a(arm_fir_f32.o)
 .debug_info    0x000000000000f584      0x275 C:\DDCM\LIB_MSE-SE\Debug\libLIB_MSE-SE.a(Entradas.o)
 .debug_info    0x000000000000f7f9      0x2ce C:\DDCM\LIB_MSE-SE\Debug\libLIB_MSE-SE.a(Salidas.o)
 .debug_info    0x000000000000fac7      0x747 C:\DDCM\LIB_MSE-SE\Debug\libLIB_MSE-SE.a(SysTick.o)

.debug_abbrev   0x0000000000000000     0x2b75
 .debug_abbrev  0x0000000000000000      0x2f4 src/MiAudio.o
 .debug_abbrev  0x00000000000002f4      0x2a4 src/main.o
 .debug_abbrev  0x0000000000000598      0x2ac src/syscalls.o
 .debug_abbrev  0x0000000000000844      0x129 src/system_stm32f4xx.o
 .debug_abbrev  0x000000000000096d       0x12 startup/startup_stm32f407xx.o
 .debug_abbrev  0x000000000000097f      0x1f1 C:\DDCM\stm32f407g-disc1_hal_lib\Debug\libstm32f407g-disc1_hal_lib.a(stm32f4xx_hal.o)
 .debug_abbrev  0x0000000000000b70      0x33c C:\DDCM\stm32f407g-disc1_hal_lib\Debug\libstm32f407g-disc1_hal_lib.a(stm32f4xx_hal_cortex.o)
 .debug_abbrev  0x0000000000000eac      0x259 C:\DDCM\stm32f407g-disc1_hal_lib\Debug\libstm32f407g-disc1_hal_lib.a(stm32f4xx_hal_dma.o)
 .debug_abbrev  0x0000000000001105      0x1f1 C:\DDCM\stm32f407g-disc1_hal_lib\Debug\libstm32f407g-disc1_hal_lib.a(stm32f4xx_hal_gpio.o)
 .debug_abbrev  0x00000000000012f6      0x275 C:\DDCM\stm32f407g-disc1_hal_lib\Debug\libstm32f407g-disc1_hal_lib.a(stm32f4xx_hal_rcc.o)
 .debug_abbrev  0x000000000000156b      0x2e8 C:\DDCM\stm32f407g-disc1_hal_lib\Debug\libstm32f407g-disc1_hal_lib.a(stm32f4_discovery_audio.o)
 .debug_abbrev  0x0000000000001853      0x245 C:\DDCM\stm32f407g-disc1_hal_lib\Debug\libstm32f407g-disc1_hal_lib.a(stm32f4xx_hal_i2s.o)
 .debug_abbrev  0x0000000000001a98      0x276 C:\DDCM\stm32f407g-disc1_hal_lib\Debug\libstm32f407g-disc1_hal_lib.a(stm32f4xx_hal_i2s_ex.o)
 .debug_abbrev  0x0000000000001d0e      0x18f C:\DDCM\stm32f407g-disc1_hal_lib\Debug\libstm32f407g-disc1_hal_lib.a(stm32f4xx_hal_rcc_ex.o)
 .debug_abbrev  0x0000000000001e9d      0x1bb C:\DDCM\stm32f407g-disc1_hal_lib\Debug\libstm32f407g-disc1_hal_lib.a(cs43l22.o)
 .debug_abbrev  0x0000000000002058      0x2b0 C:\DDCM\stm32f407g-disc1_hal_lib\Debug\libstm32f407g-disc1_hal_lib.a(stm32f4_discovery.o)
 .debug_abbrev  0x0000000000002308      0x282 C:\DDCM\stm32f407g-disc1_hal_lib\Debug\libstm32f407g-disc1_hal_lib.a(stm32f4xx_hal_i2c.o)
 .debug_abbrev  0x000000000000258a       0xd7 C:\DDCM\5-AudioDSP\LibDsp\GCC\libarm_cortexM4lf_math.a(arm_fir_init_f32.o)
 .debug_abbrev  0x0000000000002661       0xd7 C:\DDCM\5-AudioDSP\LibDsp\GCC\libarm_cortexM4lf_math.a(arm_fir_f32.o)
 .debug_abbrev  0x0000000000002738      0x13a C:\DDCM\LIB_MSE-SE\Debug\libLIB_MSE-SE.a(Entradas.o)
 .debug_abbrev  0x0000000000002872      0x156 C:\DDCM\LIB_MSE-SE\Debug\libLIB_MSE-SE.a(Salidas.o)
 .debug_abbrev  0x00000000000029c8      0x1ad C:\DDCM\LIB_MSE-SE\Debug\libLIB_MSE-SE.a(SysTick.o)

.debug_aranges  0x0000000000000000      0xd50
 .debug_aranges
                0x0000000000000000       0xe0 src/MiAudio.o
 .debug_aranges
                0x00000000000000e0       0x38 src/main.o
 .debug_aranges
                0x0000000000000118       0xb0 src/syscalls.o
 .debug_aranges
                0x00000000000001c8       0x28 src/system_stm32f4xx.o
 .debug_aranges
                0x00000000000001f0       0x28 startup/startup_stm32f407xx.o
 .debug_aranges
                0x0000000000000218       0xf0 C:\DDCM\stm32f407g-disc1_hal_lib\Debug\libstm32f407g-disc1_hal_lib.a(stm32f4xx_hal.o)
 .debug_aranges
                0x0000000000000308      0x118 C:\DDCM\stm32f407g-disc1_hal_lib\Debug\libstm32f407g-disc1_hal_lib.a(stm32f4xx_hal_cortex.o)
 .debug_aranges
                0x0000000000000420       0x90 C:\DDCM\stm32f407g-disc1_hal_lib\Debug\libstm32f407g-disc1_hal_lib.a(stm32f4xx_hal_dma.o)
 .debug_aranges
                0x00000000000004b0       0x58 C:\DDCM\stm32f407g-disc1_hal_lib\Debug\libstm32f407g-disc1_hal_lib.a(stm32f4xx_hal_gpio.o)
 .debug_aranges
                0x0000000000000508       0x88 C:\DDCM\stm32f407g-disc1_hal_lib\Debug\libstm32f407g-disc1_hal_lib.a(stm32f4xx_hal_rcc.o)
 .debug_aranges
                0x0000000000000590      0x140 C:\DDCM\stm32f407g-disc1_hal_lib\Debug\libstm32f407g-disc1_hal_lib.a(stm32f4_discovery_audio.o)
 .debug_aranges
                0x00000000000006d0      0x108 C:\DDCM\stm32f407g-disc1_hal_lib\Debug\libstm32f407g-disc1_hal_lib.a(stm32f4xx_hal_i2s.o)
 .debug_aranges
                0x00000000000007d8       0x88 C:\DDCM\stm32f407g-disc1_hal_lib\Debug\libstm32f407g-disc1_hal_lib.a(stm32f4xx_hal_i2s_ex.o)
 .debug_aranges
                0x0000000000000860       0x48 C:\DDCM\stm32f407g-disc1_hal_lib\Debug\libstm32f407g-disc1_hal_lib.a(stm32f4xx_hal_rcc_ex.o)
 .debug_aranges
                0x00000000000008a8       0x80 C:\DDCM\stm32f407g-disc1_hal_lib\Debug\libstm32f407g-disc1_hal_lib.a(cs43l22.o)
 .debug_aranges
                0x0000000000000928       0xd8 C:\DDCM\stm32f407g-disc1_hal_lib\Debug\libstm32f407g-disc1_hal_lib.a(stm32f4_discovery.o)
 .debug_aranges
                0x0000000000000a00      0x290 C:\DDCM\stm32f407g-disc1_hal_lib\Debug\libstm32f407g-disc1_hal_lib.a(stm32f4xx_hal_i2c.o)
 .debug_aranges
                0x0000000000000c90       0x20 C:\DDCM\5-AudioDSP\LibDsp\GCC\libarm_cortexM4lf_math.a(arm_fir_init_f32.o)
 .debug_aranges
                0x0000000000000cb0       0x20 C:\DDCM\5-AudioDSP\LibDsp\GCC\libarm_cortexM4lf_math.a(arm_fir_f32.o)
 .debug_aranges
                0x0000000000000cd0       0x20 C:\DDCM\LIB_MSE-SE\Debug\libLIB_MSE-SE.a(Entradas.o)
 .debug_aranges
                0x0000000000000cf0       0x28 C:\DDCM\LIB_MSE-SE\Debug\libLIB_MSE-SE.a(Salidas.o)
 .debug_aranges
                0x0000000000000d18       0x38 C:\DDCM\LIB_MSE-SE\Debug\libLIB_MSE-SE.a(SysTick.o)

.debug_ranges   0x0000000000000000      0xc18
 .debug_ranges  0x0000000000000000       0xd0 src/MiAudio.o
 .debug_ranges  0x00000000000000d0       0x28 src/main.o
 .debug_ranges  0x00000000000000f8       0xa0 src/syscalls.o
 .debug_ranges  0x0000000000000198       0x18 src/system_stm32f4xx.o
 .debug_ranges  0x00000000000001b0       0x20 startup/startup_stm32f407xx.o
 .debug_ranges  0x00000000000001d0       0xe0 C:\DDCM\stm32f407g-disc1_hal_lib\Debug\libstm32f407g-disc1_hal_lib.a(stm32f4xx_hal.o)
 .debug_ranges  0x00000000000002b0      0x108 C:\DDCM\stm32f407g-disc1_hal_lib\Debug\libstm32f407g-disc1_hal_lib.a(stm32f4xx_hal_cortex.o)
 .debug_ranges  0x00000000000003b8       0x80 C:\DDCM\stm32f407g-disc1_hal_lib\Debug\libstm32f407g-disc1_hal_lib.a(stm32f4xx_hal_dma.o)
 .debug_ranges  0x0000000000000438       0x48 C:\DDCM\stm32f407g-disc1_hal_lib\Debug\libstm32f407g-disc1_hal_lib.a(stm32f4xx_hal_gpio.o)
 .debug_ranges  0x0000000000000480       0x78 C:\DDCM\stm32f407g-disc1_hal_lib\Debug\libstm32f407g-disc1_hal_lib.a(stm32f4xx_hal_rcc.o)
 .debug_ranges  0x00000000000004f8      0x130 C:\DDCM\stm32f407g-disc1_hal_lib\Debug\libstm32f407g-disc1_hal_lib.a(stm32f4_discovery_audio.o)
 .debug_ranges  0x0000000000000628       0xf8 C:\DDCM\stm32f407g-disc1_hal_lib\Debug\libstm32f407g-disc1_hal_lib.a(stm32f4xx_hal_i2s.o)
 .debug_ranges  0x0000000000000720       0x78 C:\DDCM\stm32f407g-disc1_hal_lib\Debug\libstm32f407g-disc1_hal_lib.a(stm32f4xx_hal_i2s_ex.o)
 .debug_ranges  0x0000000000000798       0x38 C:\DDCM\stm32f407g-disc1_hal_lib\Debug\libstm32f407g-disc1_hal_lib.a(stm32f4xx_hal_rcc_ex.o)
 .debug_ranges  0x00000000000007d0       0x70 C:\DDCM\stm32f407g-disc1_hal_lib\Debug\libstm32f407g-disc1_hal_lib.a(cs43l22.o)
 .debug_ranges  0x0000000000000840       0xc8 C:\DDCM\stm32f407g-disc1_hal_lib\Debug\libstm32f407g-disc1_hal_lib.a(stm32f4_discovery.o)
 .debug_ranges  0x0000000000000908      0x2a0 C:\DDCM\stm32f407g-disc1_hal_lib\Debug\libstm32f407g-disc1_hal_lib.a(stm32f4xx_hal_i2c.o)
 .debug_ranges  0x0000000000000ba8       0x10 C:\DDCM\5-AudioDSP\LibDsp\GCC\libarm_cortexM4lf_math.a(arm_fir_init_f32.o)
 .debug_ranges  0x0000000000000bb8       0x10 C:\DDCM\5-AudioDSP\LibDsp\GCC\libarm_cortexM4lf_math.a(arm_fir_f32.o)
 .debug_ranges  0x0000000000000bc8       0x10 C:\DDCM\LIB_MSE-SE\Debug\libLIB_MSE-SE.a(Entradas.o)
 .debug_ranges  0x0000000000000bd8       0x18 C:\DDCM\LIB_MSE-SE\Debug\libLIB_MSE-SE.a(Salidas.o)
 .debug_ranges  0x0000000000000bf0       0x28 C:\DDCM\LIB_MSE-SE\Debug\libLIB_MSE-SE.a(SysTick.o)

.debug_macro    0x0000000000000000    0x29948
 .debug_macro   0x0000000000000000      0x4d1 src/MiAudio.o
 .debug_macro   0x00000000000004d1      0xac6 src/MiAudio.o
 .debug_macro   0x0000000000000f97       0x2c src/MiAudio.o
 .debug_macro   0x0000000000000fc3       0x2f src/MiAudio.o
 .debug_macro   0x0000000000000ff2       0x22 src/MiAudio.o
 .debug_macro   0x0000000000001014       0x8e src/MiAudio.o
 .debug_macro   0x00000000000010a2       0x51 src/MiAudio.o
 .debug_macro   0x00000000000010f3      0x103 src/MiAudio.o
 .debug_macro   0x00000000000011f6       0x6a src/MiAudio.o
 .debug_macro   0x0000000000001260      0x1df src/MiAudio.o
 .debug_macro   0x000000000000143f       0x1c src/MiAudio.o
 .debug_macro   0x000000000000145b       0x22 src/MiAudio.o
 .debug_macro   0x000000000000147d       0xdf src/MiAudio.o
 .debug_macro   0x000000000000155c     0x102d src/MiAudio.o
 .debug_macro   0x0000000000002589      0x11f src/MiAudio.o
 .debug_macro   0x00000000000026a8    0x15e43 src/MiAudio.o
 .debug_macro   0x00000000000184eb       0x43 src/MiAudio.o
 .debug_macro   0x000000000001852e      0x23e src/MiAudio.o
 .debug_macro   0x000000000001876c     0x35d4 src/MiAudio.o
 .debug_macro   0x000000000001bd40      0x174 src/MiAudio.o
 .debug_macro   0x000000000001beb4       0x5a src/MiAudio.o
 .debug_macro   0x000000000001bf0e      0x96b src/MiAudio.o
 .debug_macro   0x000000000001c879      0x9fe src/MiAudio.o
 .debug_macro   0x000000000001d277       0xed src/MiAudio.o
 .debug_macro   0x000000000001d364      0x117 src/MiAudio.o
 .debug_macro   0x000000000001d47b      0x13e src/MiAudio.o
 .debug_macro   0x000000000001d5b9       0x27 src/MiAudio.o
 .debug_macro   0x000000000001d5e0      0x287 src/MiAudio.o
 .debug_macro   0x000000000001d867       0x5f src/MiAudio.o
 .debug_macro   0x000000000001d8c6      0x236 src/MiAudio.o
 .debug_macro   0x000000000001dafc      0x391 src/MiAudio.o
 .debug_macro   0x000000000001de8d      0x176 src/MiAudio.o
 .debug_macro   0x000000000001e003       0xf9 src/MiAudio.o
 .debug_macro   0x000000000001e0fc      0x40f src/MiAudio.o
 .debug_macro   0x000000000001e50b       0x22 src/MiAudio.o
 .debug_macro   0x000000000001e52d       0xea src/MiAudio.o
 .debug_macro   0x000000000001e617       0xa0 src/MiAudio.o
 .debug_macro   0x000000000001e6b7       0x3c src/MiAudio.o
 .debug_macro   0x000000000001e6f3       0x1f src/MiAudio.o
 .debug_macro   0x000000000001e712      0x1d0 src/MiAudio.o
 .debug_macro   0x000000000001e8e2      0x12c src/MiAudio.o
 .debug_macro   0x000000000001ea0e      0x21e src/MiAudio.o
 .debug_macro   0x000000000001ec2c       0x2e src/MiAudio.o
 .debug_macro   0x000000000001ec5a      0x543 src/MiAudio.o
 .debug_macro   0x000000000001f19d       0x88 src/MiAudio.o
 .debug_macro   0x000000000001f225       0xea src/MiAudio.o
 .debug_macro   0x000000000001f30f      0x184 src/MiAudio.o
 .debug_macro   0x000000000001f493      0x1ae src/MiAudio.o
 .debug_macro   0x000000000001f641       0xd6 src/MiAudio.o
 .debug_macro   0x000000000001f717      0x199 src/MiAudio.o
 .debug_macro   0x000000000001f8b0       0x40 src/MiAudio.o
 .debug_macro   0x000000000001f8f0       0x4a src/MiAudio.o
 .debug_macro   0x000000000001f93a       0x78 src/MiAudio.o
 .debug_macro   0x000000000001f9b2      0x11a src/MiAudio.o
 .debug_macro   0x000000000001facc       0x7e src/MiAudio.o
 .debug_macro   0x000000000001fb4a       0x89 src/MiAudio.o
 .debug_macro   0x000000000001fbd3       0xa4 src/MiAudio.o
 .debug_macro   0x000000000001fc77      0x31a src/MiAudio.o
 .debug_macro   0x000000000001ff91      0x405 src/MiAudio.o
 .debug_macro   0x0000000000020396       0xe4 src/MiAudio.o
 .debug_macro   0x000000000002047a      0x845 src/MiAudio.o
 .debug_macro   0x0000000000020cbf      0x19f src/MiAudio.o
 .debug_macro   0x0000000000020e5e      0x225 src/MiAudio.o
 .debug_macro   0x0000000000021083      0x87d src/MiAudio.o
 .debug_macro   0x0000000000021900       0x47 src/MiAudio.o
 .debug_macro   0x0000000000021947      0x287 src/MiAudio.o
 .debug_macro   0x0000000000021bce      0x217 src/MiAudio.o
 .debug_macro   0x0000000000021de5      0x1b5 src/MiAudio.o
 .debug_macro   0x0000000000021f9a      0x2db src/MiAudio.o
 .debug_macro   0x0000000000022275       0x8d src/MiAudio.o
 .debug_macro   0x0000000000022302      0x225 src/MiAudio.o
 .debug_macro   0x0000000000022527       0xe4 src/MiAudio.o
 .debug_macro   0x000000000002260b       0x6e src/MiAudio.o
 .debug_macro   0x0000000000022679      0x12d src/MiAudio.o
 .debug_macro   0x00000000000227a6       0x94 src/MiAudio.o
 .debug_macro   0x000000000002283a       0x16 src/MiAudio.o
 .debug_macro   0x0000000000022850      0x18f src/MiAudio.o
 .debug_macro   0x00000000000229df      0x1e7 src/MiAudio.o
 .debug_macro   0x0000000000022bc6       0x82 src/MiAudio.o
 .debug_macro   0x0000000000022c48      0x170 src/MiAudio.o
 .debug_macro   0x0000000000022db8       0x12 src/MiAudio.o
 .debug_macro   0x0000000000022dca       0x52 src/MiAudio.o
 .debug_macro   0x0000000000022e1c       0x18 src/MiAudio.o
 .debug_macro   0x0000000000022e34       0x3c src/MiAudio.o
 .debug_macro   0x0000000000022e70       0x34 src/MiAudio.o
 .debug_macro   0x0000000000022ea4       0x16 src/MiAudio.o
 .debug_macro   0x0000000000022eba       0x43 src/MiAudio.o
 .debug_macro   0x0000000000022efd       0x34 src/MiAudio.o
 .debug_macro   0x0000000000022f31       0x10 src/MiAudio.o
 .debug_macro   0x0000000000022f41       0x58 src/MiAudio.o
 .debug_macro   0x0000000000022f99       0x71 src/MiAudio.o
 .debug_macro   0x000000000002300a       0x1c src/MiAudio.o
 .debug_macro   0x0000000000023026      0x12a src/MiAudio.o
 .debug_macro   0x0000000000023150      0x333 src/MiAudio.o
 .debug_macro   0x0000000000023483       0x10 src/MiAudio.o
 .debug_macro   0x0000000000023493       0x35 src/MiAudio.o
 .debug_macro   0x00000000000234c8       0x20 src/MiAudio.o
 .debug_macro   0x00000000000234e8      0x1a9 src/MiAudio.o
 .debug_macro   0x0000000000023691       0xd6 src/MiAudio.o
 .debug_macro   0x0000000000023767       0x16 src/MiAudio.o
 .debug_macro   0x000000000002377d       0x16 src/MiAudio.o
 .debug_macro   0x0000000000023793       0x29 src/MiAudio.o
 .debug_macro   0x00000000000237bc       0x1c src/MiAudio.o
 .debug_macro   0x00000000000237d8      0x502 src/main.o
 .debug_macro   0x0000000000023cda      0x24c src/syscalls.o
 .debug_macro   0x0000000000023f26       0x4c src/syscalls.o
 .debug_macro   0x0000000000023f72       0x94 src/syscalls.o
 .debug_macro   0x0000000000024006       0x57 src/syscalls.o
 .debug_macro   0x000000000002405d      0x339 src/syscalls.o
 .debug_macro   0x0000000000024396       0x10 src/syscalls.o
 .debug_macro   0x00000000000243a6       0x10 src/syscalls.o
 .debug_macro   0x00000000000243b6       0x10 src/syscalls.o
 .debug_macro   0x00000000000243c6       0x10 src/syscalls.o
 .debug_macro   0x00000000000243d6       0x1c src/syscalls.o
 .debug_macro   0x00000000000243f2       0x52 src/syscalls.o
 .debug_macro   0x0000000000024444       0x22 src/syscalls.o
 .debug_macro   0x0000000000024466       0x10 src/syscalls.o
 .debug_macro   0x0000000000024476       0x40 src/syscalls.o
 .debug_macro   0x00000000000244b6       0xd5 src/syscalls.o
 .debug_macro   0x000000000002458b       0x1c src/syscalls.o
 .debug_macro   0x00000000000245a7       0x3d src/syscalls.o
 .debug_macro   0x00000000000245e4       0x35 src/syscalls.o
 .debug_macro   0x0000000000024619      0x12c src/syscalls.o
 .debug_macro   0x0000000000024745       0x10 src/syscalls.o
 .debug_macro   0x0000000000024755      0x241 src/syscalls.o
 .debug_macro   0x0000000000024996       0x1c src/syscalls.o
 .debug_macro   0x00000000000249b2       0x10 src/syscalls.o
 .debug_macro   0x00000000000249c2       0x10 src/syscalls.o
 .debug_macro   0x00000000000249d2       0x16 src/syscalls.o
 .debug_macro   0x00000000000249e8      0x145 src/syscalls.o
 .debug_macro   0x0000000000024b2d      0x189 src/syscalls.o
 .debug_macro   0x0000000000024cb6       0x16 src/syscalls.o
 .debug_macro   0x0000000000024ccc       0xce src/syscalls.o
 .debug_macro   0x0000000000024d9a      0x35b src/system_stm32f4xx.o
 .debug_macro   0x00000000000250f5      0x3b5 C:\DDCM\stm32f407g-disc1_hal_lib\Debug\libstm32f407g-disc1_hal_lib.a(stm32f4xx_hal.o)
 .debug_macro   0x00000000000254aa      0xaa8 C:\DDCM\stm32f407g-disc1_hal_lib\Debug\libstm32f407g-disc1_hal_lib.a(stm32f4xx_hal.o)
 .debug_macro   0x0000000000025f52       0x32 C:\DDCM\stm32f407g-disc1_hal_lib\Debug\libstm32f407g-disc1_hal_lib.a(stm32f4xx_hal.o)
 .debug_macro   0x0000000000025f84      0x355 C:\DDCM\stm32f407g-disc1_hal_lib\Debug\libstm32f407g-disc1_hal_lib.a(stm32f4xx_hal_cortex.o)
 .debug_macro   0x00000000000262d9      0x35b C:\DDCM\stm32f407g-disc1_hal_lib\Debug\libstm32f407g-disc1_hal_lib.a(stm32f4xx_hal_dma.o)
 .debug_macro   0x0000000000026634      0x38b C:\DDCM\stm32f407g-disc1_hal_lib\Debug\libstm32f407g-disc1_hal_lib.a(stm32f4xx_hal_gpio.o)
 .debug_macro   0x00000000000269bf      0x379 C:\DDCM\stm32f407g-disc1_hal_lib\Debug\libstm32f407g-disc1_hal_lib.a(stm32f4xx_hal_rcc.o)
 .debug_macro   0x0000000000026d38      0x39b C:\DDCM\stm32f407g-disc1_hal_lib\Debug\libstm32f407g-disc1_hal_lib.a(stm32f4_discovery_audio.o)
 .debug_macro   0x00000000000270d3       0x10 C:\DDCM\stm32f407g-disc1_hal_lib\Debug\libstm32f407g-disc1_hal_lib.a(stm32f4_discovery_audio.o)
 .debug_macro   0x00000000000270e3      0x1e1 C:\DDCM\stm32f407g-disc1_hal_lib\Debug\libstm32f407g-disc1_hal_lib.a(stm32f4_discovery_audio.o)
 .debug_macro   0x00000000000272c4      0x356 C:\DDCM\stm32f407g-disc1_hal_lib\Debug\libstm32f407g-disc1_hal_lib.a(stm32f4xx_hal_i2s.o)
 .debug_macro   0x000000000002761a      0x355 C:\DDCM\stm32f407g-disc1_hal_lib\Debug\libstm32f407g-disc1_hal_lib.a(stm32f4xx_hal_i2s_ex.o)
 .debug_macro   0x000000000002796f      0x355 C:\DDCM\stm32f407g-disc1_hal_lib\Debug\libstm32f407g-disc1_hal_lib.a(stm32f4xx_hal_rcc_ex.o)
 .debug_macro   0x0000000000027cc4       0x87 C:\DDCM\stm32f407g-disc1_hal_lib\Debug\libstm32f407g-disc1_hal_lib.a(cs43l22.o)
 .debug_macro   0x0000000000027d4b      0x382 C:\DDCM\stm32f407g-disc1_hal_lib\Debug\libstm32f407g-disc1_hal_lib.a(stm32f4_discovery.o)
 .debug_macro   0x00000000000280cd      0x395 C:\DDCM\stm32f407g-disc1_hal_lib\Debug\libstm32f407g-disc1_hal_lib.a(stm32f4xx_hal_i2c.o)
 .debug_macro   0x0000000000028462      0x362 C:\DDCM\LIB_MSE-SE\Debug\libLIB_MSE-SE.a(Entradas.o)
 .debug_macro   0x00000000000287c4      0xac0 C:\DDCM\LIB_MSE-SE\Debug\libLIB_MSE-SE.a(Entradas.o)
 .debug_macro   0x0000000000029284      0x362 C:\DDCM\LIB_MSE-SE\Debug\libLIB_MSE-SE.a(Salidas.o)
 .debug_macro   0x00000000000295e6      0x362 C:\DDCM\LIB_MSE-SE\Debug\libLIB_MSE-SE.a(SysTick.o)

.debug_line     0x0000000000000000    0x13dea
 .debug_line    0x0000000000000000     0x10c1 src/MiAudio.o
 .debug_line    0x00000000000010c1      0xef6 src/main.o
 .debug_line    0x0000000000001fb7      0x83a src/syscalls.o
 .debug_line    0x00000000000027f1      0xab8 src/system_stm32f4xx.o
 .debug_line    0x00000000000032a9       0x7f startup/startup_stm32f407xx.o
 .debug_line    0x0000000000003328      0xce8 C:\DDCM\stm32f407g-disc1_hal_lib\Debug\libstm32f407g-disc1_hal_lib.a(stm32f4xx_hal.o)
 .debug_line    0x0000000000004010      0xfa1 C:\DDCM\stm32f407g-disc1_hal_lib\Debug\libstm32f407g-disc1_hal_lib.a(stm32f4xx_hal_cortex.o)
 .debug_line    0x0000000000004fb1     0x1267 C:\DDCM\stm32f407g-disc1_hal_lib\Debug\libstm32f407g-disc1_hal_lib.a(stm32f4xx_hal_dma.o)
 .debug_line    0x0000000000006218      0xe78 C:\DDCM\stm32f407g-disc1_hal_lib\Debug\libstm32f407g-disc1_hal_lib.a(stm32f4xx_hal_gpio.o)
 .debug_line    0x0000000000007090     0x100d C:\DDCM\stm32f407g-disc1_hal_lib\Debug\libstm32f407g-disc1_hal_lib.a(stm32f4xx_hal_rcc.o)
 .debug_line    0x000000000000809d     0x1171 C:\DDCM\stm32f407g-disc1_hal_lib\Debug\libstm32f407g-disc1_hal_lib.a(stm32f4_discovery_audio.o)
 .debug_line    0x000000000000920e     0x1515 C:\DDCM\stm32f407g-disc1_hal_lib\Debug\libstm32f407g-disc1_hal_lib.a(stm32f4xx_hal_i2s.o)
 .debug_line    0x000000000000a723     0x17d0 C:\DDCM\stm32f407g-disc1_hal_lib\Debug\libstm32f407g-disc1_hal_lib.a(stm32f4xx_hal_i2s_ex.o)
 .debug_line    0x000000000000bef3      0xd08 C:\DDCM\stm32f407g-disc1_hal_lib\Debug\libstm32f407g-disc1_hal_lib.a(stm32f4xx_hal_rcc_ex.o)
 .debug_line    0x000000000000cbfb      0x6b5 C:\DDCM\stm32f407g-disc1_hal_lib\Debug\libstm32f407g-disc1_hal_lib.a(cs43l22.o)
 .debug_line    0x000000000000d2b0      0xdc3 C:\DDCM\stm32f407g-disc1_hal_lib\Debug\libstm32f407g-disc1_hal_lib.a(stm32f4_discovery.o)
 .debug_line    0x000000000000e073     0x3996 C:\DDCM\stm32f407g-disc1_hal_lib\Debug\libstm32f407g-disc1_hal_lib.a(stm32f4xx_hal_i2c.o)
 .debug_line    0x0000000000011a09      0x157 C:\DDCM\5-AudioDSP\LibDsp\GCC\libarm_cortexM4lf_math.a(arm_fir_init_f32.o)
 .debug_line    0x0000000000011b60      0x31c C:\DDCM\5-AudioDSP\LibDsp\GCC\libarm_cortexM4lf_math.a(arm_fir_f32.o)
 .debug_line    0x0000000000011e7c      0xa40 C:\DDCM\LIB_MSE-SE\Debug\libLIB_MSE-SE.a(Entradas.o)
 .debug_line    0x00000000000128bc      0xa69 C:\DDCM\LIB_MSE-SE\Debug\libLIB_MSE-SE.a(Salidas.o)
 .debug_line    0x0000000000013325      0xac5 C:\DDCM\LIB_MSE-SE\Debug\libLIB_MSE-SE.a(SysTick.o)

.debug_str      0x0000000000000000    0xef824
 .debug_str     0x0000000000000000    0xe9860 src/MiAudio.o
                                      0xe9d09 (size before relaxing)
 .debug_str     0x00000000000e9860      0x352 src/main.o
                                      0xe9c1b (size before relaxing)
 .debug_str     0x00000000000e9bb2     0x25c7 src/syscalls.o
                                       0x8f0e (size before relaxing)
 .debug_str     0x00000000000ec179       0xbf src/system_stm32f4xx.o
                                      0xe3191 (size before relaxing)
 .debug_str     0x00000000000ec238       0x2f startup/startup_stm32f407xx.o
                                         0x48 (size before relaxing)
 .debug_str     0x00000000000ec267      0xa80 C:\DDCM\stm32f407g-disc1_hal_lib\Debug\libstm32f407g-disc1_hal_lib.a(stm32f4xx_hal.o)
                                      0xe3c98 (size before relaxing)
 .debug_str     0x00000000000ecce7      0x387 C:\DDCM\stm32f407g-disc1_hal_lib\Debug\libstm32f407g-disc1_hal_lib.a(stm32f4xx_hal_cortex.o)
                                      0xe3a13 (size before relaxing)
 .debug_str     0x00000000000ed06e      0x30b C:\DDCM\stm32f407g-disc1_hal_lib\Debug\libstm32f407g-disc1_hal_lib.a(stm32f4xx_hal_dma.o)
                                      0xe356c (size before relaxing)
 .debug_str     0x00000000000ed379      0x21a C:\DDCM\stm32f407g-disc1_hal_lib\Debug\libstm32f407g-disc1_hal_lib.a(stm32f4xx_hal_gpio.o)
                                      0xe3396 (size before relaxing)
 .debug_str     0x00000000000ed593      0x24c C:\DDCM\stm32f407g-disc1_hal_lib\Debug\libstm32f407g-disc1_hal_lib.a(stm32f4xx_hal_rcc.o)
                                      0xe3539 (size before relaxing)
 .debug_str     0x00000000000ed7df      0x53e C:\DDCM\stm32f407g-disc1_hal_lib\Debug\libstm32f407g-disc1_hal_lib.a(stm32f4_discovery_audio.o)
                                      0xe60f7 (size before relaxing)
 .debug_str     0x00000000000edd1d      0x201 C:\DDCM\stm32f407g-disc1_hal_lib\Debug\libstm32f407g-disc1_hal_lib.a(stm32f4xx_hal_i2s.o)
                                      0xe36f5 (size before relaxing)
 .debug_str     0x00000000000edf1e      0x1ea C:\DDCM\stm32f407g-disc1_hal_lib\Debug\libstm32f407g-disc1_hal_lib.a(stm32f4xx_hal_i2s_ex.o)
                                      0xe3649 (size before relaxing)
 .debug_str     0x00000000000ee108      0x101 C:\DDCM\stm32f407g-disc1_hal_lib\Debug\libstm32f407g-disc1_hal_lib.a(stm32f4xx_hal_rcc_ex.o)
                                      0xe328c (size before relaxing)
 .debug_str     0x00000000000ee209      0x184 C:\DDCM\stm32f407g-disc1_hal_lib\Debug\libstm32f407g-disc1_hal_lib.a(cs43l22.o)
                                       0x4699 (size before relaxing)
 .debug_str     0x00000000000ee38d      0x7ab C:\DDCM\stm32f407g-disc1_hal_lib\Debug\libstm32f407g-disc1_hal_lib.a(stm32f4_discovery.o)
                                      0xe4e47 (size before relaxing)
 .debug_str     0x00000000000eeb38      0xa52 C:\DDCM\stm32f407g-disc1_hal_lib\Debug\libstm32f407g-disc1_hal_lib.a(stm32f4xx_hal_i2c.o)
                                      0xe4078 (size before relaxing)
 .debug_str     0x00000000000ef58a      0x178 C:\DDCM\5-AudioDSP\LibDsp\GCC\libarm_cortexM4lf_math.a(arm_fir_init_f32.o)
                                        0x278 (size before relaxing)
 .debug_str     0x00000000000ef702       0x86 C:\DDCM\5-AudioDSP\LibDsp\GCC\libarm_cortexM4lf_math.a(arm_fir_f32.o)
                                        0x2b3 (size before relaxing)
 .debug_str     0x00000000000ef788       0x38 C:\DDCM\LIB_MSE-SE\Debug\libLIB_MSE-SE.a(Entradas.o)
                                      0xe3269 (size before relaxing)
 .debug_str     0x00000000000ef7c0       0x28 C:\DDCM\LIB_MSE-SE\Debug\libLIB_MSE-SE.a(Salidas.o)
                                      0xe32a7 (size before relaxing)
 .debug_str     0x00000000000ef7e8       0x3c C:\DDCM\LIB_MSE-SE\Debug\libLIB_MSE-SE.a(SysTick.o)
                                      0xe3826 (size before relaxing)

.comment        0x0000000000000000       0xc1
 .comment       0x0000000000000000       0x53 src/MiAudio.o
                                         0x54 (size before relaxing)
 .comment       0x0000000000000053       0x54 src/main.o
 .comment       0x0000000000000053       0x54 src/syscalls.o
 .comment       0x0000000000000053       0x54 src/system_stm32f4xx.o
 .comment       0x0000000000000053       0x54 C:\DDCM\stm32f407g-disc1_hal_lib\Debug\libstm32f407g-disc1_hal_lib.a(stm32f4xx_hal.o)
 .comment       0x0000000000000053       0x54 C:\DDCM\stm32f407g-disc1_hal_lib\Debug\libstm32f407g-disc1_hal_lib.a(stm32f4xx_hal_cortex.o)
 .comment       0x0000000000000053       0x54 C:\DDCM\stm32f407g-disc1_hal_lib\Debug\libstm32f407g-disc1_hal_lib.a(stm32f4xx_hal_dma.o)
 .comment       0x0000000000000053       0x54 C:\DDCM\stm32f407g-disc1_hal_lib\Debug\libstm32f407g-disc1_hal_lib.a(stm32f4xx_hal_gpio.o)
 .comment       0x0000000000000053       0x54 C:\DDCM\stm32f407g-disc1_hal_lib\Debug\libstm32f407g-disc1_hal_lib.a(stm32f4xx_hal_rcc.o)