Archive member included to satisfy reference by file (symbol)

C:\DDCM\stm32f407g-disc1_hal_lib\Debug\libstm32f407g-disc1_hal_lib.a(stm32f4xx_hal.o)
                              src/main.o (HAL_Delay)
C:\DDCM\stm32f407g-disc1_hal_lib\Debug\libstm32f407g-disc1_hal_lib.a(stm32f4xx_hal_adc.o)
                              src/main.o (HAL_ADC_Start_IT)
C:\DDCM\stm32f407g-disc1_hal_lib\Debug\libstm32f407g-disc1_hal_lib.a(stm32f4xx_hal_adc_ex.o)
                              C:\DDCM\stm32f407g-disc1_hal_lib\Debug\libstm32f407g-disc1_hal_lib.a(stm32f4xx_hal_adc.o) (HAL_ADCEx_InjectedConvCpltCallback)
C:\DDCM\stm32f407g-disc1_hal_lib\Debug\libstm32f407g-disc1_hal_lib.a(stm32f4xx_hal_cortex.o)
                              C:\DDCM\stm32f407g-disc1_hal_lib\Debug\libstm32f407g-disc1_hal_lib.a(stm32f4xx_hal.o) (HAL_NVIC_SetPriorityGrouping)
C:\DDCM\stm32f407g-disc1_hal_lib\Debug\libstm32f407g-disc1_hal_lib.a(stm32f4xx_hal_dma.o)
                              C:\DDCM\stm32f407g-disc1_hal_lib\Debug\libstm32f407g-disc1_hal_lib.a(stm32f4xx_hal_adc.o) (HAL_DMA_Start_IT)
C:\DDCM\stm32f407g-disc1_hal_lib\Debug\libstm32f407g-disc1_hal_lib.a(stm32f4xx_hal_gpio.o)
                              src/main.o (HAL_GPIO_WritePin)
C:\DDCM\LIB_MSE-SE\Debug\libLIB_MSE-SE.a(ConversorxInts.o)
                              src/main.o (ADC1_TIM3_Init)
C:\DDCM\LIB_MSE-SE\Debug\libLIB_MSE-SE.a(Salidas.o)
                              src/main.o (Out_Init)
C:\DDCM\LIB_MSE-SE\Debug\libLIB_MSE-SE.a(SysTick.o)
                              src/main.o (SysTick_Init)
C:\DDCM\stm32f407g-disc1_hal_lib\Debug\libstm32f407g-disc1_hal_lib.a(stm32f4xx_hal_tim.o)
                              C:\DDCM\LIB_MSE-SE\Debug\libLIB_MSE-SE.a(ConversorxInts.o) (HAL_TIM_PWM_Init)
C:\DDCM\stm32f407g-disc1_hal_lib\Debug\libstm32f407g-disc1_hal_lib.a(stm32f4xx_hal_tim_ex.o)
                              C:\DDCM\stm32f407g-disc1_hal_lib\Debug\libstm32f407g-disc1_hal_lib.a(stm32f4xx_hal_tim.o) (TIMEx_DMACommutationCplt)
c:/st/stm32cubeide_1.6.1/stm32cubeide/plugins/com.st.stm32cube.ide.mcu.externaltools.gnu-tools-for-stm32.9-2020-q2-update.win32_1.5.0.202011040924/tools/bin/../lib/gcc/arm-none-eabi/9.3.1/../../../../arm-none-eabi/lib/thumb/v7e-m+fp/hard\libc_nano.a(lib_a-errno.o)
                              src/syscalls.o (__errno)
c:/st/stm32cubeide_1.6.1/stm32cubeide/plugins/com.st.stm32cube.ide.mcu.externaltools.gnu-tools-for-stm32.9-2020-q2-update.win32_1.5.0.202011040924/tools/bin/../lib/gcc/arm-none-eabi/9.3.1/../../../../arm-none-eabi/lib/thumb/v7e-m+fp/hard\libc_nano.a(lib_a-exit.o)
                              c:/st/stm32cubeide_1.6.1/stm32cubeide/plugins/com.st.stm32cube.ide.mcu.externaltools.gnu-tools-for-stm32.9-2020-q2-update.win32_1.5.0.202011040924/tools/bin/../lib/gcc/arm-none-eabi/9.3.1/../../../../arm-none-eabi/lib/thumb/v7e-m+fp/hard/crt0.o (exit)
c:/st/stm32cubeide_1.6.1/stm32cubeide/plugins/com.st.stm32cube.ide.mcu.externaltools.gnu-tools-for-stm32.9-2020-q2-update.win32_1.5.0.202011040924/tools/bin/../lib/gcc/arm-none-eabi/9.3.1/../../../../arm-none-eabi/lib/thumb/v7e-m+fp/hard\libc_nano.a(lib_a-impure.o)
                              c:/st/stm32cubeide_1.6.1/stm32cubeide/plugins/com.st.stm32cube.ide.mcu.externaltools.gnu-tools-for-stm32.9-2020-q2-update.win32_1.5.0.202011040924/tools/bin/../lib/gcc/arm-none-eabi/9.3.1/../../../../arm-none-eabi/lib/thumb/v7e-m+fp/hard\libc_nano.a(lib_a-exit.o) (_global_impure_ptr)
c:/st/stm32cubeide_1.6.1/stm32cubeide/plugins/com.st.stm32cube.ide.mcu.externaltools.gnu-tools-for-stm32.9-2020-q2-update.win32_1.5.0.202011040924/tools/bin/../lib/gcc/arm-none-eabi/9.3.1/../../../../arm-none-eabi/lib/thumb/v7e-m+fp/hard\libc_nano.a(lib_a-init.o)
                              c:/st/stm32cubeide_1.6.1/stm32cubeide/plugins/com.st.stm32cube.ide.mcu.externaltools.gnu-tools-for-stm32.9-2020-q2-update.win32_1.5.0.202011040924/tools/bin/../lib/gcc/arm-none-eabi/9.3.1/../../../../arm-none-eabi/lib/thumb/v7e-m+fp/hard/crt0.o (__libc_init_array)
c:/st/stm32cubeide_1.6.1/stm32cubeide/plugins/com.st.stm32cube.ide.mcu.externaltools.gnu-tools-for-stm32.9-2020-q2-update.win32_1.5.0.202011040924/tools/bin/../lib/gcc/arm-none-eabi/9.3.1/../../../../arm-none-eabi/lib/thumb/v7e-m+fp/hard\libc_nano.a(lib_a-memset.o)
                              c:/st/stm32cubeide_1.6.1/stm32cubeide/plugins/com.st.stm32cube.ide.mcu.externaltools.gnu-tools-for-stm32.9-2020-q2-update.win32_1.5.0.202011040924/tools/bin/../lib/gcc/arm-none-eabi/9.3.1/../../../../arm-none-eabi/lib/thumb/v7e-m+fp/hard/crt0.o (memset)
c:/st/stm32cubeide_1.6.1/stm32cubeide/plugins/com.st.stm32cube.ide.mcu.externaltools.gnu-tools-for-stm32.9-2020-q2-update.win32_1.5.0.202011040924/tools/bin/../lib/gcc/arm-none-eabi/9.3.1/../../../../arm-none-eabi/lib/thumb/v7e-m+fp/hard\libm.a(lib_a-w_log.o)
                              src/main.o (log)
[...]
Memory Configuration

Name             Origin             Length             Attributes
FLASH            0x0000000008000000 0x0000000000100000 xr
RAM              0x0000000020000000 0x0000000000030000 xrw
MEMORY_B1        0x0000000060000000 0x0000000000000000 xr
*default*        0x0000000000000000 0xffffffffffffffff

Linker script and memory map

LOAD c:/st/stm32cubeide_1.6.1/stm32cubeide/plugins/com.st.stm32cube.ide.mcu.externaltools.gnu-tools-for-stm32.9-2020-q2-update.win32_1.5.0.202011040924/tools/bin/../lib/gcc/arm-none-eabi/9.3.1/thumb/v7e-m+fp/hard/crti.o
LOAD c:/st/stm32cubeide_1.6.1/stm32cubeide/plugins/com.st.stm32cube.ide.mcu.externaltools.gnu-tools-for-stm32.9-2020-q2-update.win32_1.5.0.202011040924/tools/bin/../lib/gcc/arm-none-eabi/9.3.1/thumb/v7e-m+fp/hard/crtbegin.o
LOAD c:/st/stm32cubeide_1.6.1/stm32cubeide/plugins/com.st.stm32cube.ide.mcu.externaltools.gnu-tools-for-stm32.9-2020-q2-update.win32_1.5.0.202011040924/tools/bin/../lib/gcc/arm-none-eabi/9.3.1/../../../../arm-none-eabi/lib/thumb/v7e-m+fp/hard/crt0.o
LOAD src/main.o
LOAD src/syscalls.o
LOAD src/system_stm32f4xx.o
LOAD startup/startup_stm32f407xx.o
LOAD C:\DDCM\stm32f407g-disc1_hal_lib\Debug\libstm32f407g-disc1_hal_lib.a
LOAD C:\DDCM\LIB_MSE-SE\Debug\libLIB_MSE-SE.a
START GROUP
LOAD C:\DDCM\stm32f407g-disc1_hal_lib\Debug\libstm32f407g-disc1_hal_lib.a
LOAD C:\DDCM\LIB_MSE-SE\Debug\libLIB_MSE-SE.a
END GROUP
START GROUP
LOAD c:/st/stm32cubeide_1.6.1/stm32cubeide/plugins/com.st.stm32cube.ide.mcu.externaltools.gnu-tools-for-stm32.9-2020-q2-update.win32_1.5.0.202011040924/tools/bin/../lib/gcc/arm-none-eabi/9.3.1/../../../../arm-none-eabi/lib/thumb/v7e-m+fp/hard\libc_nano.a
LOAD c:/st/stm32cubeide_1.6.1/stm32cubeide/plugins/com.st.stm32cube.ide.mcu.externaltools.gnu-tools-for-stm32.9-2020-q2-update.win32_1.5.0.202011040924/tools/bin/../lib/gcc/arm-none-eabi/9.3.1/../../../../arm-none-eabi/lib/thumb/v7e-m+fp/hard\libm.a
END GROUP
START GROUP
LOAD c:/st/stm32cubeide_1.6.1/stm32cubeide/plugins/com.st.stm32cube.ide.mcu.externaltools.gnu-tools-for-stm32.9-2020-q2-update.win32_1.5.0.202011040924/tools/bin/../lib/gcc/arm-none-eabi/9.3.1/thumb/v7e-m+fp/hard\libgcc.a
LOAD c:/st/stm32cubeide_1.6.1/stm32cubeide/plugins/com.st.stm32cube.ide.mcu.externaltools.gnu-tools-for-stm32.9-2020-q2-update.win32_1.5.0.202011040924/tools/bin/../lib/gcc/arm-none-eabi/9.3.1/../../../../arm-none-eabi/lib/thumb/v7e-m+fp/hard\libc_nano.a
END GROUP
START GROUP
LOAD c:/st/stm32cubeide_1.6.1/stm32cubeide/plugins/com.st.stm32cube.ide.mcu.externaltools.gnu-tools-for-stm32.9-2020-q2-update.win32_1.5.0.202011040924/tools/bin/../lib/gcc/arm-none-eabi/9.3.1/thumb/v7e-m+fp/hard\libgcc.a
LOAD c:/st/stm32cubeide_1.6.1/stm32cubeide/plugins/com.st.stm32cube.ide.mcu.externaltools.gnu-tools-for-stm32.9-2020-q2-update.win32_1.5.0.202011040924/tools/bin/../lib/gcc/arm-none-eabi/9.3.1/../../../../arm-none-eabi/lib/thumb/v7e-m+fp/hard\libc_nano.a
LOAD c:/st/stm32cubeide_1.6.1/stm32cubeide/plugins/com.st.stm32cube.ide.mcu.externaltools.gnu-tools-for-stm32.9-2020-q2-update.win32_1.5.0.202011040924/tools/bin/../lib/gcc/arm-none-eabi/9.3.1/../../../../arm-none-eabi/lib/thumb/v7e-m+fp/hard\libnosys.a
END GROUP
START GROUP
LOAD c:/st/stm32cubeide_1.6.1/stm32cubeide/plugins/com.st.stm32cube.ide.mcu.externaltools.gnu-tools-for-stm32.9-2020-q2-update.win32_1.5.0.202011040924/tools/bin/../lib/gcc/arm-none-eabi/9.3.1/thumb/v7e-m+fp/hard\libgcc.a
LOAD c:/st/stm32cubeide_1.6.1/stm32cubeide/plugins/com.st.stm32cube.ide.mcu.externaltools.gnu-tools-for-stm32.9-2020-q2-update.win32_1.5.0.202011040924/tools/bin/../lib/gcc/arm-none-eabi/9.3.1/../../../../arm-none-eabi/lib/thumb/v7e-m+fp/hard\libc_nano.a
LOAD c:/st/stm32cubeide_1.6.1/stm32cubeide/plugins/com.st.stm32cube.ide.mcu.externaltools.gnu-tools-for-stm32.9-2020-q2-update.win32_1.5.0.202011040924/tools/bin/../lib/gcc/arm-none-eabi/9.3.1/../../../../arm-none-eabi/lib/thumb/v7e-m+fp/hard\libnosys.a
END GROUP
LOAD c:/st/stm32cubeide_1.6.1/stm32cubeide/plugins/com.st.stm32cube.ide.mcu.externaltools.gnu-tools-for-stm32.9-2020-q2-update.win32_1.5.0.202011040924/tools/bin/../lib/gcc/arm-none-eabi/9.3.1/thumb/v7e-m+fp/hard/crtend.o
LOAD c:/st/stm32cubeide_1.6.1/stm32cubeide/plugins/com.st.stm32cube.ide.mcu.externaltools.gnu-tools-for-stm32.9-2020-q2-update.win32_1.5.0.202011040924/tools/bin/../lib/gcc/arm-none-eabi/9.3.1/thumb/v7e-m+fp/hard/crtn.o
                0x0000000020020000                _estack = 0x20020000
                0x0000000000000000                _Min_Heap_Size = 0x0
                0x0000000000000400                _Min_Stack_Size = 0x400

.isr_vector     0x0000000008000000      0x188
                0x0000000008000000                . = ALIGN (0x4)
 *(.isr_vector)
 .isr_vector    0x0000000008000000      0x188 startup/startup_stm32f407xx.o
                0x0000000008000000                g_pfnVectors
                0x0000000008000188                . = ALIGN (0x4)

.text           0x0000000008000188     0x2c88
                0x0000000008000188                . = ALIGN (0x4)
 *(.text)
 .text          0x0000000008000188       0x40 c:/st/stm32cubeide_1.6.1/stm32cubeide/plugins/com.st.stm32cube.ide.mcu.externaltools.gnu-tools-for-stm32.9-2020-q2-update.win32_1.5.0.202011040924/tools/bin/../lib/gcc/arm-none-eabi/9.3.1/thumb/v7e-m+fp/hard/crtbegin.o
 .text          0x00000000080001c8      0x378 c:/st/stm32cubeide_1.6.1/stm32cubeide/plugins/com.st.stm32cube.ide.mcu.externaltools.gnu-tools-for-stm32.9-2020-q2-update.win32_1.5.0.202011040924/tools/bin/../lib/gcc/arm-none-eabi/9.3.1/thumb/v7e-m+fp/hard\libgcc.a(_arm_addsubdf3.o)
                0x00000000080001c8                __aeabi_drsub
                0x00000000080001d0                __aeabi_dsub
                0x00000000080001d0                __subdf3
                0x00000000080001d4                __aeabi_dadd
                0x00000000080001d4                __adddf3
                0x000000000800044c                __floatunsidf
                0x000000000800044c                __aeabi_ui2d
                0x000000000800046c                __floatsidf
                0x000000000800046c                __aeabi_i2d
                0x0000000008000490                __aeabi_f2d
                0x0000000008000490                __extendsfdf2
                0x00000000080004d4                __floatundidf
                0x00000000080004d4                __aeabi_ul2d
                0x00000000080004e4                __floatdidf
                0x00000000080004e4                __aeabi_l2d
 .text          0x0000000008000540      0x424 c:/st/stm32cubeide_1.6.1/stm32cubeide/plugins/com.st.stm32cube.ide.mcu.externaltools.gnu-tools-for-stm32.9-2020-q2-update.win32_1.5.0.202011040924/tools/bin/../lib/gcc/arm-none-eabi/9.3.1/thumb/v7e-m+fp/hard\libgcc.a(_arm_muldivdf3.o)
                0x0000000008000540                __aeabi_dmul
                0x0000000008000540                __muldf3
                0x0000000008000794                __divdf3
                0x0000000008000794                __aeabi_ddiv
 .text          0x0000000008000964      0x110 c:/st/stm32cubeide_1.6.1/stm32cubeide/plugins/com.st.stm32cube.ide.mcu.externaltools.gnu-tools-for-stm32.9-2020-q2-update.win32_1.5.0.202011040924/tools/bin/../lib/gcc/arm-none-eabi/9.3.1/thumb/v7e-m+fp/hard\libgcc.a(_arm_cmpdf2.o)
                0x0000000008000964                __gtdf2
                0x0000000008000964                __gedf2
                0x000000000800096c                __ltdf2
                0x000000000800096c                __ledf2
                0x0000000008000974                __nedf2
                0x0000000008000974                __eqdf2
                0x0000000008000974                __cmpdf2
                0x00000000080009f0                __aeabi_cdrcmple
                0x0000000008000a00                __aeabi_cdcmpeq
                0x0000000008000a00                __aeabi_cdcmple
                0x0000000008000a10                __aeabi_dcmpeq
                0x0000000008000a24                __aeabi_dcmplt
                0x0000000008000a38                __aeabi_dcmple
                0x0000000008000a4c                __aeabi_dcmpge
                0x0000000008000a60                __aeabi_dcmpgt
 .text          0x0000000008000a74       0x2c c:/st/stm32cubeide_1.6.1/stm32cubeide/plugins/com.st.stm32cube.ide.mcu.externaltools.gnu-tools-for-stm32.9-2020-q2-update.win32_1.5.0.202011040924/tools/bin/../lib/gcc/arm-none-eabi/9.3.1/thumb/v7e-m+fp/hard\libgcc.a(_arm_unorddf2.o)
                0x0000000008000a74                __unorddf2
                0x0000000008000a74                __aeabi_dcmpun
 .text          0x0000000008000aa0       0xa0 c:/st/stm32cubeide_1.6.1/stm32cubeide/plugins/com.st.stm32cube.ide.mcu.externaltools.gnu-tools-for-stm32.9-2020-q2-update.win32_1.5.0.202011040924/tools/bin/../lib/gcc/arm-none-eabi/9.3.1/thumb/v7e-m+fp/hard\libgcc.a(_arm_truncdfsf2.o)
                0x0000000008000aa0                __truncdfsf2
                0x0000000008000aa0                __aeabi_d2f
 *(.text*)
 .text.main     0x0000000008000b40      0x270 src/main.o
                0x0000000008000b40                main
 .text.SysTickHook
                0x0000000008000db0      0x170 src/main.o
                0x0000000008000db0                SysTickHook
 .text.ADCIRQHook
                0x0000000008000f20       0x20 src/main.o
                0x0000000008000f20                ADCIRQHook
 .text.Error_Handler
                0x0000000008000f40        0x6 src/main.o
                0x0000000008000f40                Error_Handler
 *fill*         0x0000000008000f46        0x2 
 .text.SystemInit
                0x0000000008000f48       0x6c src/system_stm32f4xx.o
                0x0000000008000f48                SystemInit
 .text.Reset_Handler
                0x0000000008000fb4       0x50 startup/startup_stm32f407xx.o
                0x0000000008000fb4                Reset_Handler
 .text.Default_Handler
                0x0000000008001004        0x2 startup/startup_stm32f407xx.o
                0x0000000008001004                RTC_Alarm_IRQHandler
                0x0000000008001004                HASH_RNG_IRQHandler
                0x0000000008001004                EXTI2_IRQHandler
                0x0000000008001004                TIM8_CC_IRQHandler
                0x0000000008001004                DebugMon_Handler
                0x0000000008001004                TIM1_CC_IRQHandler
                0x0000000008001004                DMA2_Stream5_IRQHandler
                0x0000000008001004                HardFault_Handler
                0x0000000008001004                DMA1_Stream5_IRQHandler
                0x0000000008001004                PVD_IRQHandler
                0x0000000008001004                SDIO_IRQHandler
                0x0000000008001004                TAMP_STAMP_IRQHandler
                0x0000000008001004                PendSV_Handler
                0x0000000008001004                NMI_Handler
                0x0000000008001004                CAN2_RX1_IRQHandler
                0x0000000008001004                EXTI3_IRQHandler
                0x0000000008001004                TIM8_TRG_COM_TIM14_IRQHandler
                0x0000000008001004                TIM1_UP_TIM10_IRQHandler
                0x0000000008001004                TIM8_UP_TIM13_IRQHandler
                0x0000000008001004                I2C3_ER_IRQHandler
                0x0000000008001004                EXTI0_IRQHandler
                0x0000000008001004                I2C2_EV_IRQHandler
                0x0000000008001004                DMA1_Stream2_IRQHandler
                0x0000000008001004                CAN1_RX0_IRQHandler
                0x0000000008001004                FPU_IRQHandler
                0x0000000008001004                OTG_HS_WKUP_IRQHandler
                0x0000000008001004                UsageFault_Handler
                0x0000000008001004                CAN2_SCE_IRQHandler
                0x0000000008001004                DMA2_Stream2_IRQHandler
                0x0000000008001004                SPI1_IRQHandler
                0x0000000008001004                TIM6_DAC_IRQHandler
                0x0000000008001004                TIM1_BRK_TIM9_IRQHandler
                0x0000000008001004                DCMI_IRQHandler
                0x0000000008001004                CAN2_RX0_IRQHandler
                0x0000000008001004                DMA2_Stream3_IRQHandler
                0x0000000008001004                USART6_IRQHandler
                0x0000000008001004                USART3_IRQHandler
                0x0000000008001004                CAN1_RX1_IRQHandler
                0x0000000008001004                UART5_IRQHandler
                0x0000000008001004                DMA2_Stream0_IRQHandler
                0x0000000008001004                TIM4_IRQHandler
                0x0000000008001004                I2C1_EV_IRQHandler
                0x0000000008001004                DMA1_Stream6_IRQHandler
                0x0000000008001004                DMA1_Stream1_IRQHandler
                0x0000000008001004                UART4_IRQHandler
                0x0000000008001004                TIM3_IRQHandler
                0x0000000008001004                RCC_IRQHandler
                0x0000000008001004                TIM8_BRK_TIM12_IRQHandler
                0x0000000008001004                Default_Handler
                0x0000000008001004                EXTI15_10_IRQHandler
                0x0000000008001004                DMA1_Stream7_IRQHandler
                0x0000000008001004                TIM7_IRQHandler
                0x0000000008001004                CAN2_TX_IRQHandler
                0x0000000008001004                TIM5_IRQHandler
                0x0000000008001004                DMA2_Stream7_IRQHandler
                0x0000000008001004                I2C3_EV_IRQHandler
                0x0000000008001004                EXTI9_5_IRQHandler
                0x0000000008001004                RTC_WKUP_IRQHandler
                0x0000000008001004                ETH_WKUP_IRQHandler
                0x0000000008001004                SPI2_IRQHandler
                0x0000000008001004                OTG_HS_EP1_IN_IRQHandler
                0x0000000008001004                MemManage_Handler
                0x0000000008001004                DMA1_Stream0_IRQHandler
                0x0000000008001004                CAN1_TX_IRQHandler
                0x0000000008001004                SVC_Handler
                0x0000000008001004                EXTI4_IRQHandler
                0x0000000008001004                FSMC_IRQHandler
                0x0000000008001004                ETH_IRQHandler
                0x0000000008001004                OTG_HS_EP1_OUT_IRQHandler
                0x0000000008001004                WWDG_IRQHandler
                0x0000000008001004                TIM2_IRQHandler
                0x0000000008001004                OTG_FS_WKUP_IRQHandler
                0x0000000008001004                TIM1_TRG_COM_TIM11_IRQHandler
                0x0000000008001004                OTG_HS_IRQHandler
                0x0000000008001004                EXTI1_IRQHandler
                0x0000000008001004                USART2_IRQHandler
                0x0000000008001004                I2C2_ER_IRQHandler
                0x0000000008001004                DMA2_Stream1_IRQHandler
                0x0000000008001004                CAN1_SCE_IRQHandler
                0x0000000008001004                FLASH_IRQHandler
                0x0000000008001004                DMA2_Stream4_IRQHandler
                0x0000000008001004                BusFault_Handler
                0x0000000008001004                USART1_IRQHandler
                0x0000000008001004                OTG_FS_IRQHandler
                0x0000000008001004                SPI3_IRQHandler
                0x0000000008001004                DMA1_Stream4_IRQHandler
                0x0000000008001004                I2C1_ER_IRQHandler
                0x0000000008001004                DMA2_Stream6_IRQHandler
                0x0000000008001004                DMA1_Stream3_IRQHandler
 *fill*         0x0000000008001006        0x2 
 .text.HAL_IncTick
                0x0000000008001008       0x28 C:\DDCM\stm32f407g-disc1_hal_lib\Debug\libstm32f407g-disc1_hal_lib.a(stm32f4xx_hal.o)
                0x0000000008001008                HAL_IncTick
 .text.HAL_GetTick
                0x0000000008001030       0x18 C:\DDCM\stm32f407g-disc1_hal_lib\Debug\libstm32f407g-disc1_hal_lib.a(stm32f4xx_hal.o)
                0x0000000008001030                HAL_GetTick
 .text.HAL_Delay
                0x0000000008001048       0x48 C:\DDCM\stm32f407g-disc1_hal_lib\Debug\libstm32f407g-disc1_hal_lib.a(stm32f4xx_hal.o)
                0x0000000008001048                HAL_Delay
 .text.HAL_ADC_Init
                0x0000000008001090       0x86 C:\DDCM\stm32f407g-disc1_hal_lib\Debug\libstm32f407g-disc1_hal_lib.a(stm32f4xx_hal_adc.o)
                0x0000000008001090                HAL_ADC_Init
 .text.HAL_ADC_MspInit
                0x0000000008001116       0x14 C:\DDCM\stm32f407g-disc1_hal_lib\Debug\libstm32f407g-disc1_hal_lib.a(stm32f4xx_hal_adc.o)
                0x0000000008001116                HAL_ADC_MspInit
 *fill*         0x000000000800112a        0x2 
 .text.HAL_ADC_Start_IT
                0x000000000800112c      0x1a0 C:\DDCM\stm32f407g-disc1_hal_lib\Debug\libstm32f407g-disc1_hal_lib.a(stm32f4xx_hal_adc.o)
                0x000000000800112c                HAL_ADC_Start_IT
 .text.HAL_ADC_IRQHandler
                0x00000000080012cc      0x282 C:\DDCM\stm32f407g-disc1_hal_lib\Debug\libstm32f407g-disc1_hal_lib.a(stm32f4xx_hal_adc.o)
                0x00000000080012cc                HAL_ADC_IRQHandler
 .text.HAL_ADC_GetValue
                0x000000000800154e       0x1a C:\DDCM\stm32f407g-disc1_hal_lib\Debug\libstm32f407g-disc1_hal_lib.a(stm32f4xx_hal_adc.o)
                0x000000000800154e                HAL_ADC_GetValue
 .text.HAL_ADC_LevelOutOfWindowCallback
                0x0000000008001568       0x14 C:\DDCM\stm32f407g-disc1_hal_lib\Debug\libstm32f407g-disc1_hal_lib.a(stm32f4xx_hal_adc.o)
                0x0000000008001568                HAL_ADC_LevelOutOfWindowCallback
 .text.HAL_ADC_ErrorCallback
                0x000000000800157c       0x14 C:\DDCM\stm32f407g-disc1_hal_lib\Debug\libstm32f407g-disc1_hal_lib.a(stm32f4xx_hal_adc.o)
                0x000000000800157c                HAL_ADC_ErrorCallback
 .text.HAL_ADC_ConfigChannel
                0x0000000008001590      0x244 C:\DDCM\stm32f407g-disc1_hal_lib\Debug\libstm32f407g-disc1_hal_lib.a(stm32f4xx_hal_adc.o)
                0x0000000008001590                HAL_ADC_ConfigChannel
 .text.ADC_Init
                0x00000000080017d4      0x1f8 C:\DDCM\stm32f407g-disc1_hal_lib\Debug\libstm32f407g-disc1_hal_lib.a(stm32f4xx_hal_adc.o)
 .text.HAL_ADCEx_InjectedConvCpltCallback
                0x00000000080019cc       0x14 C:\DDCM\stm32f407g-disc1_hal_lib\Debug\libstm32f407g-disc1_hal_lib.a(stm32f4xx_hal_adc_ex.o)
                0x00000000080019cc                HAL_ADCEx_InjectedConvCpltCallback
 .text.__NVIC_GetPriorityGrouping
                0x00000000080019e0       0x1c C:\DDCM\stm32f407g-disc1_hal_lib\Debug\libstm32f407g-disc1_hal_lib.a(stm32f4xx_hal_cortex.o)
 .text.__NVIC_EnableIRQ
                0x00000000080019fc       0x3c C:\DDCM\stm32f407g-disc1_hal_lib\Debug\libstm32f407g-disc1_hal_lib.a(stm32f4xx_hal_cortex.o)
 .text.__NVIC_SetPriority
                0x0000000008001a38       0x54 C:\DDCM\stm32f407g-disc1_hal_lib\Debug\libstm32f407g-disc1_hal_lib.a(stm32f4xx_hal_cortex.o)
 .text.NVIC_EncodePriority
                0x0000000008001a8c       0x66 C:\DDCM\stm32f407g-disc1_hal_lib\Debug\libstm32f407g-disc1_hal_lib.a(stm32f4xx_hal_cortex.o)
 .text.HAL_NVIC_SetPriority
                0x0000000008001af2       0x38 C:\DDCM\stm32f407g-disc1_hal_lib\Debug\libstm32f407g-disc1_hal_lib.a(stm32f4xx_hal_cortex.o)
                0x0000000008001af2                HAL_NVIC_SetPriority
 .text.HAL_NVIC_EnableIRQ
                0x0000000008001b2a       0x1c C:\DDCM\stm32f407g-disc1_hal_lib\Debug\libstm32f407g-disc1_hal_lib.a(stm32f4xx_hal_cortex.o)
                0x0000000008001b2a                HAL_NVIC_EnableIRQ
 *fill*         0x0000000008001b46        0x2 
 .text.HAL_GPIO_Init
                0x0000000008001b48      0x338 C:\DDCM\stm32f407g-disc1_hal_lib\Debug\libstm32f407g-disc1_hal_lib.a(stm32f4xx_hal_gpio.o)
                0x0000000008001b48                HAL_GPIO_Init
 .text.HAL_GPIO_WritePin
                0x0000000008001e80       0x32 C:\DDCM\stm32f407g-disc1_hal_lib\Debug\libstm32f407g-disc1_hal_lib.a(stm32f4xx_hal_gpio.o)
                0x0000000008001e80                HAL_GPIO_WritePin
 *fill*         0x0000000008001eb2        0x2 
 .text.ADC1_TIM3_Init
                0x0000000008001eb4      0x184 C:\DDCM\LIB_MSE-SE\Debug\libLIB_MSE-SE.a(ConversorxInts.o)
                0x0000000008001eb4                ADC1_TIM3_Init
 .text.ADC_IRQHandler
                0x0000000008002038       0x14 C:\DDCM\LIB_MSE-SE\Debug\libLIB_MSE-SE.a(ConversorxInts.o)
                0x0000000008002038                ADC_IRQHandler
 .text.HAL_ADC_ConvCpltCallback
                0x000000000800204c       0x26 C:\DDCM\LIB_MSE-SE\Debug\libLIB_MSE-SE.a(ConversorxInts.o)
                0x000000000800204c                HAL_ADC_ConvCpltCallback
 .text.Out_Init
                0x0000000008002072       0x2e C:\DDCM\LIB_MSE-SE\Debug\libLIB_MSE-SE.a(Salidas.o)
                0x0000000008002072                Out_Init
 .text.__NVIC_SetPriority
                0x00000000080020a0       0x54 C:\DDCM\LIB_MSE-SE\Debug\libLIB_MSE-SE.a(SysTick.o)
 .text.SysTick_Config
                0x00000000080020f4       0x44 C:\DDCM\LIB_MSE-SE\Debug\libLIB_MSE-SE.a(SysTick.o)
 .text.SysTick_Handler
                0x0000000008002138       0x10 C:\DDCM\LIB_MSE-SE\Debug\libLIB_MSE-SE.a(SysTick.o)
                0x0000000008002138                SysTick_Handler
 .text.SysTick_Init
                0x0000000008002148       0x28 C:\DDCM\LIB_MSE-SE\Debug\libLIB_MSE-SE.a(SysTick.o)
                0x0000000008002148                SysTick_Init
 .text.HAL_TIM_PWM_Init
                0x0000000008002170       0x56 C:\DDCM\stm32f407g-disc1_hal_lib\Debug\libstm32f407g-disc1_hal_lib.a(stm32f4xx_hal_tim.o)
                0x0000000008002170                HAL_TIM_PWM_Init
 .text.HAL_TIM_PWM_MspInit
                0x00000000080021c6       0x14 C:\DDCM\stm32f407g-disc1_hal_lib\Debug\libstm32f407g-disc1_hal_lib.a(stm32f4xx_hal_tim.o)
                0x00000000080021c6                HAL_TIM_PWM_MspInit
 *fill*         0x00000000080021da        0x2 
 .text.HAL_TIM_PWM_Start
                0x00000000080021dc       0x7c C:\DDCM\stm32f407g-disc1_hal_lib\Debug\libstm32f407g-disc1_hal_lib.a(stm32f4xx_hal_tim.o)
                0x00000000080021dc                HAL_TIM_PWM_Start
 .text.HAL_TIM_PWM_ConfigChannel
                0x0000000008002258      0x18c C:\DDCM\stm32f407g-disc1_hal_lib\Debug\libstm32f407g-disc1_hal_lib.a(stm32f4xx_hal_tim.o)
                0x0000000008002258                HAL_TIM_PWM_ConfigChannel
 .text.TIM_Base_SetConfig
                0x00000000080023e4      0x140 C:\DDCM\stm32f407g-disc1_hal_lib\Debug\libstm32f407g-disc1_hal_lib.a(stm32f4xx_hal_tim.o)
                0x00000000080023e4                TIM_Base_SetConfig
 .text.TIM_OC1_SetConfig
                0x0000000008002524       0xe0 C:\DDCM\stm32f407g-disc1_hal_lib\Debug\libstm32f407g-disc1_hal_lib.a(stm32f4xx_hal_tim.o)
 .text.TIM_OC2_SetConfig
                0x0000000008002604       0xec C:\DDCM\stm32f407g-disc1_hal_lib\Debug\libstm32f407g-disc1_hal_lib.a(stm32f4xx_hal_tim.o)
                0x0000000008002604                TIM_OC2_SetConfig
 .text.TIM_OC3_SetConfig
                0x00000000080026f0       0xe8 C:\DDCM\stm32f407g-disc1_hal_lib\Debug\libstm32f407g-disc1_hal_lib.a(stm32f4xx_hal_tim.o)
 .text.TIM_OC4_SetConfig
                0x00000000080027d8       0xac C:\DDCM\stm32f407g-disc1_hal_lib\Debug\libstm32f407g-disc1_hal_lib.a(stm32f4xx_hal_tim.o)
 .text.TIM_CCxChannelCmd
                0x0000000008002884       0x4a C:\DDCM\stm32f407g-disc1_hal_lib\Debug\libstm32f407g-disc1_hal_lib.a(stm32f4xx_hal_tim.o)
                0x0000000008002884                TIM_CCxChannelCmd
 .text.HAL_TIMEx_MasterConfigSynchronization
                0x00000000080028ce       0x8a C:\DDCM\stm32f407g-disc1_hal_lib\Debug\libstm32f407g-disc1_hal_lib.a(stm32f4xx_hal_tim_ex.o)
                0x00000000080028ce                HAL_TIMEx_MasterConfigSynchronization
 .text.__errno  0x0000000008002958        0xc c:/st/stm32cubeide_1.6.1/stm32cubeide/plugins/com.st.stm32cube.ide.mcu.externaltools.gnu-tools-for-stm32.9-2020-q2-update.win32_1.5.0.202011040924/tools/bin/../lib/gcc/arm-none-eabi/9.3.1/../../../../arm-none-eabi/lib/thumb/v7e-m+fp/hard\libc_nano.a(lib_a-errno.o)
                0x0000000008002958                __errno
 .text.__libc_init_array
                0x0000000008002964       0x48 c:/st/stm32cubeide_1.6.1/stm32cubeide/plugins/com.st.stm32cube.ide.mcu.externaltools.gnu-tools-for-stm32.9-2020-q2-update.win32_1.5.0.202011040924/tools/bin/../lib/gcc/arm-none-eabi/9.3.1/../../../../arm-none-eabi/lib/thumb/v7e-m+fp/hard\libc_nano.a(lib_a-init.o)
                0x0000000008002964                __libc_init_array
 *fill*         0x00000000080029ac        0x4 
 .text.log      0x00000000080029b0       0x90 c:/st/stm32cubeide_1.6.1/stm32cubeide/plugins/com.st.stm32cube.ide.mcu.externaltools.gnu-tools-for-stm32.9-2020-q2-update.win32_1.5.0.202011040924/tools/bin/../lib/gcc/arm-none-eabi/9.3.1/../../../../arm-none-eabi/lib/thumb/v7e-m+fp/hard\libm.a(lib_a-w_log.o)
                0x00000000080029b0                log
 .text.__ieee754_log
                0x0000000008002a40      0x374 c:/st/stm32cubeide_1.6.1/stm32cubeide/plugins/com.st.stm32cube.ide.mcu.externaltools.gnu-tools-for-stm32.9-2020-q2-update.win32_1.5.0.202011040924/tools/bin/../lib/gcc/arm-none-eabi/9.3.1/../../../../arm-none-eabi/lib/thumb/v7e-m+fp/hard\libm.a(lib_a-e_log.o)
                0x0000000008002a40                __ieee754_log
 *fill*         0x0000000008002db4        0x4 
 .text.nan      0x0000000008002db8       0x10 c:/st/stm32cubeide_1.6.1/stm32cubeide/plugins/com.st.stm32cube.ide.mcu.externaltools.gnu-tools-for-stm32.9-2020-q2-update.win32_1.5.0.202011040924/tools/bin/../lib/gcc/arm-none-eabi/9.3.1/../../../../arm-none-eabi/lib/thumb/v7e-m+fp/hard\libm.a(lib_a-s_nan.o)
                0x0000000008002db8                nan
 *(.rodata)
 .rodata        0x0000000008002dc8       0x2c src/main.o
 *(.rodata*)
 .rodata.log.str1.1
                0x0000000008002df4        0x1 c:/st/stm32cubeide_1.6.1/stm32cubeide/plugins/com.st.stm32cube.ide.mcu.externaltools.gnu-tools-for-stm32.9-2020-q2-update.win32_1.5.0.202011040924/tools/bin/../lib/gcc/arm-none-eabi/9.3.1/../../../../arm-none-eabi/lib/thumb/v7e-m+fp/hard\libm.a(lib_a-w_log.o)
 *(.glue_7)
 .glue_7        0x0000000008002df5        0x0 linker stubs
 *(.glue_7t)
 .glue_7t       0x0000000008002df5        0x0 linker stubs
 *(.eh_frame)
 *fill*         0x0000000008002df5        0x3 
 .eh_frame      0x0000000008002df8        0x0 c:/st/stm32cubeide_1.6.1/stm32cubeide/plugins/com.st.stm32cube.ide.mcu.externaltools.gnu-tools-for-stm32.9-2020-q2-update.win32_1.5.0.202011040924/tools/bin/../lib/gcc/arm-none-eabi/9.3.1/thumb/v7e-m+fp/hard/crtbegin.o
 *(.init)
 .init          0x0000000008002df8        0x4 c:/st/stm32cubeide_1.6.1/stm32cubeide/plugins/com.st.stm32cube.ide.mcu.externaltools.gnu-tools-for-stm32.9-2020-q2-update.win32_1.5.0.202011040924/tools/bin/../lib/gcc/arm-none-eabi/9.3.1/thumb/v7e-m+fp/hard/crti.o
                0x0000000008002df8                _init
 .init          0x0000000008002dfc        0x8 c:/st/stm32cubeide_1.6.1/stm32cubeide/plugins/com.st.stm32cube.ide.mcu.externaltools.gnu-tools-for-stm32.9-2020-q2-update.win32_1.5.0.202011040924/tools/bin/../lib/gcc/arm-none-eabi/9.3.1/thumb/v7e-m+fp/hard/crtn.o
 *(.fini)
 .fini          0x0000000008002e04        0x4 c:/st/stm32cubeide_1.6.1/stm32cubeide/plugins/com.st.stm32cube.ide.mcu.externaltools.gnu-tools-for-stm32.9-2020-q2-update.win32_1.5.0.202011040924/tools/bin/../lib/gcc/arm-none-eabi/9.3.1/thumb/v7e-m+fp/hard/crti.o
                0x0000000008002e04                _fini
 .fini          0x0000000008002e08        0x8 c:/st/stm32cubeide_1.6.1/stm32cubeide/plugins/com.st.stm32cube.ide.mcu.externaltools.gnu-tools-for-stm32.9-2020-q2-update.win32_1.5.0.202011040924/tools/bin/../lib/gcc/arm-none-eabi/9.3.1/thumb/v7e-m+fp/hard/crtn.o
                0x0000000008002e10                . = ALIGN (0x4)
                0x0000000008002e10                _etext = .

.vfp11_veneer   0x0000000008002e10        0x0
 .vfp11_veneer  0x0000000008002e10        0x0 linker stubs

.v4_bx          0x0000000008002e10        0x0
 .v4_bx         0x0000000008002e10        0x0 linker stubs

.iplt           0x0000000008002e10        0x0
 .iplt          0x0000000008002e10        0x0 c:/st/stm32cubeide_1.6.1/stm32cubeide/plugins/com.st.stm32cube.ide.mcu.externaltools.gnu-tools-for-stm32.9-2020-q2-update.win32_1.5.0.202011040924/tools/bin/../lib/gcc/arm-none-eabi/9.3.1/thumb/v7e-m+fp/hard/crtbegin.o

.rel.dyn        0x0000000008002e10        0x0
 .rel.iplt      0x0000000008002e10        0x0 c:/st/stm32cubeide_1.6.1/stm32cubeide/plugins/com.st.stm32cube.ide.mcu.externaltools.gnu-tools-for-stm32.9-2020-q2-update.win32_1.5.0.202011040924/tools/bin/../lib/gcc/arm-none-eabi/9.3.1/thumb/v7e-m+fp/hard/crtbegin.o

.ARM.extab
 *(.ARM.extab* .gnu.linkonce.armextab.*)

.ARM            0x0000000008002e10        0x0
                0x0000000008002e10                __exidx_start = .
 *(.ARM.exidx*)
                0x0000000008002e10                __exidx_end = .

.preinit_array  0x0000000008002e10        0x0
                0x0000000008002e10                PROVIDE (__preinit_array_start = .)
 *(.preinit_array*)
                0x0000000008002e10                PROVIDE (__preinit_array_end = .)

.init_array     0x0000000008002e10        0x4
                0x0000000008002e10                PROVIDE (__init_array_start = .)
 *(SORT_BY_NAME(.init_array.*))
 *(.init_array*)
 .init_array    0x0000000008002e10        0x4 c:/st/stm32cubeide_1.6.1/stm32cubeide/plugins/com.st.stm32cube.ide.mcu.externaltools.gnu-tools-for-stm32.9-2020-q2-update.win32_1.5.0.202011040924/tools/bin/../lib/gcc/arm-none-eabi/9.3.1/thumb/v7e-m+fp/hard/crtbegin.o
                0x0000000008002e14                PROVIDE (__init_array_end = .)

.fini_array     0x0000000008002e14        0x4
                [!provide]                        PROVIDE (__fini_array_start = .)
 *(.fini_array*)
 .fini_array    0x0000000008002e14        0x4 c:/st/stm32cubeide_1.6.1/stm32cubeide/plugins/com.st.stm32cube.ide.mcu.externaltools.gnu-tools-for-stm32.9-2020-q2-update.win32_1.5.0.202011040924/tools/bin/../lib/gcc/arm-none-eabi/9.3.1/thumb/v7e-m+fp/hard/crtbegin.o
 *(SORT_BY_NAME(.fini_array.*))
                [!provide]                        PROVIDE (__fini_array_end = .)
                0x0000000008002e18                _sidata = .

.data           0x0000000020000000       0x74 load address 0x0000000008002e18
                0x0000000020000000                . = ALIGN (0x4)
                0x0000000020000000                _sdata = .
 *(.data)
 .data          0x0000000020000000        0x4 src/system_stm32f4xx.o
                0x0000000020000000                SystemCoreClock
 .data          0x0000000020000004        0x5 C:\DDCM\stm32f407g-disc1_hal_lib\Debug\libstm32f407g-disc1_hal_lib.a(stm32f4xx_hal.o)
                0x0000000020000004                uwTickPrio
                0x0000000020000008                uwTickFreq
 *(.data*)
 *fill*         0x0000000020000009        0x3 
 .data._impure_ptr
                0x000000002000000c        0x4 c:/st/stm32cubeide_1.6.1/stm32cubeide/plugins/com.st.stm32cube.ide.mcu.externaltools.gnu-tools-for-stm32.9-2020-q2-update.win32_1.5.0.202011040924/tools/bin/../lib/gcc/arm-none-eabi/9.3.1/../../../../arm-none-eabi/lib/thumb/v7e-m+fp/hard\libc_nano.a(lib_a-impure.o)
                0x000000002000000c                _impure_ptr
 .data.impure_data
                0x0000000020000010       0x60 c:/st/stm32cubeide_1.6.1/stm32cubeide/plugins/com.st.stm32cube.ide.mcu.externaltools.gnu-tools-for-stm32.9-2020-q2-update.win32_1.5.0.202011040924/tools/bin/../lib/gcc/arm-none-eabi/9.3.1/../../../../arm-none-eabi/lib/thumb/v7e-m+fp/hard\libc_nano.a(lib_a-impure.o)
 .data.__fdlib_version
                0x0000000020000070        0x1 c:/st/stm32cubeide_1.6.1/stm32cubeide/plugins/com.st.stm32cube.ide.mcu.externaltools.gnu-tools-for-stm32.9-2020-q2-update.win32_1.5.0.202011040924/tools/bin/../lib/gcc/arm-none-eabi/9.3.1/../../../../arm-none-eabi/lib/thumb/v7e-m+fp/hard\libm.a(lib_a-s_lib_ver.o)
                0x0000000020000070                __fdlib_version
                0x0000000020000074                . = ALIGN (0x4)
 *fill*         0x0000000020000071        0x3 
                0x0000000020000074                _edata = .

.igot.plt       0x0000000020000074        0x0 load address 0x0000000008002e8c
 .igot.plt      0x0000000020000074        0x0 c:/st/stm32cubeide_1.6.1/stm32cubeide/plugins/com.st.stm32cube.ide.mcu.externaltools.gnu-tools-for-stm32.9-2020-q2-update.win32_1.5.0.202011040924/tools/bin/../lib/gcc/arm-none-eabi/9.3.1/thumb/v7e-m+fp/hard/crtbegin.o
                0x0000000020000074                . = ALIGN (0x4)

.bss            0x0000000020000074       0xb8 load address 0x0000000008002e8c
                0x0000000020000074                _sbss = .
                0x0000000020000074                __bss_start__ = _sbss
 *(.bss)
 .bss           0x0000000020000074       0x1c c:/st/stm32cubeide_1.6.1/stm32cubeide/plugins/com.st.stm32cube.ide.mcu.externaltools.gnu-tools-for-stm32.9-2020-q2-update.win32_1.5.0.202011040924/tools/bin/../lib/gcc/arm-none-eabi/9.3.1/thumb/v7e-m+fp/hard/crtbegin.o
 .bss           0x0000000020000090        0xd src/main.o
                0x0000000020000090                lectura
                0x0000000020000092                T1
                0x0000000020000093                T2
                0x0000000020000094                T3
 *(.bss*)
 *(COMMON)
 *fill*         0x000000002000009d        0x3 
 COMMON         0x00000000200000a0       0x88 src/main.o
                0x00000000200000a0                hADC1
                0x00000000200000e8                htim3
 COMMON         0x0000000020000128        0x4 C:\DDCM\stm32f407g-disc1_hal_lib\Debug\libstm32f407g-disc1_hal_lib.a(stm32f4xx_hal.o)
                0x0000000020000128                uwTick
                0x000000002000012c                . = ALIGN (0x4)
                0x000000002000012c                _ebss = .
                0x000000002000012c                __bss_end__ = _ebss

._user_heap_stack
                0x000000002000012c      0x404 load address 0x0000000008002f44
                0x0000000020000130                . = ALIGN (0x8)
 *fill*         0x000000002000012c        0x4 
                0x0000000020000130                PROVIDE (end = .)
                [!provide]                        PROVIDE (_end = .)
                0x0000000020000130                . = (. + _Min_Heap_Size)
                0x0000000020000530                . = (. + _Min_Stack_Size)
 *fill*         0x0000000020000130      0x400 
                0x0000000020000530                . = ALIGN (0x8)

.memory_b1_text
 *(.mb1text)
 *(.mb1text*)
 *(.mb1rodata)
 *(.mb1rodata*)

/DISCARD/
 libc.a(*)
 libm.a(*)
 libgcc.a(*)

.ARM.attributes
                0x0000000000000000       0x30
 *(.ARM.attributes)
 .ARM.attributes
                0x0000000000000000       0x1e c:/st/stm32cubeide_1.6.1/stm32cubeide/plugins/com.st.stm32cube.ide.mcu.externaltools.gnu-tools-for-stm32.9-2020-q2-update.win32_1.5.0.202011040924/tools/bin/../lib/gcc/arm-none-eabi/9.3.1/thumb/v7e-m+fp/hard/crti.o
 .ARM.attributes
                0x000000000000001e       0x34 c:/st/stm32cubeide_1.6.1/stm32cubeide/plugins/com.st.stm32cube.ide.mcu.externaltools.gnu-tools-for-stm32.9-2020-q2-update.win32_1.5.0.202011040924/tools/bin/../lib/gcc/arm-none-eabi/9.3.1/thumb/v7e-m+fp/hard/crtbegin.o
 .ARM.attributes
                0x0000000000000052       0x34 src/main.o
 .ARM.attributes
                0x0000000000000086       0x34 src/system_stm32f4xx.o
 .ARM.attributes
                0x00000000000000ba       0x21 startup/startup_stm32f407xx.o
 .ARM.attributes
                0x00000000000000db       0x34 C:\DDCM\stm32f407g-disc1_hal_lib\Debug\libstm32f407g-disc1_hal_lib.a(stm32f4xx_hal.o)
 .ARM.attributes
                0x000000000000010f       0x34 C:\DDCM\stm32f407g-disc1_hal_lib\Debug\libstm32f407g-disc1_hal_lib.a(stm32f4xx_hal_adc.o)
 .ARM.attributes
                0x0000000000000143       0x34 C:\DDCM\stm32f407g-disc1_hal_lib\Debug\libstm32f407g-disc1_hal_lib.a(stm32f4xx_hal_adc_ex.o)
 .ARM.attributes
                0x0000000000000177       0x34 C:\DDCM\stm32f407g-disc1_hal_lib\Debug\libstm32f407g-disc1_hal_lib.a(stm32f4xx_hal_cortex.o)
 .ARM.attributes
                0x00000000000001ab       0x34 C:\DDCM\stm32f407g-disc1_hal_lib\Debug\libstm32f407g-disc1_hal_lib.a(stm32f4xx_hal_gpio.o)
 .ARM.attributes
                0x00000000000001df       0x34 C:\DDCM\LIB_MSE-SE\Debug\libLIB_MSE-SE.a(ConversorxInts.o)
 .ARM.attributes
                0x0000000000000213       0x34 C:\DDCM\LIB_MSE-SE\Debug\libLIB_MSE-SE.a(Salidas.o)
 .ARM.attributes
                0x0000000000000247       0x34 C:\DDCM\LIB_MSE-SE\Debug\libLIB_MSE-SE.a(SysTick.o)
 .ARM.attributes
                0x000000000000027b       0x34 C:\DDCM\stm32f407g-disc1_hal_lib\Debug\libstm32f407g-disc1_hal_lib.a(stm32f4xx_hal_tim.o)
 .ARM.attributes
                0x00000000000002af       0x34 C:\DDCM\stm32f407g-disc1_hal_lib\Debug\libstm32f407g-disc1_hal_lib.a(stm32f4xx_hal_tim_ex.o)
 .ARM.attributes
                0x00000000000002e3       0x34 c:/st/stm32cubeide_1.6.1/stm32cubeide/plugins/com.st.stm32cube.ide.mcu.externaltools.gnu-tools-for-stm32.9-2020-q2-update.win32_1.5.0.202011040924/tools/bin/../lib/gcc/arm-none-eabi/9.3.1/../../../../arm-none-eabi/lib/thumb/v7e-m+fp/hard\libc_nano.a(lib_a-errno.o)
 .ARM.attributes
                0x0000000000000317       0x32 c:/st/stm32cubeide_1.6.1/stm32cubeide/plugins/com.st.stm32cube.ide.mcu.externaltools.gnu-tools-for-stm32.9-2020-q2-update.win32_1.5.0.202011040924/tools/bin/../lib/gcc/arm-none-eabi/9.3.1/../../../../arm-none-eabi/lib/thumb/v7e-m+fp/hard\libc_nano.a(lib_a-impure.o)
 .ARM.attributes
                0x0000000000000349       0x34 c:/st/stm32cubeide_1.6.1/stm32cubeide/plugins/com.st.stm32cube.ide.mcu.externaltools.gnu-tools-for-stm32.9-2020-q2-update.win32_1.5.0.202011040924/tools/bin/../lib/gcc/arm-none-eabi/9.3.1/../../../../arm-none-eabi/lib/thumb/v7e-m+fp/hard\libc_nano.a(lib_a-init.o)
 .ARM.attributes
                0x000000000000037d       0x34 c:/st/stm32cubeide_1.6.1/stm32cubeide/plugins/com.st.stm32cube.ide.mcu.externaltools.gnu-tools-for-stm32.9-2020-q2-update.win32_1.5.0.202011040924/tools/bin/../lib/gcc/arm-none-eabi/9.3.1/../../../../arm-none-eabi/lib/thumb/v7e-m+fp/hard\libm.a(lib_a-w_log.o)
 .ARM.attributes
                0x00000000000003b1       0x34 c:/st/stm32cubeide_1.6.1/stm32cubeide/plugins/com.st.stm32cube.ide.mcu.externaltools.gnu-tools-for-stm32.9-2020-q2-update.win32_1.5.0.202011040924/tools/bin/../lib/gcc/arm-none-eabi/9.3.1/../../../../arm-none-eabi/lib/thumb/v7e-m+fp/hard\libm.a(lib_a-e_log.o)
 .ARM.attributes
                0x00000000000003e5       0x32 c:/st/stm32cubeide_1.6.1/stm32cubeide/plugins/com.st.stm32cube.ide.mcu.externaltools.gnu-tools-for-stm32.9-2020-q2-update.win32_1.5.0.202011040924/tools/bin/../lib/gcc/arm-none-eabi/9.3.1/../../../../arm-none-eabi/lib/thumb/v7e-m+fp/hard\libm.a(lib_a-s_lib_ver.o)
 .ARM.attributes
                0x0000000000000417       0x34 c:/st/stm32cubeide_1.6.1/stm32cubeide/plugins/com.st.stm32cube.ide.mcu.externaltools.gnu-tools-for-stm32.9-2020-q2-update.win32_1.5.0.202011040924/tools/bin/../lib/gcc/arm-none-eabi/9.3.1/../../../../arm-none-eabi/lib/thumb/v7e-m+fp/hard\libm.a(lib_a-s_nan.o)
 .ARM.attributes
                0x000000000000044b       0x1e c:/st/stm32cubeide_1.6.1/stm32cubeide/plugins/com.st.stm32cube.ide.mcu.externaltools.gnu-tools-for-stm32.9-2020-q2-update.win32_1.5.0.202011040924/tools/bin/../lib/gcc/arm-none-eabi/9.3.1/thumb/v7e-m+fp/hard\libgcc.a(_arm_addsubdf3.o)
 .ARM.attributes
                0x0000000000000469       0x1e c:/st/stm32cubeide_1.6.1/stm32cubeide/plugins/com.st.stm32cube.ide.mcu.externaltools.gnu-tools-for-stm32.9-2020-q2-update.win32_1.5.0.202011040924/tools/bin/../lib/gcc/arm-none-eabi/9.3.1/thumb/v7e-m+fp/hard\libgcc.a(_arm_muldivdf3.o)
 .ARM.attributes
                0x0000000000000487       0x1e c:/st/stm32cubeide_1.6.1/stm32cubeide/plugins/com.st.stm32cube.ide.mcu.externaltools.gnu-tools-for-stm32.9-2020-q2-update.win32_1.5.0.202011040924/tools/bin/../lib/gcc/arm-none-eabi/9.3.1/thumb/v7e-m+fp/hard\libgcc.a(_arm_cmpdf2.o)
 .ARM.attributes
                0x00000000000004a5       0x1e c:/st/stm32cubeide_1.6.1/stm32cubeide/plugins/com.st.stm32cube.ide.mcu.externaltools.gnu-tools-for-stm32.9-2020-q2-update.win32_1.5.0.202011040924/tools/bin/../lib/gcc/arm-none-eabi/9.3.1/thumb/v7e-m+fp/hard\libgcc.a(_arm_unorddf2.o)
 .ARM.attributes
                0x00000000000004c3       0x1e c:/st/stm32cubeide_1.6.1/stm32cubeide/plugins/com.st.stm32cube.ide.mcu.externaltools.gnu-tools-for-stm32.9-2020-q2-update.win32_1.5.0.202011040924/tools/bin/../lib/gcc/arm-none-eabi/9.3.1/thumb/v7e-m+fp/hard\libgcc.a(_arm_truncdfsf2.o)
 .ARM.attributes
                0x00000000000004e1       0x1e c:/st/stm32cubeide_1.6.1/stm32cubeide/plugins/com.st.stm32cube.ide.mcu.externaltools.gnu-tools-for-stm32.9-2020-q2-update.win32_1.5.0.202011040924/tools/bin/../lib/gcc/arm-none-eabi/9.3.1/thumb/v7e-m+fp/hard/crtn.o
OUTPUT(4-Temperatura.elf elf32-littlearm)
LOAD linker stubs
LOAD c:/st/stm32cubeide_1.6.1/stm32cubeide/plugins/com.st.stm32cube.ide.mcu.externaltools.gnu-tools-for-stm32.9-2020-q2-update.win32_1.5.0.202011040924/tools/bin/../lib/gcc/arm-none-eabi/9.3.1/../../../../arm-none-eabi/lib/thumb/v7e-m+fp/hard\libc.a
LOAD c:/st/stm32cubeide_1.6.1/stm32cubeide/plugins/com.st.stm32cube.ide.mcu.externaltools.gnu-tools-for-stm32.9-2020-q2-update.win32_1.5.0.202011040924/tools/bin/../lib/gcc/arm-none-eabi/9.3.1/../../../../arm-none-eabi/lib/thumb/v7e-m+fp/hard\libm.a
LOAD c:/st/stm32cubeide_1.6.1/stm32cubeide/plugins/com.st.stm32cube.ide.mcu.externaltools.gnu-tools-for-stm32.9-2020-q2-update.win32_1.5.0.202011040924/tools/bin/../lib/gcc/arm-none-eabi/9.3.1/thumb/v7e-m+fp/hard\libgcc.a

.debug_info     0x0000000000000000     0xa4eb
 .debug_info    0x0000000000000000     0x1613 src/main.o
 .debug_info    0x0000000000001613      0x54d src/system_stm32f4xx.o
 .debug_info    0x0000000000001b60       0x22 startup/startup_stm32f407xx.o
 .debug_info    0x0000000000001b82      0x98a C:\DDCM\stm32f407g-disc1_hal_lib\Debug\libstm32f407g-disc1_hal_lib.a(stm32f4xx_hal.o)
 .debug_info    0x000000000000250c      0xd65 C:\DDCM\stm32f407g-disc1_hal_lib\Debug\libstm32f407g-disc1_hal_lib.a(stm32f4xx_hal_adc.o)
 .debug_info    0x0000000000003271      0xbcf C:\DDCM\stm32f407g-disc1_hal_lib\Debug\libstm32f407g-disc1_hal_lib.a(stm32f4xx_hal_adc_ex.o)
 .debug_info    0x0000000000003e40      0xe80 C:\DDCM\stm32f407g-disc1_hal_lib\Debug\libstm32f407g-disc1_hal_lib.a(stm32f4xx_hal_cortex.o)
 .debug_info    0x0000000000004cc0      0x7d7 C:\DDCM\stm32f407g-disc1_hal_lib\Debug\libstm32f407g-disc1_hal_lib.a(stm32f4xx_hal_gpio.o)
 .debug_info    0x0000000000005497      0xdc2 C:\DDCM\LIB_MSE-SE\Debug\libLIB_MSE-SE.a(ConversorxInts.o)
 .debug_info    0x0000000000006259      0x2ce C:\DDCM\LIB_MSE-SE\Debug\libLIB_MSE-SE.a(Salidas.o)
 .debug_info    0x0000000000006527      0x747 C:\DDCM\LIB_MSE-SE\Debug\libLIB_MSE-SE.a(SysTick.o)
 .debug_info    0x0000000000006c6e     0x2675 C:\DDCM\stm32f407g-disc1_hal_lib\Debug\libstm32f407g-disc1_hal_lib.a(stm32f4xx_hal_tim.o)
 .debug_info    0x00000000000092e3     0x1208 C:\DDCM\stm32f407g-disc1_hal_lib\Debug\libstm32f407g-disc1_hal_lib.a(stm32f4xx_hal_tim_ex.o)

.debug_abbrev   0x0000000000000000     0x1918
 .debug_abbrev  0x0000000000000000      0x2b8 src/main.o
 .debug_abbrev  0x00000000000002b8      0x129 src/system_stm32f4xx.o
 .debug_abbrev  0x00000000000003e1       0x12 startup/startup_stm32f407xx.o
 .debug_abbrev  0x00000000000003f3      0x1f1 C:\DDCM\stm32f407g-disc1_hal_lib\Debug\libstm32f407g-disc1_hal_lib.a(stm32f4xx_hal.o)
 .debug_abbrev  0x00000000000005e4      0x22f C:\DDCM\stm32f407g-disc1_hal_lib\Debug\libstm32f407g-disc1_hal_lib.a(stm32f4xx_hal_adc.o)
 .debug_abbrev  0x0000000000000813      0x24a C:\DDCM\stm32f407g-disc1_hal_lib\Debug\libstm32f407g-disc1_hal_lib.a(stm32f4xx_hal_adc_ex.o)
 .debug_abbrev  0x0000000000000a5d      0x33c C:\DDCM\stm32f407g-disc1_hal_lib\Debug\libstm32f407g-disc1_hal_lib.a(stm32f4xx_hal_cortex.o)
 .debug_abbrev  0x0000000000000d99      0x1f1 C:\DDCM\stm32f407g-disc1_hal_lib\Debug\libstm32f407g-disc1_hal_lib.a(stm32f4xx_hal_gpio.o)
 .debug_abbrev  0x0000000000000f8a      0x1e1 C:\DDCM\LIB_MSE-SE\Debug\libLIB_MSE-SE.a(ConversorxInts.o)
 .debug_abbrev  0x000000000000116b      0x156 C:\DDCM\LIB_MSE-SE\Debug\libLIB_MSE-SE.a(Salidas.o)
 .debug_abbrev  0x00000000000012c1      0x1ad C:\DDCM\LIB_MSE-SE\Debug\libLIB_MSE-SE.a(SysTick.o)
 .debug_abbrev  0x000000000000146e      0x25e C:\DDCM\stm32f407g-disc1_hal_lib\Debug\libstm32f407g-disc1_hal_lib.a(stm32f4xx_hal_tim.o)
 .debug_abbrev  0x00000000000016cc      0x24c C:\DDCM\stm32f407g-disc1_hal_lib\Debug\libstm32f407g-disc1_hal_lib.a(stm32f4xx_hal_tim_ex.o)

.debug_aranges  0x0000000000000000      0x9e8
 .debug_aranges
                0x0000000000000000       0x38 src/main.o
 .debug_aranges
                0x0000000000000038       0x28 src/system_stm32f4xx.o
 .debug_aranges
                0x0000000000000060       0x28 startup/startup_stm32f407xx.o
 .debug_aranges
                0x0000000000000088       0xf0 C:\DDCM\stm32f407g-disc1_hal_lib\Debug\libstm32f407g-disc1_hal_lib.a(stm32f4xx_hal.o)
 .debug_aranges
                0x0000000000000178       0xe8 C:\DDCM\stm32f407g-disc1_hal_lib\Debug\libstm32f407g-disc1_hal_lib.a(stm32f4xx_hal_adc.o)
 .debug_aranges
                0x0000000000000260       0x90 C:\DDCM\stm32f407g-disc1_hal_lib\Debug\libstm32f407g-disc1_hal_lib.a(stm32f4xx_hal_adc_ex.o)
 .debug_aranges
                0x00000000000002f0      0x118 C:\DDCM\stm32f407g-disc1_hal_lib\Debug\libstm32f407g-disc1_hal_lib.a(stm32f4xx_hal_cortex.o)
 .debug_aranges
                0x0000000000000408       0x58 C:\DDCM\stm32f407g-disc1_hal_lib\Debug\libstm32f407g-disc1_hal_lib.a(stm32f4xx_hal_gpio.o)
 .debug_aranges
                0x0000000000000460       0x30 C:\DDCM\LIB_MSE-SE\Debug\libLIB_MSE-SE.a(ConversorxInts.o)
 .debug_aranges
                0x0000000000000490       0x28 C:\DDCM\LIB_MSE-SE\Debug\libLIB_MSE-SE.a(Salidas.o)
 .debug_aranges
                0x00000000000004b8       0x38 C:\DDCM\LIB_MSE-SE\Debug\libLIB_MSE-SE.a(SysTick.o)
 .debug_aranges
                0x00000000000004f0      0x3a8 C:\DDCM\stm32f407g-disc1_hal_lib\Debug\libstm32f407g-disc1_hal_lib.a(stm32f4xx_hal_tim.o)
 .debug_aranges
                0x0000000000000898      0x150 C:\DDCM\stm32f407g-disc1_hal_lib\Debug\libstm32f407g-disc1_hal_lib.a(stm32f4xx_hal_tim_ex.o)

.debug_ranges   0x0000000000000000      0x920
 .debug_ranges  0x0000000000000000       0x28 src/main.o
 .debug_ranges  0x0000000000000028       0x18 src/system_stm32f4xx.o
 .debug_ranges  0x0000000000000040       0x20 startup/startup_stm32f407xx.o
 .debug_ranges  0x0000000000000060       0xe0 C:\DDCM\stm32f407g-disc1_hal_lib\Debug\libstm32f407g-disc1_hal_lib.a(stm32f4xx_hal.o)
 .debug_ranges  0x0000000000000140       0xd8 C:\DDCM\stm32f407g-disc1_hal_lib\Debug\libstm32f407g-disc1_hal_lib.a(stm32f4xx_hal_adc.o)
 .debug_ranges  0x0000000000000218       0x80 C:\DDCM\stm32f407g-disc1_hal_lib\Debug\libstm32f407g-disc1_hal_lib.a(stm32f4xx_hal_adc_ex.o)
 .debug_ranges  0x0000000000000298      0x108 C:\DDCM\stm32f407g-disc1_hal_lib\Debug\libstm32f407g-disc1_hal_lib.a(stm32f4xx_hal_cortex.o)
 .debug_ranges  0x00000000000003a0       0x48 C:\DDCM\stm32f407g-disc1_hal_lib\Debug\libstm32f407g-disc1_hal_lib.a(stm32f4xx_hal_gpio.o)
 .debug_ranges  0x00000000000003e8       0x20 C:\DDCM\LIB_MSE-SE\Debug\libLIB_MSE-SE.a(ConversorxInts.o)
 .debug_ranges  0x0000000000000408       0x18 C:\DDCM\LIB_MSE-SE\Debug\libLIB_MSE-SE.a(Salidas.o)
 .debug_ranges  0x0000000000000420       0x28 C:\DDCM\LIB_MSE-SE\Debug\libLIB_MSE-SE.a(SysTick.o)
 .debug_ranges  0x0000000000000448      0x398 C:\DDCM\stm32f407g-disc1_hal_lib\Debug\libstm32f407g-disc1_hal_lib.a(stm32f4xx_hal_tim.o)
 .debug_ranges  0x00000000000007e0      0x140 C:\DDCM\stm32f407g-disc1_hal_lib\Debug\libstm32f407g-disc1_hal_lib.a(stm32f4xx_hal_tim_ex.o)

.debug_macro    0x0000000000000000    0x2627c
 .debug_macro   0x0000000000000000      0x444 src/main.o
 .debug_macro   0x0000000000000444      0xac0 src/main.o
 .debug_macro   0x0000000000000f04       0x22 src/main.o
 .debug_macro   0x0000000000000f26       0x4c src/main.o
 .debug_macro   0x0000000000000f72       0x18 src/main.o
 .debug_macro   0x0000000000000f8a       0x94 src/main.o
 .debug_macro   0x000000000000101e       0x3c src/main.o
 .debug_macro   0x000000000000105a       0x34 src/main.o
 .debug_macro   0x000000000000108e      0x174 src/main.o
 .debug_macro   0x0000000000001202       0x16 src/main.o
 .debug_macro   0x0000000000001218       0x43 src/main.o
 .debug_macro   0x000000000000125b       0x57 src/main.o
 .debug_macro   0x00000000000012b2       0x34 src/main.o
 .debug_macro   0x00000000000012e6       0x10 src/main.o
 .debug_macro   0x00000000000012f6       0x58 src/main.o
 .debug_macro   0x000000000000134e       0x71 src/main.o
 .debug_macro   0x00000000000013bf       0x1c src/main.o
 .debug_macro   0x00000000000013db      0x12a src/main.o
 .debug_macro   0x0000000000001505      0x339 src/main.o
 .debug_macro   0x000000000000183e      0x1a9 src/main.o
 .debug_macro   0x00000000000019e7       0x2c src/main.o
 .debug_macro   0x0000000000001a13       0x2f src/main.o
 .debug_macro   0x0000000000001a42      0x103 src/main.o
 .debug_macro   0x0000000000001b45       0x6a src/main.o
 .debug_macro   0x0000000000001baf      0x1df src/main.o
 .debug_macro   0x0000000000001d8e       0x1c src/main.o
 .debug_macro   0x0000000000001daa       0x22 src/main.o
 .debug_macro   0x0000000000001dcc       0xd9 src/main.o
 .debug_macro   0x0000000000001ea5     0x102d src/main.o
 .debug_macro   0x0000000000002ed2      0x11f src/main.o
 .debug_macro   0x0000000000002ff1    0x15e43 src/main.o
 .debug_macro   0x0000000000018e34       0x43 src/main.o
 .debug_macro   0x0000000000018e77      0x23e src/main.o
 .debug_macro   0x00000000000190b5     0x35d4 src/main.o
 .debug_macro   0x000000000001c689       0x54 src/main.o
 .debug_macro   0x000000000001c6dd      0x96b src/main.o
 .debug_macro   0x000000000001d048      0x9fe src/main.o
 .debug_macro   0x000000000001da46       0xed src/main.o
 .debug_macro   0x000000000001db33      0x117 src/main.o
 .debug_macro   0x000000000001dc4a      0x13e src/main.o
 .debug_macro   0x000000000001dd88       0x27 src/main.o
 .debug_macro   0x000000000001ddaf      0x287 src/main.o
 .debug_macro   0x000000000001e036       0x5f src/main.o
 .debug_macro   0x000000000001e095      0x236 src/main.o
 .debug_macro   0x000000000001e2cb      0x391 src/main.o
 .debug_macro   0x000000000001e65c      0x176 src/main.o
 .debug_macro   0x000000000001e7d2       0xf9 src/main.o
 .debug_macro   0x000000000001e8cb      0x40f src/main.o
 .debug_macro   0x000000000001ecda       0x22 src/main.o
 .debug_macro   0x000000000001ecfc       0xea src/main.o
 .debug_macro   0x000000000001ede6       0xa0 src/main.o
 .debug_macro   0x000000000001ee86       0x3c src/main.o
 .debug_macro   0x000000000001eec2       0x1f src/main.o
 .debug_macro   0x000000000001eee1      0x1d0 src/main.o
 .debug_macro   0x000000000001f0b1      0x12c src/main.o
 .debug_macro   0x000000000001f1dd      0x21e src/main.o
 .debug_macro   0x000000000001f3fb       0x2e src/main.o
 .debug_macro   0x000000000001f429      0x543 src/main.o
 .debug_macro   0x000000000001f96c       0x88 src/main.o
 .debug_macro   0x000000000001f9f4       0xea src/main.o
 .debug_macro   0x000000000001fade      0x184 src/main.o
 .debug_macro   0x000000000001fc62      0x1ae src/main.o
 .debug_macro   0x000000000001fe10       0xd6 src/main.o
 .debug_macro   0x000000000001fee6      0x199 src/main.o
 .debug_macro   0x000000000002007f       0x40 src/main.o
 .debug_macro   0x00000000000200bf       0x4a src/main.o
 .debug_macro   0x0000000000020109       0x78 src/main.o
 .debug_macro   0x0000000000020181      0x11a src/main.o
 .debug_macro   0x000000000002029b       0x7e src/main.o
 .debug_macro   0x0000000000020319       0x89 src/main.o
 .debug_macro   0x00000000000203a2       0xa4 src/main.o
 .debug_macro   0x0000000000020446      0x31a src/main.o
 .debug_macro   0x0000000000020760      0x405 src/main.o
 .debug_macro   0x0000000000020b65       0xe4 src/main.o
 .debug_macro   0x0000000000020c49      0x845 src/main.o
 .debug_macro   0x000000000002148e      0x19f src/main.o
 .debug_macro   0x000000000002162d      0x225 src/main.o
 .debug_macro   0x0000000000021852      0x87d src/main.o
 .debug_macro   0x00000000000220cf       0x47 src/main.o
 .debug_macro   0x0000000000022116      0x287 src/main.o
 .debug_macro   0x000000000002239d      0x217 src/main.o
 .debug_macro   0x00000000000225b4      0x1b5 src/main.o
 .debug_macro   0x0000000000022769      0x2db src/main.o
 .debug_macro   0x0000000000022a44       0x8d src/main.o
 .debug_macro   0x0000000000022ad1      0x225 src/main.o
 .debug_macro   0x0000000000022cf6       0xe4 src/main.o
 .debug_macro   0x0000000000022dda       0x6e src/main.o
 .debug_macro   0x0000000000022e48      0x12d src/main.o
 .debug_macro   0x0000000000022f75       0x94 src/main.o
 .debug_macro   0x0000000000023009       0x10 src/main.o
 .debug_macro   0x0000000000023019      0x35b src/system_stm32f4xx.o
 .debug_macro   0x0000000000023374       0x8e src/system_stm32f4xx.o
 .debug_macro   0x0000000000023402       0x51 src/system_stm32f4xx.o
 .debug_macro   0x0000000000023453       0xdf src/system_stm32f4xx.o
 .debug_macro   0x0000000000023532       0x5a src/system_stm32f4xx.o
 .debug_macro   0x000000000002358c      0x3b5 C:\DDCM\stm32f407g-disc1_hal_lib\Debug\libstm32f407g-disc1_hal_lib.a(stm32f4xx_hal.o)
 .debug_macro   0x0000000000023941      0xaa8 C:\DDCM\stm32f407g-disc1_hal_lib\Debug\libstm32f407g-disc1_hal_lib.a(stm32f4xx_hal.o)
 .debug_macro   0x00000000000243e9       0x32 C:\DDCM\stm32f407g-disc1_hal_lib\Debug\libstm32f407g-disc1_hal_lib.a(stm32f4xx_hal.o)
 .debug_macro   0x000000000002441b      0x356 C:\DDCM\stm32f407g-disc1_hal_lib\Debug\libstm32f407g-disc1_hal_lib.a(stm32f4xx_hal_adc.o)
 .debug_macro   0x0000000000024771      0x355 C:\DDCM\stm32f407g-disc1_hal_lib\Debug\libstm32f407g-disc1_hal_lib.a(stm32f4xx_hal_adc_ex.o)
 .debug_macro   0x0000000000024ac6      0x355 C:\DDCM\stm32f407g-disc1_hal_lib\Debug\libstm32f407g-disc1_hal_lib.a(stm32f4xx_hal_cortex.o)
 .debug_macro   0x0000000000024e1b      0x38b C:\DDCM\stm32f407g-disc1_hal_lib\Debug\libstm32f407g-disc1_hal_lib.a(stm32f4xx_hal_gpio.o)
 .debug_macro   0x00000000000251a6      0x367 C:\DDCM\LIB_MSE-SE\Debug\libLIB_MSE-SE.a(ConversorxInts.o)
 .debug_macro   0x000000000002550d      0x362 C:\DDCM\LIB_MSE-SE\Debug\libLIB_MSE-SE.a(Salidas.o)
 .debug_macro   0x000000000002586f      0x362 C:\DDCM\LIB_MSE-SE\Debug\libLIB_MSE-SE.a(SysTick.o)
 .debug_macro   0x0000000000025bd1      0x356 C:\DDCM\stm32f407g-disc1_hal_lib\Debug\libstm32f407g-disc1_hal_lib.a(stm32f4xx_hal_tim.o)
 .debug_macro   0x0000000000025f27      0x355 C:\DDCM\stm32f407g-disc1_hal_lib\Debug\libstm32f407g-disc1_hal_lib.a(stm32f4xx_hal_tim_ex.o)

.debug_line     0x0000000000000000     0xcbf2
 .debug_line    0x0000000000000000      0xcf3 src/main.o
 .debug_line    0x0000000000000cf3      0xab8 src/system_stm32f4xx.o
 .debug_line    0x00000000000017ab       0x7f startup/startup_stm32f407xx.o
 .debug_line    0x000000000000182a      0xce8 C:\DDCM\stm32f407g-disc1_hal_lib\Debug\libstm32f407g-disc1_hal_lib.a(stm32f4xx_hal.o)
 .debug_line    0x0000000000002512     0x154c C:\DDCM\stm32f407g-disc1_hal_lib\Debug\libstm32f407g-disc1_hal_lib.a(stm32f4xx_hal_adc.o)
 .debug_line    0x0000000000003a5e     0x11a1 C:\DDCM\stm32f407g-disc1_hal_lib\Debug\libstm32f407g-disc1_hal_lib.a(stm32f4xx_hal_adc_ex.o)
 .debug_line    0x0000000000004bff      0xfa1 C:\DDCM\stm32f407g-disc1_hal_lib\Debug\libstm32f407g-disc1_hal_lib.a(stm32f4xx_hal_cortex.o)
 .debug_line    0x0000000000005ba0      0xe78 C:\DDCM\stm32f407g-disc1_hal_lib\Debug\libstm32f407g-disc1_hal_lib.a(stm32f4xx_hal_gpio.o)
 .debug_line    0x0000000000006a18      0xb0d C:\DDCM\LIB_MSE-SE\Debug\libLIB_MSE-SE.a(ConversorxInts.o)
 .debug_line    0x0000000000007525      0xa69 C:\DDCM\LIB_MSE-SE\Debug\libLIB_MSE-SE.a(Salidas.o)
 .debug_line    0x0000000000007f8e      0xac5 C:\DDCM\LIB_MSE-SE\Debug\libLIB_MSE-SE.a(SysTick.o)
 .debug_line    0x0000000000008a53     0x2cd1 C:\DDCM\stm32f407g-disc1_hal_lib\Debug\libstm32f407g-disc1_hal_lib.a(stm32f4xx_hal_tim.o)
 .debug_line    0x000000000000b724     0x14ce C:\DDCM\stm32f407g-disc1_hal_lib\Debug\libstm32f407g-disc1_hal_lib.a(stm32f4xx_hal_tim_ex.o)

.debug_str      0x0000000000000000    0xe9a27
 .debug_str     0x0000000000000000    0xe6f88 src/main.o
                                      0xe73a5 (size before relaxing)
 .debug_str     0x00000000000e6f88       0xd4 src/system_stm32f4xx.o
                                      0xe3185 (size before relaxing)
 .debug_str     0x00000000000e705c       0x2f startup/startup_stm32f407xx.o
                                         0x4b (size before relaxing)
 .debug_str     0x00000000000e708b      0xb22 C:\DDCM\stm32f407g-disc1_hal_lib\Debug\libstm32f407g-disc1_hal_lib.a(stm32f4xx_hal.o)
                                      0xe3c98 (size before relaxing)
 .debug_str     0x00000000000e7bad      0x2d9 C:\DDCM\stm32f407g-disc1_hal_lib\Debug\libstm32f407g-disc1_hal_lib.a(stm32f4xx_hal_adc.o)
                                      0xe36ee (size before relaxing)
 .debug_str     0x00000000000e7e86      0x2f0 C:\DDCM\stm32f407g-disc1_hal_lib\Debug\libstm32f407g-disc1_hal_lib.a(stm32f4xx_hal_adc_ex.o)
                                      0xe3728 (size before relaxing)
 .debug_str     0x00000000000e8176      0x38f C:\DDCM\stm32f407g-disc1_hal_lib\Debug\libstm32f407g-disc1_hal_lib.a(stm32f4xx_hal_cortex.o)
                                      0xe3a13 (size before relaxing)
 .debug_str     0x00000000000e8505      0x220 C:\DDCM\stm32f407g-disc1_hal_lib\Debug\libstm32f407g-disc1_hal_lib.a(stm32f4xx_hal_gpio.o)
                                      0xe3396 (size before relaxing)
 .debug_str     0x00000000000e8725       0xff C:\DDCM\LIB_MSE-SE\Debug\libLIB_MSE-SE.a(ConversorxInts.o)
                                      0xe3e75 (size before relaxing)
 .debug_str     0x00000000000e8824       0x39 C:\DDCM\LIB_MSE-SE\Debug\libLIB_MSE-SE.a(Salidas.o)
                                      0xe32a7 (size before relaxing)
 .debug_str     0x00000000000e885d       0x3c C:\DDCM\LIB_MSE-SE\Debug\libLIB_MSE-SE.a(SysTick.o)
                                      0xe3826 (size before relaxing)
 .debug_str     0x00000000000e8899      0xcfe C:\DDCM\stm32f407g-disc1_hal_lib\Debug\libstm32f407g-disc1_hal_lib.a(stm32f4xx_hal_tim.o)
                                      0xe4263 (size before relaxing)
 .debug_str     0x00000000000e9597      0x490 C:\DDCM\stm32f407g-disc1_hal_lib\Debug\libstm32f407g-disc1_hal_lib.a(stm32f4xx_hal_tim_ex.o)
                                      0xe3a63 (size before relaxing)

.comment        0x0000000000000000       0x53
 .comment       0x0000000000000000       0x53 src/main.o
                                         0x54 (size before relaxing)
 .comment       0x0000000000000053       0x54 src/system_stm32f4xx.o
 .comment       0x0000000000000053       0x54 C:\DDCM\stm32f407g-disc1_hal_lib\Debug\libstm32f407g-disc1_hal_lib.a(stm32f4xx_hal.o)
 .comment       0x0000000000000053       0x54 C:\DDCM\stm32f407g-disc1_hal_lib\Debug\libstm32f407g-disc1_hal_lib.a(stm32f4xx_hal_adc.o)
 .comment       0x0000000000000053       0x54 C:\DDCM\stm32f407g-disc1_hal_lib\Debug\libstm32f407g-disc1_hal_lib.a(stm32f4xx_hal_adc_ex.o)
 .comment       0x0000000000000053       0x54 C:\DDCM\stm32f407g-disc1_hal_lib\Debug\libstm32f407g-disc1_hal_lib.a(stm32f4xx_hal_cortex.o)
 .comment       0x0000000000000053       0x54 C:\DDCM\stm32f407g-disc1_hal_lib\Debug\libstm32f407g-disc1_hal_lib.a(stm32f4xx_hal_gpio.o)
 .comment       0x0000000000000053       0x54 C:\DDCM\LIB_MSE-SE\Debug\libLIB_MSE-SE.a(ConversorxInts.o)
 .comment       0x0000000000000053       0x54 C:\DDCM\LIB_MSE-SE\Debug\libLIB_MSE-SE.a(Salidas.o)
 .comment       0x0000000000000053       0x54 C:\DDCM\LIB_MSE-SE\Debug\libLIB_MSE-SE.a(SysTick.o)
 .comment       0x0000000000000053       0x54 C:\DDCM\stm32f407g-disc1_hal_lib\Debug\libstm32f407g-disc1_hal_lib.a(stm32f4xx_hal_tim.o)
 .comment       0x0000000000000053       0x54 C:\DDCM\stm32f407g-disc1_hal_lib\Debug\libstm32f407g-disc1_hal_lib.a(stm32f4xx_hal_tim_ex.o)

.debug_frame    0x0000000000000000     0x2bc0
 .debug_frame   0x0000000000000000       0x98 src/main.o
 .debug_frame   0x0000000000000098       0x58 src/system_stm32f4xx.o
 .debug_frame   0x00000000000000f0      0x374 C:\DDCM\stm32f407g-disc1_hal_lib\Debug\libstm32f407g-disc1_hal_lib.a(stm32f4xx_hal.o)
 .debug_frame   0x0000000000000464      0x3fc C:\DDCM\stm32f407g-disc1_hal_lib\Debug\libstm32f407g-disc1_hal_lib.a(stm32f4xx_hal_adc.o)
 .debug_frame   0x0000000000000860      0x250 C:\DDCM\stm32f407g-disc1_hal_lib\Debug\libstm32f407g-disc1_hal_lib.a(stm32f4xx_hal_adc_ex.o)
 .debug_frame   0x0000000000000ab0      0x498 C:\DDCM\stm32f407g-disc1_hal_lib\Debug\libstm32f407g-disc1_hal_lib.a(stm32f4xx_hal_cortex.o)
 .debug_frame   0x0000000000000f48      0x14c C:\DDCM\stm32f407g-disc1_hal_lib\Debug\libstm32f407g-disc1_hal_lib.a(stm32f4xx_hal_gpio.o)
 .debug_frame   0x0000000000001094       0x74 C:\DDCM\LIB_MSE-SE\Debug\libLIB_MSE-SE.a(ConversorxInts.o)
 .debug_frame   0x0000000000001108       0x58 C:\DDCM\LIB_MSE-SE\Debug\libLIB_MSE-SE.a(Salidas.o)
 .debug_frame   0x0000000000001160       0x9c C:\DDCM\LIB_MSE-SE\Debug\libLIB_MSE-SE.a(SysTick.o)
 .debug_frame   0x00000000000011fc     0x10f0 C:\DDCM\stm32f407g-disc1_hal_lib\Debug\libstm32f407g-disc1_hal_lib.a(stm32f4xx_hal_tim.o)
 .debug_frame   0x00000000000022ec      0x5c0 C:\DDCM\stm32f407g-disc1_hal_lib\Debug\libstm32f407g-disc1_hal_lib.a(stm32f4xx_hal_tim_ex.o)
 .debug_frame   0x00000000000028ac       0x20 c:/st/stm32cubeide_1.6.1/stm32cubeide/plugins/com.st.stm32cube.ide.mcu.externaltools.gnu-tools-for-stm32.9-2020-q2-update.win32_1.5.0.202011040924/tools/bin/../lib/gcc/arm-none-eabi/9.3.1/../../../../arm-none-eabi/lib/thumb/v7e-m+fp/hard\libc_nano.a(lib_a-errno.o)
 .debug_frame   0x00000000000028cc       0x2c c:/st/stm32cubeide_1.6.1/stm32cubeide/plugins/com.st.stm32cube.ide.mcu.externaltools.gnu-tools-for-stm32.9-2020-q2-update.win32_1.5.0.202011040924/tools/bin/../lib/gcc/arm-none-eabi/9.3.1/../../../../arm-none-eabi/lib/thumb/v7e-m+fp/hard\libc_nano.a(lib_a-init.o)
 .debug_frame   0x00000000000028f8       0x4c c:/st/stm32cubeide_1.6.1/stm32cubeide/plugins/com.st.stm32cube.ide.mcu.externaltools.gnu-tools-for-stm32.9-2020-q2-update.win32_1.5.0.202011040924/tools/bin/../lib/gcc/arm-none-eabi/9.3.1/../../../../arm-none-eabi/lib/thumb/v7e-m+fp/hard\libm.a(lib_a-w_log.o)
 .debug_frame   0x0000000000002944       0x58 c:/st/stm32cubeide_1.6.1/stm32cubeide/plugins/com.st.stm32cube.ide.mcu.externaltools.gnu-tools-for-stm32.9-2020-q2-update.win32_1.5.0.202011040924/tools/bin/../lib/gcc/arm-none-eabi/9.3.1/../../../../arm-none-eabi/lib/thumb/v7e-m+fp/hard\libm.a(lib_a-e_log.o)
 .debug_frame   0x000000000000299c       0x20 c:/st/stm32cubeide_1.6.1/stm32cubeide/plugins/com.st.stm32cube.ide.mcu.externaltools.gnu-tools-for-stm32.9-2020-q2-update.win32_1.5.0.202011040924/tools/bin/../lib/gcc/arm-none-eabi/9.3.1/../../../../arm-none-eabi/lib/thumb/v7e-m+fp/hard\libm.a(lib_a-s_nan.o)
 .debug_frame   0x00000000000029bc       0xac c:/st/stm32cubeide_1.6.1/stm32cubeide/plugins/com.st.stm32cube.ide.mcu.externaltools.gnu-tools-for-stm32.9-2020-q2-update.win32_1.5.0.202011040924/tools/bin/../lib/gcc/arm-none-eabi/9.3.1/thumb/v7e-m+fp/hard\libgcc.a(_arm_addsubdf3.o)
 .debug_frame   0x0000000000002a68       0x50 c:/st/stm32cubeide_1.6.1/stm32cubeide/plugins/com.st.stm32cube.ide.mcu.externaltools.gnu-tools-for-stm32.9-2020-q2-update.win32_1.5.0.202011040924/tools/bin/../lib/gcc/arm-none-eabi/9.3.1/thumb/v7e-m+fp/hard\libgcc.a(_arm_muldivdf3.o)
 .debug_frame   0x0000000000002ab8       0xc4 c:/st/stm32cubeide_1.6.1/stm32cubeide/plugins/com.st.stm32cube.ide.mcu.externaltools.gnu-tools-for-stm32.9-2020-q2-update.win32_1.5.0.202011040924/tools/bin/../lib/gcc/arm-none-eabi/9.3.1/thumb/v7e-m+fp/hard\libgcc.a(_arm_cmpdf2.o)
 .debug_frame   0x0000000000002b7c       0x20 c:/st/stm32cubeide_1.6.1/stm32cubeide/plugins/com.st.stm32cube.ide.mcu.externaltools.gnu-tools-for-stm32.9-2020-q2-update.win32_1.5.0.202011040924/tools/bin/../lib/gcc/arm-none-eabi/9.3.1/thumb/v7e-m+fp/hard\libgcc.a(_arm_unorddf2.o)
 .debug_frame   0x0000000000002b9c       0x24 c:/st/stm32cubeide_1.6.1/stm32cubeide/plugins/com.st.stm32cube.ide.mcu.externaltools.gnu-tools-for-stm32.9-2020-q2-update.win32_1.5.0.202011040924/tools/bin/../lib/gcc/arm-none-eabi/9.3.1/thumb/v7e-m+fp/hard\libgcc.a(_arm_truncdfsf2.o)
