15:53:12 **** Incremental Build of configuration Debug for project 1_Prueba_STM32F429 ****
make -j4 all 
arm-none-eabi-gcc "../Core/Src/main.c" -mcpu=cortex-m4 -std=gnu11 -g3 -DDEBUG -DUSE_HAL_DRIVER -DSTM32F429xx -c -I../Core/Inc -I../USB_HOST/App -I../USB_HOST/Target -I../Drivers/STM32F4xx_HAL_Driver/Inc -I../Drivers/STM32F4xx_HAL_Driver/Inc/Legacy -I../Middlewares/Third_Party/FreeRTOS/Source/include -I../Middlewares/Third_Party/FreeRTOS/Source/CMSIS_RTOS -I../Middlewares/Third_Party/FreeRTOS/Source/portable/GCC/ARM_CM4F -I../Middlewares/ST/STM32_USB_Host_Library/Core/Inc -I../Middlewares/ST/STM32_USB_Host_Library/Class/CDC/Inc -I../Drivers/CMSIS/Device/ST/STM32F4xx/Include -I../Drivers/CMSIS/Include -O0 -ffunction-sections -fdata-sections -Wall -fstack-usage -MMD -MP -MF"Core/Src/main.d" -MT"Core/Src/main.o" --specs=nano.specs -mfpu=fpv4-sp-d16 -mfloat-abi=hard -mthumb -o "Core/Src/main.o"
arm-none-eabi-gcc -o "1_Prueba_STM32F429.elf" @"objects.list"   -mcpu=cortex-m4 -T"C:\DDCM\1_Prueba_STM32F429\STM32F429ZITX_FLASH.ld" --specs=nosys.specs -Wl,-Map="1_Prueba_STM32F429.map" -Wl,--gc-sections -static --specs=nano.specs -mfpu=fpv4-sp-d16 -mfloat-abi=hard -mthumb -Wl,--start-group -lc -lm -Wl,--end-group
Finished building target: 1_Prueba_STM32F429.elf
 
arm-none-eabi-objdump -h -S  1_Prueba_STM32F429.elf  > "1_Prueba_STM32F429.list"
arm-none-eabi-objcopy  -O binary  1_Prueba_STM32F429.elf  "1_Prueba_STM32F429.bin"
arm-none-eabi-size   1_Prueba_STM32F429.elf 
   text	   data	    bss	    dec	    hex	filename
  46660	    156	  37596	  84412	  149bc	1_Prueba_STM32F429.elf
Finished building: default.size.stdout
 
Finished building: 1_Prueba_STM32F429.bin
 
Finished building: 1_Prueba_STM32F429.list
 
15:53:47 **** Incremental Build of configuration Debug for project 1_Prueba_STM32F429 ****
make -j4 all 
arm-none-eabi-size   1_Prueba_STM32F429.elf 
   text	   data	    bss	    dec	    hex	filename
  46660	    156	  37596	  84412	  149bc	1_Prueba_STM32F429.elf
Finished building: default.size.stdout
 
15:55:05 **** Incremental Build of configuration Debug for project 1_Prueba_STM32F429 ****
make -j4 all 
arm-none-eabi-size   1_Prueba_STM32F429.elf 
   text	   data	    bss	    dec	    hex	filename
  46660	    156	  37596	  84412	  149bc	1_Prueba_STM32F429.elf
Finished building: default.size.stdout
 
15:55:26 **** Incremental Build of configuration Debug for project 1_Prueba_STM32F429 ****
make -j4 all 
arm-none-eabi-size   1_Prueba_STM32F429.elf 
   text	   data	    bss	    dec	    hex	filename
  46660	    156	  37596	  84412	  149bc	1_Prueba_STM32F429.elf
Finished building: default.size.stdout
 
15:57:30 **** Incremental Build of configuration Debug for project 1_Prueba_STM32F429 ****
make -j4 all 
arm-none-eabi-size   1_Prueba_STM32F429.elf 
   text	   data	    bss	    dec	    hex	filename
  46660	    156	  37596	  84412	  149bc	1_Prueba_STM32F429.elf
Finished building: default.size.stdout
 
15:58:35 **** Incremental Build of configuration Debug for project 1_Prueba_STM32F429 ****
make -j4 all 
arm-none-eabi-size   1_Prueba_STM32F429.elf 
   text	   data	    bss	    dec	    hex	filename
  46660	    156	  37596	  84412	  149bc	1_Prueba_STM32F429.elf
Finished building: default.size.stdout
 
15:59:28 **** Incremental Build of configuration Debug for project 1_Prueba_STM32F429 ****
make -j4 all 
arm-none-eabi-size   1_Prueba_STM32F429.elf 
   text	   data	    bss	    dec	    hex	filename
  46660	    156	  37596	  84412	  149bc	1_Prueba_STM32F429.elf
Finished building: default.size.stdout
 
16:00:44 **** Incremental Build of configuration Debug for project 1_Prueba_STM32F429 ****
make -j4 all 
arm-none-eabi-gcc "../Core/Src/main.c" -mcpu=cortex-m4 -std=gnu11 -g3 -DDEBUG -DUSE_HAL_DRIVER -DSTM32F429xx -c -I../Core/Inc -I../USB_HOST/App -I../USB_HOST/Target -I../Drivers/STM32F4xx_HAL_Driver/Inc -I../Drivers/STM32F4xx_HAL_Driver/Inc/Legacy -I../Middlewares/Third_Party/FreeRTOS/Source/include -I../Middlewares/Third_Party/FreeRTOS/Source/CMSIS_RTOS -I../Middlewares/Third_Party/FreeRTOS/Source/portable/GCC/ARM_CM4F -I../Middlewares/ST/STM32_USB_Host_Library/Core/Inc -I../Middlewares/ST/STM32_USB_Host_Library/Class/CDC/Inc -I../Drivers/CMSIS/Device/ST/STM32F4xx/Include -I../Drivers/CMSIS/Include -O0 -ffunction-sections -fdata-sections -Wall -fstack-usage -MMD -MP -MF"Core/Src/main.d" -MT"Core/Src/main.o" --specs=nano.specs -mfpu=fpv4-sp-d16 -mfloat-abi=hard -mthumb -o "Core/Src/main.o"
arm-none-eabi-gcc -o "1_Prueba_STM32F429.elf" @"objects.list"   -mcpu=cortex-m4 -T"C:\DDCM\1_Prueba_STM32F429\STM32F429ZITX_FLASH.ld" --specs=nosys.specs -Wl,-Map="1_Prueba_STM32F429.map" -Wl,--gc-sections -static --specs=nano.specs -mfpu=fpv4-sp-d16 -mfloat-abi=hard -mthumb -Wl,--start-group -lc -lm -Wl,--end-group
Finished building target: 1_Prueba_STM32F429.elf
 
arm-none-eabi-objdump -h -S  1_Prueba_STM32F429.elf  > "1_Prueba_STM32F429.list"
arm-none-eabi-objcopy  -O binary  1_Prueba_STM32F429.elf  "1_Prueba_STM32F429.bin"
arm-none-eabi-size   1_Prueba_STM32F429.elf 
   text	   data	    bss	    dec	    hex	filename
  46660	    156	  37596	  84412	  149bc	1_Prueba_STM32F429.elf
Finished building: default.size.stdout
 
Finished building: 1_Prueba_STM32F429.bin
 
Finished building: 1_Prueba_STM32F429.list
 
16:05:19 **** Incremental Build of configuration Debug for project 1_Prueba_STM32F429 ****
make -j4 all 
arm-none-eabi-size   1_Prueba_STM32F429.elf 
   text	   data	    bss	    dec	    hex	filename
  46660	    156	  37596	  84412	  149bc	1_Prueba_STM32F429.elf
Finished building: default.size.stdout
 
16:15:09 **** Incremental Build of configuration Debug for project 1_Prueba_STM32F429 ****
make -j4 all 
arm-none-eabi-size   1_Prueba_STM32F429.elf 
   text	   data	    bss	    dec	    hex	filename
  46660	    156	  37596	  84412	  149bc	1_Prueba_STM32F429.elf
Finished building: default.size.stdout
 
16:15:11 **** Incremental Build of configuration Debug for project stm32f407g-disc1_hal_lib ****
make all 
make: Nothing to be done for 'all'.
16:15:12 **** Incremental Build of configuration Debug for project LIB_MSE-SE ****
make all 
make: Nothing to be done for 'all'.
16:15:14 **** Incremental Build of configuration Debug for project 7-Microondas ****
make all 
arm-none-eabi-size   7-Microondas.elf 
   text	   data	    bss	    dec	    hex	filename
  17860	     20	   1516	  19396	   4bc4	7-Microondas.elf
Finished building: default.size.stdout
 
16:15:14 **** Incremental Build of configuration Debug for project 4-Temperatura ****
make all 
arm-none-eabi-size   4-Temperatura.elf 
   text	   data	    bss	    dec	    hex	filename
  11792	    124	   1212	  13128	   3348	4-Temperatura.elf
Finished building: default.size.stdout
 
16:15:15 **** Incremental Build of configuration Debug for project 3-DisplayMultiplexado ****
make all 
arm-none-eabi-size   3-DisplayMultiplexado.elf 
   text	   data	    bss	    dec	    hex	filename
   3016	     20	   1076	   4112	   1010	3-DisplayMultiplexado.elf
Finished building: default.size.stdout
 
16:15:15 **** Incremental Build of configuration Debug for project 1-Salidas ****
make all 
arm-none-eabi-size   1-Salidas.elf 
   text	   data	    bss	    dec	    hex	filename
   2268	     20	   1060	   3348	    d14	1-Salidas.elf
Finished building: default.size.stdout
 
16:15:34 **** Incremental Build of configuration Debug for project 1_Prueba_STM32F429 ****
make -j4 all 
arm-none-eabi-size   1_Prueba_STM32F429.elf 
   text	   data	    bss	    dec	    hex	filename
  46660	    156	  37596	  84412	  149bc	1_Prueba_STM32F429.elf
Finished building: default.size.stdout
 
16:18:59 **** Incremental Build of configuration Debug for project 1_Prueba_STM32F429 ****
make -j4 all 
arm-none-eabi-size   1_Prueba_STM32F429.elf 
   text	   data	    bss	    dec	    hex	filename
  46660	    156	  37596	  84412	  149bc	1_Prueba_STM32F429.elf
Finished building: default.size.stdout
 
16:23:28 **** Incremental Build of configuration Debug for project 1_Prueba_STM32F429 ****
make -j4 all 
arm-none-eabi-size   1_Prueba_STM32F429.elf 
   text	   data	    bss	    dec	    hex	filename
  46660	    156	  37596	  84412	  149bc	1_Prueba_STM32F429.elf
Finished building: default.size.stdout
 
16:24:54 **** Incremental Build of configuration Debug for project 1_Prueba_STM32F429 ****
make -j4 all 
arm-none-eabi-size   1_Prueba_STM32F429.elf 
   text	   data	    bss	    dec	    hex	filename
  46660	    156	  37596	  84412	  149bc	1_Prueba_STM32F429.elf
Finished building: default.size.stdout
 
16:28:02 **** Incremental Build of configuration Debug for project 1_Prueba_STM32F429 ****
make -j4 all 
arm-none-eabi-size   1_Prueba_STM32F429.elf 
   text	   data	    bss	    dec	    hex	filename
  46660	    156	  37596	  84412	  149bc	1_Prueba_STM32F429.elf
Finished building: default.size.stdout
 
16:28:23 **** Incremental Build of configuration Debug for project 1_Prueba_STM32F429 ****
make -j4 all 
arm-none-eabi-size   1_Prueba_STM32F429.elf 
   text	   data	    bss	    dec	    hex	filename
  46660	    156	  37596	  84412	  149bc	1_Prueba_STM32F429.elf
Finished building: default.size.stdout
 
16:28:24 **** Incremental Build of configuration Debug for project stm32f407g-disc1_hal_lib ****
make all 
make: Nothing to be done for 'all'.
16:28:25 **** Incremental Build of configuration Debug for project LIB_MSE-SE ****
make all 
make: Nothing to be done for 'all'.
16:28:26 **** Incremental Build of configuration Debug for project 7-Microondas ****
make all 
arm-none-eabi-size   7-Microondas.elf 
   text	   data	    bss	    dec	    hex	filename
  17860	     20	   1516	  19396	   4bc4	7-Microondas.elf
Finished building: default.size.stdout
 
16:28:26 **** Incremental Build of configuration Debug for project 4-Temperatura ****
make all 
arm-none-eabi-size   4-Temperatura.elf 
   text	   data	    bss	    dec	    hex	filename
  11792	    124	   1212	  13128	   3348	4-Temperatura.elf
Finished building: default.size.stdout
 
16:28:27 **** Incremental Build of configuration Debug for project 3-DisplayMultiplexado ****
make all 
arm-none-eabi-size   3-DisplayMultiplexado.elf 
   text	   data	    bss	    dec	    hex	filename
   3016	     20	   1076	   4112	   1010	3-DisplayMultiplexado.elf
Finished building: default.size.stdout
 
16:28:27 **** Incremental Build of configuration Debug for project 1-Salidas ****
make all 
arm-none-eabi-size   1-Salidas.elf 
   text	   data	    bss	    dec	    hex	filename
   2268	     20	   1060	   3348	    d14	1-Salidas.elf
Finished building: default.size.stdout
 
16:28:45 **** Incremental Build of configuration Debug for project 1_Prueba_STM32F429 ****
make -j4 all 
arm-none-eabi-size   1_Prueba_STM32F429.elf 
   text	   data	    bss	    dec	    hex	filename
  46660	    156	  37596	  84412	  149bc	1_Prueba_STM32F429.elf
Finished building: default.size.stdout
 
16:29:31 **** Incremental Build of configuration Debug for project 1_Prueba_STM32F429 ****
make -j4 all 
arm-none-eabi-size   1_Prueba_STM32F429.elf 
   text	   data	    bss	    dec	    hex	filename
  46660	    156	  37596	  84412	  149bc	1_Prueba_STM32F429.elf
Finished building: default.size.stdout
 
16:30:41 **** Incremental Build of configuration Debug for project 1_Prueba_STM32F429 ****
make -j4 all 
arm-none-eabi-size   1_Prueba_STM32F429.elf 
   text	   data	    bss	    dec	    hex	filename
  46660	    156	  37596	  84412	  149bc	1_Prueba_STM32F429.elf
Finished building: default.size.stdout
 
