Archive member included to satisfy reference by file (symbol)

C:\DDCM\stm32f407g-disc1_hal_lib\Debug\libstm32f407g-disc1_hal_lib.a(stm32f4xx_hal.o)
                              src/main.o (HAL_Delay)
C:\DDCM\stm32f407g-disc1_hal_lib\Debug\libstm32f407g-disc1_hal_lib.a(stm32f4xx_hal_cortex.o)
                              C:\DDCM\stm32f407g-disc1_hal_lib\Debug\libstm32f407g-disc1_hal_lib.a(stm32f4xx_hal.o) (HAL_NVIC_SetPriorityGrouping)
C:\DDCM\stm32f407g-disc1_hal_lib\Debug\libstm32f407g-disc1_hal_lib.a(stm32f4xx_hal_gpio.o)
                              src/main.o (HAL_GPIO_ReadPin)
C:\DDCM\LIB_MSE-SE\Debug\libLIB_MSE-SE.a(Entradas.o)
                              src/main.o (In_Init)
C:\DDCM\LIB_MSE-SE\Debug\libLIB_MSE-SE.a(Salidas.o)
                              src/main.o (Out_Init)
C:\DDCM\LIB_MSE-SE\Debug\libLIB_MSE-SE.a(SysTick.o)
                              src/main.o (SysTick_Init)
c:/st/stm32cubeide_1.6.1/stm32cubeide/plugins/com.st.stm32cube.ide.mcu.externaltools.gnu-tools-for-stm32.9-2020-q2-update.win32_1.5.0.202011040924/tools/bin/../lib/gcc/arm-none-eabi/9.3.1/../../../../arm-none-eabi/lib/thumb/v7e-m+fp/hard\libc_nano.a(lib_a-errno.o)
                              src/syscalls.o (__errno)
c:/st/stm32cubeide_1.6.1/stm32cubeide/plugins/com.st.stm32cube.ide.mcu.externaltools.gnu-tools-for-stm32.9-2020-q2-update.win32_1.5.0.202011040924/tools/bin/../lib/gcc/arm-none-eabi/9.3.1/../../../../arm-none-eabi/lib/thumb/v7e-m+fp/hard\libc_nano.a(lib_a-exit.o)
                              c:/st/stm32cubeide_1.6.1/stm32cubeide/plugins/com.st.stm32cube.ide.mcu.externaltools.gnu-tools-for-stm32.9-2020-q2-update.win32_1.5.0.202011040924/tools/bin/../lib/gcc/arm-none-eabi/9.3.1/../../../../arm-none-eabi/lib/thumb/v7e-m+fp/hard/crt0.o (exit)
c:/st/stm32cubeide_1.6.1/stm32cubeide/plugins/com.st.stm32cube.ide.mcu.externaltools.gnu-tools-for-stm32.9-2020-q2-update.win32_1.5.0.202011040924/tools/bin/../lib/gcc/arm-none-eabi/9.3.1/../../../../arm-none-eabi/lib/thumb/v7e-m+fp/hard\libc_nano.a(lib_a-impure.o)
                              c:/st/stm32cubeide_1.6.1/stm32cubeide/plugins/com.st.stm32cube.ide.mcu.externaltools.gnu-tools-for-stm32.9-2020-q2-update.win32_1.5.0.202011040924/tools/bin/../lib/gcc/arm-none-eabi/9.3.1/../../../../arm-none-eabi/lib/thumb/v7e-m+fp/hard\libc_nano.a(lib_a-exit.o) (_global_impure_ptr)
c:/st/stm32cubeide_1.6.1/stm32cubeide/plugins/com.st.stm32cube.ide.mcu.externaltools.gnu-tools-for-stm32.9-2020-q2-update.win32_1.5.0.202011040924/tools/bin/../lib/gcc/arm-none-eabi/9.3.1/../../../../arm-none-eabi/lib/thumb/v7e-m+fp/hard\libc_nano.a(lib_a-init.o)
                              c:/st/stm32cubeide_1.6.1/stm32cubeide/plugins/com.st.stm32cube.ide.mcu.externaltools.gnu-tools-for-stm32.9-2020-q2-update.win32_1.5.0.202011040924/tools/bin/../lib/gcc/arm-none-eabi/9.3.1/../../../../arm-none-eabi/lib/thumb/v7e-m+fp/hard/crt0.o (__libc_init_array)
c:/st/stm32cubeide_1.6.1/stm32cubeide/plugins/com.st.stm32cube.ide.mcu.externaltools.gnu-tools-for-stm32.9-2020-q2-update.win32_1.5.0.202011040924/tools/bin/../lib/gcc/arm-none-eabi/9.3.1/../../../../arm-none-eabi/lib/thumb/v7e-m+fp/hard\libc_nano.a(lib_a-memset.o)
                              c:/st/stm32cubeide_1.6.1/stm32cubeide/plugins/com.st.stm32cube.ide.mcu.externaltools.gnu-tools-for-stm32.9-2020-q2-update.win32_1.5.0.202011040924/tools/bin/../lib/gcc/arm-none-eabi/9.3.1/../../../../arm-none-eabi/lib/thumb/v7e-m+fp/hard/crt0.o (memset)

Allocating common symbols
Common symbol       size              file

uwTick              0x4               C:\DDCM\stm32f407g-disc1_hal_lib\Debug\libstm32f407g-disc1_hal_lib.a(stm32f4xx_hal.o)

Discarded input sections

 .text          0x0000000000000000        0x0 c:/st/stm32cubeide_1.6.1/stm32cubeide/plugins/com.st.stm32cube.ide.mcu.externaltools.gnu-tools-for-stm32.9-2020-q2-update.win32_1.5.0.202011040924/tools/bin/../lib/gcc/arm-none-eabi/9.3.1/thumb/v7e-m+fp/hard/crti.o
 .data          0x0000000000000000        0x0 c:/st/stm32cubeide_1.6.1/stm32cubeide/plugins/com.st.stm32cube.ide.mcu.externaltools.gnu-tools-for-stm32.9-2020-q2-update.win32_1.5.0.202011040924/tools/bin/../lib/gcc/arm-none-eabi/9.3.1/thumb/v7e-m+fp/hard/crti.o
 .bss           0x0000000000000000        0x0 c:/st/stm32cubeide_1.6.1/stm32cubeide/plugins/com.st.stm32cube.ide.mcu.externaltools.gnu-tools-for-stm32.9-2020-q2-update.win32_1.5.0.202011040924/tools/bin/../lib/gcc/arm-none-eabi/9.3.1/thumb/v7e-m+fp/hard/crti.o
 .data          0x0000000000000000        0x4 c:/st/stm32cubeide_1.6.1/stm32cubeide/plugins/com.st.stm32cube.ide.mcu.externaltools.gnu-tools-for-stm32.9-2020-q2-update.win32_1.5.0.202011040924/tools/bin/../lib/gcc/arm-none-eabi/9.3.1/thumb/v7e-m+fp/hard/crtbegin.o
[...]
Memory Configuration

Name             Origin             Length             Attributes
FLASH            0x0000000008000000 0x0000000000100000 xr
RAM              0x0000000020000000 0x0000000000030000 xrw
MEMORY_B1        0x0000000060000000 0x0000000000000000 xr
*default*        0x0000000000000000 0xffffffffffffffff

Linker script and memory map

LOAD c:/st/stm32cubeide_1.6.1/stm32cubeide/plugins/com.st.stm32cube.ide.mcu.externaltools.gnu-tools-for-stm32.9-2020-q2-update.win32_1.5.0.202011040924/tools/bin/../lib/gcc/arm-none-eabi/9.3.1/thumb/v7e-m+fp/hard/crti.o
LOAD c:/st/stm32cubeide_1.6.1/stm32cubeide/plugins/com.st.stm32cube.ide.mcu.externaltools.gnu-tools-for-stm32.9-2020-q2-update.win32_1.5.0.202011040924/tools/bin/../lib/gcc/arm-none-eabi/9.3.1/thumb/v7e-m+fp/hard/crtbegin.o
LOAD c:/st/stm32cubeide_1.6.1/stm32cubeide/plugins/com.st.stm32cube.ide.mcu.externaltools.gnu-tools-for-stm32.9-2020-q2-update.win32_1.5.0.202011040924/tools/bin/../lib/gcc/arm-none-eabi/9.3.1/../../../../arm-none-eabi/lib/thumb/v7e-m+fp/hard/crt0.o
LOAD src/main.o
LOAD src/syscalls.o
LOAD src/system_stm32f4xx.o
LOAD startup/startup_stm32f407xx.o
LOAD C:\DDCM\stm32f407g-disc1_hal_lib\Debug\libstm32f407g-disc1_hal_lib.a
LOAD C:\DDCM\LIB_MSE-SE\Debug\libLIB_MSE-SE.a
START GROUP
LOAD C:\DDCM\stm32f407g-disc1_hal_lib\Debug\libstm32f407g-disc1_hal_lib.a
LOAD C:\DDCM\LIB_MSE-SE\Debug\libLIB_MSE-SE.a
END GROUP
START GROUP
LOAD c:/st/stm32cubeide_1.6.1/stm32cubeide/plugins/com.st.stm32cube.ide.mcu.externaltools.gnu-tools-for-stm32.9-2020-q2-update.win32_1.5.0.202011040924/tools/bin/../lib/gcc/arm-none-eabi/9.3.1/../../../../arm-none-eabi/lib/thumb/v7e-m+fp/hard\libc_nano.a
LOAD c:/st/stm32cubeide_1.6.1/stm32cubeide/plugins/com.st.stm32cube.ide.mcu.externaltools.gnu-tools-for-stm32.9-2020-q2-update.win32_1.5.0.202011040924/tools/bin/../lib/gcc/arm-none-eabi/9.3.1/../../../../arm-none-eabi/lib/thumb/v7e-m+fp/hard\libm.a
END GROUP
START GROUP
LOAD c:/st/stm32cubeide_1.6.1/stm32cubeide/plugins/com.st.stm32cube.ide.mcu.externaltools.gnu-tools-for-stm32.9-2020-q2-update.win32_1.5.0.202011040924/tools/bin/../lib/gcc/arm-none-eabi/9.3.1/thumb/v7e-m+fp/hard\libgcc.a
LOAD c:/st/stm32cubeide_1.6.1/stm32cubeide/plugins/com.st.stm32cube.ide.mcu.externaltools.gnu-tools-for-stm32.9-2020-q2-update.win32_1.5.0.202011040924/tools/bin/../lib/gcc/arm-none-eabi/9.3.1/../../../../arm-none-eabi/lib/thumb/v7e-m+fp/hard\libc_nano.a
END GROUP
START GROUP
LOAD c:/st/stm32cubeide_1.6.1/stm32cubeide/plugins/com.st.stm32cube.ide.mcu.externaltools.gnu-tools-for-stm32.9-2020-q2-update.win32_1.5.0.202011040924/tools/bin/../lib/gcc/arm-none-eabi/9.3.1/thumb/v7e-m+fp/hard\libgcc.a
LOAD c:/st/stm32cubeide_1.6.1/stm32cubeide/plugins/com.st.stm32cube.ide.mcu.externaltools.gnu-tools-for-stm32.9-2020-q2-update.win32_1.5.0.202011040924/tools/bin/../lib/gcc/arm-none-eabi/9.3.1/../../../../arm-none-eabi/lib/thumb/v7e-m+fp/hard\libc_nano.a
LOAD c:/st/stm32cubeide_1.6.1/stm32cubeide/plugins/com.st.stm32cube.ide.mcu.externaltools.gnu-tools-for-stm32.9-2020-q2-update.win32_1.5.0.202011040924/tools/bin/../lib/gcc/arm-none-eabi/9.3.1/../../../../arm-none-eabi/lib/thumb/v7e-m+fp/hard\libnosys.a
END GROUP
START GROUP
LOAD c:/st/stm32cubeide_1.6.1/stm32cubeide/plugins/com.st.stm32cube.ide.mcu.externaltools.gnu-tools-for-stm32.9-2020-q2-update.win32_1.5.0.202011040924/tools/bin/../lib/gcc/arm-none-eabi/9.3.1/thumb/v7e-m+fp/hard\libgcc.a
LOAD c:/st/stm32cubeide_1.6.1/stm32cubeide/plugins/com.st.stm32cube.ide.mcu.externaltools.gnu-tools-for-stm32.9-2020-q2-update.win32_1.5.0.202011040924/tools/bin/../lib/gcc/arm-none-eabi/9.3.1/../../../../arm-none-eabi/lib/thumb/v7e-m+fp/hard\libc_nano.a
LOAD c:/st/stm32cubeide_1.6.1/stm32cubeide/plugins/com.st.stm32cube.ide.mcu.externaltools.gnu-tools-for-stm32.9-2020-q2-update.win32_1.5.0.202011040924/tools/bin/../lib/gcc/arm-none-eabi/9.3.1/../../../../arm-none-eabi/lib/thumb/v7e-m+fp/hard\libnosys.a
END GROUP
LOAD c:/st/stm32cubeide_1.6.1/stm32cubeide/plugins/com.st.stm32cube.ide.mcu.externaltools.gnu-tools-for-stm32.9-2020-q2-update.win32_1.5.0.202011040924/tools/bin/../lib/gcc/arm-none-eabi/9.3.1/thumb/v7e-m+fp/hard/crtend.o
LOAD c:/st/stm32cubeide_1.6.1/stm32cubeide/plugins/com.st.stm32cube.ide.mcu.externaltools.gnu-tools-for-stm32.9-2020-q2-update.win32_1.5.0.202011040924/tools/bin/../lib/gcc/arm-none-eabi/9.3.1/thumb/v7e-m+fp/hard/crtn.o
                0x0000000020020000                _estack = 0x20020000
                0x0000000000000000                _Min_Heap_Size = 0x0
                0x0000000000000400                _Min_Stack_Size = 0x400

.isr_vector     0x0000000008000000      0x188
                0x0000000008000000                . = ALIGN (0x4)
 *(.isr_vector)
 .isr_vector    0x0000000008000000      0x188 startup/startup_stm32f407xx.o
                0x0000000008000000                g_pfnVectors
                0x0000000008000188                . = ALIGN (0x4)

.text           0x0000000008000188      0x81c
                0x0000000008000188                . = ALIGN (0x4)
 *(.text)
 .text          0x0000000008000188       0x40 c:/st/stm32cubeide_1.6.1/stm32cubeide/plugins/com.st.stm32cube.ide.mcu.externaltools.gnu-tools-for-stm32.9-2020-q2-update.win32_1.5.0.202011040924/tools/bin/../lib/gcc/arm-none-eabi/9.3.1/thumb/v7e-m+fp/hard/crtbegin.o
 *(.text*)
 .text.main     0x00000000080001c8      0x128 src/main.o
                0x00000000080001c8                main
 .text.SysTickHook
                0x00000000080002f0        0xe src/main.o
                0x00000000080002f0                SysTickHook
 *fill*         0x00000000080002fe        0x2 
 .text.SystemInit
                0x0000000008000300       0x6c src/system_stm32f4xx.o
                0x0000000008000300                SystemInit
 .text.Reset_Handler
                0x000000000800036c       0x50 startup/startup_stm32f407xx.o
                0x000000000800036c                Reset_Handler
 .text.Default_Handler
                0x00000000080003bc        0x2 startup/startup_stm32f407xx.o
                0x00000000080003bc                RTC_Alarm_IRQHandler
                0x00000000080003bc                HASH_RNG_IRQHandler
                0x00000000080003bc                EXTI2_IRQHandler
                0x00000000080003bc                TIM8_CC_IRQHandler
                0x00000000080003bc                DebugMon_Handler
                0x00000000080003bc                TIM1_CC_IRQHandler
                0x00000000080003bc                DMA2_Stream5_IRQHandler
                0x00000000080003bc                HardFault_Handler
                0x00000000080003bc                DMA1_Stream5_IRQHandler
                0x00000000080003bc                PVD_IRQHandler
                0x00000000080003bc                SDIO_IRQHandler
                0x00000000080003bc                TAMP_STAMP_IRQHandler
                0x00000000080003bc                PendSV_Handler
                0x00000000080003bc                NMI_Handler
                0x00000000080003bc                CAN2_RX1_IRQHandler
                0x00000000080003bc                EXTI3_IRQHandler
                0x00000000080003bc                TIM8_TRG_COM_TIM14_IRQHandler
                0x00000000080003bc                TIM1_UP_TIM10_IRQHandler
                0x00000000080003bc                TIM8_UP_TIM13_IRQHandler
                0x00000000080003bc                I2C3_ER_IRQHandler
                0x00000000080003bc                EXTI0_IRQHandler
                0x00000000080003bc                I2C2_EV_IRQHandler
                0x00000000080003bc                DMA1_Stream2_IRQHandler
                0x00000000080003bc                CAN1_RX0_IRQHandler
                0x00000000080003bc                FPU_IRQHandler
                0x00000000080003bc                OTG_HS_WKUP_IRQHandler
                0x00000000080003bc                UsageFault_Handler
                0x00000000080003bc                CAN2_SCE_IRQHandler
                0x00000000080003bc                DMA2_Stream2_IRQHandler
                0x00000000080003bc                SPI1_IRQHandler
                0x00000000080003bc                TIM6_DAC_IRQHandler
                0x00000000080003bc                TIM1_BRK_TIM9_IRQHandler
                0x00000000080003bc                DCMI_IRQHandler
                0x00000000080003bc                CAN2_RX0_IRQHandler
                0x00000000080003bc                DMA2_Stream3_IRQHandler
                0x00000000080003bc                USART6_IRQHandler
                0x00000000080003bc                USART3_IRQHandler
                0x00000000080003bc                CAN1_RX1_IRQHandler
                0x00000000080003bc                UART5_IRQHandler
                0x00000000080003bc                DMA2_Stream0_IRQHandler
                0x00000000080003bc                TIM4_IRQHandler
                0x00000000080003bc                I2C1_EV_IRQHandler
                0x00000000080003bc                DMA1_Stream6_IRQHandler
                0x00000000080003bc                DMA1_Stream1_IRQHandler
                0x00000000080003bc                UART4_IRQHandler
                0x00000000080003bc                TIM3_IRQHandler
                0x00000000080003bc                RCC_IRQHandler
                0x00000000080003bc                TIM8_BRK_TIM12_IRQHandler
                0x00000000080003bc                Default_Handler
                0x00000000080003bc                EXTI15_10_IRQHandler
                0x00000000080003bc                ADC_IRQHandler
                0x00000000080003bc                DMA1_Stream7_IRQHandler
                0x00000000080003bc                TIM7_IRQHandler
                0x00000000080003bc                CAN2_TX_IRQHandler
                0x00000000080003bc                TIM5_IRQHandler
                0x00000000080003bc                DMA2_Stream7_IRQHandler
                0x00000000080003bc                I2C3_EV_IRQHandler
                0x00000000080003bc                EXTI9_5_IRQHandler
                0x00000000080003bc                RTC_WKUP_IRQHandler
                0x00000000080003bc                ETH_WKUP_IRQHandler
                0x00000000080003bc                SPI2_IRQHandler
                0x00000000080003bc                OTG_HS_EP1_IN_IRQHandler
                0x00000000080003bc                MemManage_Handler
                0x00000000080003bc                DMA1_Stream0_IRQHandler
                0x00000000080003bc                CAN1_TX_IRQHandler
                0x00000000080003bc                SVC_Handler
                0x00000000080003bc                EXTI4_IRQHandler
                0x00000000080003bc                FSMC_IRQHandler
                0x00000000080003bc                ETH_IRQHandler
                0x00000000080003bc                OTG_HS_EP1_OUT_IRQHandler
                0x00000000080003bc                WWDG_IRQHandler
                0x00000000080003bc                TIM2_IRQHandler
                0x00000000080003bc                OTG_FS_WKUP_IRQHandler
                0x00000000080003bc                TIM1_TRG_COM_TIM11_IRQHandler
                0x00000000080003bc                OTG_HS_IRQHandler
                0x00000000080003bc                EXTI1_IRQHandler
                0x00000000080003bc                USART2_IRQHandler
                0x00000000080003bc                I2C2_ER_IRQHandler
                0x00000000080003bc                DMA2_Stream1_IRQHandler
                0x00000000080003bc                CAN1_SCE_IRQHandler
                0x00000000080003bc                FLASH_IRQHandler
                0x00000000080003bc                DMA2_Stream4_IRQHandler
                0x00000000080003bc                BusFault_Handler
                0x00000000080003bc                USART1_IRQHandler
                0x00000000080003bc                OTG_FS_IRQHandler
                0x00000000080003bc                SPI3_IRQHandler
                0x00000000080003bc                DMA1_Stream4_IRQHandler
                0x00000000080003bc                I2C1_ER_IRQHandler
                0x00000000080003bc                DMA2_Stream6_IRQHandler
                0x00000000080003bc                DMA1_Stream3_IRQHandler
 *fill*         0x00000000080003be        0x2 
 .text.HAL_IncTick
                0x00000000080003c0       0x28 C:\DDCM\stm32f407g-disc1_hal_lib\Debug\libstm32f407g-disc1_hal_lib.a(stm32f4xx_hal.o)
                0x00000000080003c0                HAL_IncTick
 .text.HAL_GetTick
                0x00000000080003e8       0x18 C:\DDCM\stm32f407g-disc1_hal_lib\Debug\libstm32f407g-disc1_hal_lib.a(stm32f4xx_hal.o)
                0x00000000080003e8                HAL_GetTick
 .text.HAL_Delay
                0x0000000008000400       0x48 C:\DDCM\stm32f407g-disc1_hal_lib\Debug\libstm32f407g-disc1_hal_lib.a(stm32f4xx_hal.o)
                0x0000000008000400                HAL_Delay
 .text.HAL_GPIO_Init
                0x0000000008000448      0x338 C:\DDCM\stm32f407g-disc1_hal_lib\Debug\libstm32f407g-disc1_hal_lib.a(stm32f4xx_hal_gpio.o)
                0x0000000008000448                HAL_GPIO_Init
 .text.HAL_GPIO_ReadPin
                0x0000000008000780       0x30 C:\DDCM\stm32f407g-disc1_hal_lib\Debug\libstm32f407g-disc1_hal_lib.a(stm32f4xx_hal_gpio.o)
                0x0000000008000780                HAL_GPIO_ReadPin
 .text.HAL_GPIO_WritePin
                0x00000000080007b0       0x32 C:\DDCM\stm32f407g-disc1_hal_lib\Debug\libstm32f407g-disc1_hal_lib.a(stm32f4xx_hal_gpio.o)
                0x00000000080007b0                HAL_GPIO_WritePin
 .text.HAL_GPIO_TogglePin
                0x00000000080007e2       0x36 C:\DDCM\stm32f407g-disc1_hal_lib\Debug\libstm32f407g-disc1_hal_lib.a(stm32f4xx_hal_gpio.o)
                0x00000000080007e2                HAL_GPIO_TogglePin
 .text.In_Init  0x0000000008000818       0x2e C:\DDCM\LIB_MSE-SE\Debug\libLIB_MSE-SE.a(Entradas.o)
                0x0000000008000818                In_Init
 .text.Out_Init
                0x0000000008000846       0x2e C:\DDCM\LIB_MSE-SE\Debug\libLIB_MSE-SE.a(Salidas.o)
                0x0000000008000846                Out_Init
 .text.__NVIC_SetPriority
                0x0000000008000874       0x54 C:\DDCM\LIB_MSE-SE\Debug\libLIB_MSE-SE.a(SysTick.o)
 .text.SysTick_Config
                0x00000000080008c8       0x44 C:\DDCM\LIB_MSE-SE\Debug\libLIB_MSE-SE.a(SysTick.o)
 .text.SysTick_Handler
                0x000000000800090c       0x10 C:\DDCM\LIB_MSE-SE\Debug\libLIB_MSE-SE.a(SysTick.o)
                0x000000000800090c                SysTick_Handler
 .text.SysTick_Init
                0x000000000800091c       0x28 C:\DDCM\LIB_MSE-SE\Debug\libLIB_MSE-SE.a(SysTick.o)
                0x000000000800091c                SysTick_Init
 .text.__libc_init_array
                0x0000000008000944       0x48 c:/st/stm32cubeide_1.6.1/stm32cubeide/plugins/com.st.stm32cube.ide.mcu.externaltools.gnu-tools-for-stm32.9-2020-q2-update.win32_1.5.0.202011040924/tools/bin/../lib/gcc/arm-none-eabi/9.3.1/../../../../arm-none-eabi/lib/thumb/v7e-m+fp/hard\libc_nano.a(lib_a-init.o)
                0x0000000008000944                __libc_init_array
 *(.rodata)
 *(.rodata*)
 *(.glue_7)
 .glue_7        0x000000000800098c        0x0 linker stubs
 *(.glue_7t)
 .glue_7t       0x000000000800098c        0x0 linker stubs
 *(.eh_frame)
 .eh_frame      0x000000000800098c        0x0 c:/st/stm32cubeide_1.6.1/stm32cubeide/plugins/com.st.stm32cube.ide.mcu.externaltools.gnu-tools-for-stm32.9-2020-q2-update.win32_1.5.0.202011040924/tools/bin/../lib/gcc/arm-none-eabi/9.3.1/thumb/v7e-m+fp/hard/crtbegin.o
 *(.init)
 .init          0x000000000800098c        0x4 c:/st/stm32cubeide_1.6.1/stm32cubeide/plugins/com.st.stm32cube.ide.mcu.externaltools.gnu-tools-for-stm32.9-2020-q2-update.win32_1.5.0.202011040924/tools/bin/../lib/gcc/arm-none-eabi/9.3.1/thumb/v7e-m+fp/hard/crti.o
                0x000000000800098c                _init
 .init          0x0000000008000990        0x8 c:/st/stm32cubeide_1.6.1/stm32cubeide/plugins/com.st.stm32cube.ide.mcu.externaltools.gnu-tools-for-stm32.9-2020-q2-update.win32_1.5.0.202011040924/tools/bin/../lib/gcc/arm-none-eabi/9.3.1/thumb/v7e-m+fp/hard/crtn.o
 *(.fini)
 .fini          0x0000000008000998        0x4 c:/st/stm32cubeide_1.6.1/stm32cubeide/plugins/com.st.stm32cube.ide.mcu.externaltools.gnu-tools-for-stm32.9-2020-q2-update.win32_1.5.0.202011040924/tools/bin/../lib/gcc/arm-none-eabi/9.3.1/thumb/v7e-m+fp/hard/crti.o
                0x0000000008000998                _fini
 .fini          0x000000000800099c        0x8 c:/st/stm32cubeide_1.6.1/stm32cubeide/plugins/com.st.stm32cube.ide.mcu.externaltools.gnu-tools-for-stm32.9-2020-q2-update.win32_1.5.0.202011040924/tools/bin/../lib/gcc/arm-none-eabi/9.3.1/thumb/v7e-m+fp/hard/crtn.o
                0x00000000080009a4                . = ALIGN (0x4)
                0x00000000080009a4                _etext = .

.vfp11_veneer   0x00000000080009a4        0x0
 .vfp11_veneer  0x00000000080009a4        0x0 linker stubs

.v4_bx          0x00000000080009a4        0x0
 .v4_bx         0x00000000080009a4        0x0 linker stubs

.iplt           0x00000000080009a4        0x0
 .iplt          0x00000000080009a4        0x0 c:/st/stm32cubeide_1.6.1/stm32cubeide/plugins/com.st.stm32cube.ide.mcu.externaltools.gnu-tools-for-stm32.9-2020-q2-update.win32_1.5.0.202011040924/tools/bin/../lib/gcc/arm-none-eabi/9.3.1/thumb/v7e-m+fp/hard/crtbegin.o

.rel.dyn        0x00000000080009a4        0x0
 .rel.iplt      0x00000000080009a4        0x0 c:/st/stm32cubeide_1.6.1/stm32cubeide/plugins/com.st.stm32cube.ide.mcu.externaltools.gnu-tools-for-stm32.9-2020-q2-update.win32_1.5.0.202011040924/tools/bin/../lib/gcc/arm-none-eabi/9.3.1/thumb/v7e-m+fp/hard/crtbegin.o

.ARM.extab
 *(.ARM.extab* .gnu.linkonce.armextab.*)

.ARM            0x00000000080009a4        0x0
                0x00000000080009a4                __exidx_start = .
 *(.ARM.exidx*)
                0x00000000080009a4                __exidx_end = .

.preinit_array  0x00000000080009a4        0x0
                0x00000000080009a4                PROVIDE (__preinit_array_start = .)
 *(.preinit_array*)
                0x00000000080009a4                PROVIDE (__preinit_array_end = .)

.init_array     0x00000000080009a4        0x4
                0x00000000080009a4                PROVIDE (__init_array_start = .)
 *(SORT_BY_NAME(.init_array.*))
 *(.init_array*)
 .init_array    0x00000000080009a4        0x4 c:/st/stm32cubeide_1.6.1/stm32cubeide/plugins/com.st.stm32cube.ide.mcu.externaltools.gnu-tools-for-stm32.9-2020-q2-update.win32_1.5.0.202011040924/tools/bin/../lib/gcc/arm-none-eabi/9.3.1/thumb/v7e-m+fp/hard/crtbegin.o
                0x00000000080009a8                PROVIDE (__init_array_end = .)

.fini_array     0x00000000080009a8        0x4
                [!provide]                        PROVIDE (__fini_array_start = .)
 *(.fini_array*)
 .fini_array    0x00000000080009a8        0x4 c:/st/stm32cubeide_1.6.1/stm32cubeide/plugins/com.st.stm32cube.ide.mcu.externaltools.gnu-tools-for-stm32.9-2020-q2-update.win32_1.5.0.202011040924/tools/bin/../lib/gcc/arm-none-eabi/9.3.1/thumb/v7e-m+fp/hard/crtbegin.o
 *(SORT_BY_NAME(.fini_array.*))
                [!provide]                        PROVIDE (__fini_array_end = .)
                0x00000000080009ac                _sidata = .

.data           0x0000000020000000        0xc load address 0x00000000080009ac
                0x0000000020000000                . = ALIGN (0x4)
                0x0000000020000000                _sdata = .
 *(.data)
 .data          0x0000000020000000        0x4 src/system_stm32f4xx.o
                0x0000000020000000                SystemCoreClock
 .data          0x0000000020000004        0x5 C:\DDCM\stm32f407g-disc1_hal_lib\Debug\libstm32f407g-disc1_hal_lib.a(stm32f4xx_hal.o)
                0x0000000020000004                uwTickPrio
                0x0000000020000008                uwTickFreq
 *(.data*)
                0x000000002000000c                . = ALIGN (0x4)
 *fill*         0x0000000020000009        0x3 
                0x000000002000000c                _edata = .

.igot.plt       0x000000002000000c        0x0 load address 0x00000000080009b8
 .igot.plt      0x000000002000000c        0x0 c:/st/stm32cubeide_1.6.1/stm32cubeide/plugins/com.st.stm32cube.ide.mcu.externaltools.gnu-tools-for-stm32.9-2020-q2-update.win32_1.5.0.202011040924/tools/bin/../lib/gcc/arm-none-eabi/9.3.1/thumb/v7e-m+fp/hard/crtbegin.o
                0x000000002000000c                . = ALIGN (0x4)

.bss            0x000000002000000c       0x20 load address 0x00000000080009b8
                0x000000002000000c                _sbss = .
                0x000000002000000c                __bss_start__ = _sbss
 *(.bss)
 .bss           0x000000002000000c       0x1c c:/st/stm32cubeide_1.6.1/stm32cubeide/plugins/com.st.stm32cube.ide.mcu.externaltools.gnu-tools-for-stm32.9-2020-q2-update.win32_1.5.0.202011040924/tools/bin/../lib/gcc/arm-none-eabi/9.3.1/thumb/v7e-m+fp/hard/crtbegin.o
 *(.bss*)
 *(COMMON)
 COMMON         0x0000000020000028        0x4 C:\DDCM\stm32f407g-disc1_hal_lib\Debug\libstm32f407g-disc1_hal_lib.a(stm32f4xx_hal.o)
                0x0000000020000028                uwTick
                0x000000002000002c                . = ALIGN (0x4)
                0x000000002000002c                _ebss = .
                0x000000002000002c                __bss_end__ = _ebss

._user_heap_stack
                0x000000002000002c      0x404 load address 0x00000000080009d8
                0x0000000020000030                . = ALIGN (0x8)
 *fill*         0x000000002000002c        0x4 
                0x0000000020000030                PROVIDE (end = .)
                [!provide]                        PROVIDE (_end = .)
                0x0000000020000030                . = (. + _Min_Heap_Size)
                0x0000000020000430                . = (. + _Min_Stack_Size)
 *fill*         0x0000000020000030      0x400 
                0x0000000020000430                . = ALIGN (0x8)

.memory_b1_text
 *(.mb1text)
 *(.mb1text*)
 *(.mb1rodata)
 *(.mb1rodata*)

/DISCARD/
 libc.a(*)
 libm.a(*)
 libgcc.a(*)

.ARM.attributes
                0x0000000000000000       0x30
 *(.ARM.attributes)
 .ARM.attributes
                0x0000000000000000       0x1e c:/st/stm32cubeide_1.6.1/stm32cubeide/plugins/com.st.stm32cube.ide.mcu.externaltools.gnu-tools-for-stm32.9-2020-q2-update.win32_1.5.0.202011040924/tools/bin/../lib/gcc/arm-none-eabi/9.3.1/thumb/v7e-m+fp/hard/crti.o
 .ARM.attributes
                0x000000000000001e       0x34 c:/st/stm32cubeide_1.6.1/stm32cubeide/plugins/com.st.stm32cube.ide.mcu.externaltools.gnu-tools-for-stm32.9-2020-q2-update.win32_1.5.0.202011040924/tools/bin/../lib/gcc/arm-none-eabi/9.3.1/thumb/v7e-m+fp/hard/crtbegin.o
 .ARM.attributes
                0x0000000000000052       0x34 src/main.o
 .ARM.attributes
                0x0000000000000086       0x34 src/system_stm32f4xx.o
 .ARM.attributes
                0x00000000000000ba       0x21 startup/startup_stm32f407xx.o
 .ARM.attributes
                0x00000000000000db       0x34 C:\DDCM\stm32f407g-disc1_hal_lib\Debug\libstm32f407g-disc1_hal_lib.a(stm32f4xx_hal.o)
 .ARM.attributes
                0x000000000000010f       0x34 C:\DDCM\stm32f407g-disc1_hal_lib\Debug\libstm32f407g-disc1_hal_lib.a(stm32f4xx_hal_gpio.o)
 .ARM.attributes
                0x0000000000000143       0x34 C:\DDCM\LIB_MSE-SE\Debug\libLIB_MSE-SE.a(Entradas.o)
 .ARM.attributes
                0x0000000000000177       0x34 C:\DDCM\LIB_MSE-SE\Debug\libLIB_MSE-SE.a(Salidas.o)
 .ARM.attributes
                0x00000000000001ab       0x34 C:\DDCM\LIB_MSE-SE\Debug\libLIB_MSE-SE.a(SysTick.o)
 .ARM.attributes
                0x00000000000001df       0x34 c:/st/stm32cubeide_1.6.1/stm32cubeide/plugins/com.st.stm32cube.ide.mcu.externaltools.gnu-tools-for-stm32.9-2020-q2-update.win32_1.5.0.202011040924/tools/bin/../lib/gcc/arm-none-eabi/9.3.1/../../../../arm-none-eabi/lib/thumb/v7e-m+fp/hard\libc_nano.a(lib_a-init.o)
 .ARM.attributes
                0x0000000000000213       0x1e c:/st/stm32cubeide_1.6.1/stm32cubeide/plugins/com.st.stm32cube.ide.mcu.externaltools.gnu-tools-for-stm32.9-2020-q2-update.win32_1.5.0.202011040924/tools/bin/../lib/gcc/arm-none-eabi/9.3.1/thumb/v7e-m+fp/hard/crtn.o
OUTPUT(2-EntradasSalidas.elf elf32-littlearm)
LOAD linker stubs
LOAD c:/st/stm32cubeide_1.6.1/stm32cubeide/plugins/com.st.stm32cube.ide.mcu.externaltools.gnu-tools-for-stm32.9-2020-q2-update.win32_1.5.0.202011040924/tools/bin/../lib/gcc/arm-none-eabi/9.3.1/../../../../arm-none-eabi/lib/thumb/v7e-m+fp/hard\libc.a
LOAD c:/st/stm32cubeide_1.6.1/stm32cubeide/plugins/com.st.stm32cube.ide.mcu.externaltools.gnu-tools-for-stm32.9-2020-q2-update.win32_1.5.0.202011040924/tools/bin/../lib/gcc/arm-none-eabi/9.3.1/../../../../arm-none-eabi/lib/thumb/v7e-m+fp/hard\libm.a
LOAD c:/st/stm32cubeide_1.6.1/stm32cubeide/plugins/com.st.stm32cube.ide.mcu.externaltools.gnu-tools-for-stm32.9-2020-q2-update.win32_1.5.0.202011040924/tools/bin/../lib/gcc/arm-none-eabi/9.3.1/thumb/v7e-m+fp/hard\libgcc.a

.debug_info     0x0000000000000000     0x279d
 .debug_info    0x0000000000000000      0x443 src/main.o
 .debug_info    0x0000000000000443      0x54d src/system_stm32f4xx.o
 .debug_info    0x0000000000000990       0x22 startup/startup_stm32f407xx.o
 .debug_info    0x00000000000009b2      0x98a C:\DDCM\stm32f407g-disc1_hal_lib\Debug\libstm32f407g-disc1_hal_lib.a(stm32f4xx_hal.o)
 .debug_info    0x000000000000133c      0x7d7 C:\DDCM\stm32f407g-disc1_hal_lib\Debug\libstm32f407g-disc1_hal_lib.a(stm32f4xx_hal_gpio.o)
 .debug_info    0x0000000000001b13      0x275 C:\DDCM\LIB_MSE-SE\Debug\libLIB_MSE-SE.a(Entradas.o)
 .debug_info    0x0000000000001d88      0x2ce C:\DDCM\LIB_MSE-SE\Debug\libLIB_MSE-SE.a(Salidas.o)
 .debug_info    0x0000000000002056      0x747 C:\DDCM\LIB_MSE-SE\Debug\libLIB_MSE-SE.a(SysTick.o)

.debug_abbrev   0x0000000000000000      0xaad
 .debug_abbrev  0x0000000000000000      0x153 src/main.o
 .debug_abbrev  0x0000000000000153      0x129 src/system_stm32f4xx.o
 .debug_abbrev  0x000000000000027c       0x12 startup/startup_stm32f407xx.o
 .debug_abbrev  0x000000000000028e      0x1f1 C:\DDCM\stm32f407g-disc1_hal_lib\Debug\libstm32f407g-disc1_hal_lib.a(stm32f4xx_hal.o)
 .debug_abbrev  0x000000000000047f      0x1f1 C:\DDCM\stm32f407g-disc1_hal_lib\Debug\libstm32f407g-disc1_hal_lib.a(stm32f4xx_hal_gpio.o)
 .debug_abbrev  0x0000000000000670      0x13a C:\DDCM\LIB_MSE-SE\Debug\libLIB_MSE-SE.a(Entradas.o)
 .debug_abbrev  0x00000000000007aa      0x156 C:\DDCM\LIB_MSE-SE\Debug\libLIB_MSE-SE.a(Salidas.o)
 .debug_abbrev  0x0000000000000900      0x1ad C:\DDCM\LIB_MSE-SE\Debug\libLIB_MSE-SE.a(SysTick.o)

.debug_aranges  0x0000000000000000      0x240
 .debug_aranges
                0x0000000000000000       0x28 src/main.o
 .debug_aranges
                0x0000000000000028       0x28 src/system_stm32f4xx.o
 .debug_aranges
                0x0000000000000050       0x28 startup/startup_stm32f407xx.o
 .debug_aranges
                0x0000000000000078       0xf0 C:\DDCM\stm32f407g-disc1_hal_lib\Debug\libstm32f407g-disc1_hal_lib.a(stm32f4xx_hal.o)
 .debug_aranges
                0x0000000000000168       0x58 C:\DDCM\stm32f407g-disc1_hal_lib\Debug\libstm32f407g-disc1_hal_lib.a(stm32f4xx_hal_gpio.o)
 .debug_aranges
                0x00000000000001c0       0x20 C:\DDCM\LIB_MSE-SE\Debug\libLIB_MSE-SE.a(Entradas.o)
 .debug_aranges
                0x00000000000001e0       0x28 C:\DDCM\LIB_MSE-SE\Debug\libLIB_MSE-SE.a(Salidas.o)
 .debug_aranges
                0x0000000000000208       0x38 C:\DDCM\LIB_MSE-SE\Debug\libLIB_MSE-SE.a(SysTick.o)

.debug_ranges   0x0000000000000000      0x1c8
 .debug_ranges  0x0000000000000000       0x18 src/main.o
 .debug_ranges  0x0000000000000018       0x18 src/system_stm32f4xx.o
 .debug_ranges  0x0000000000000030       0x20 startup/startup_stm32f407xx.o
 .debug_ranges  0x0000000000000050       0xe0 C:\DDCM\stm32f407g-disc1_hal_lib\Debug\libstm32f407g-disc1_hal_lib.a(stm32f4xx_hal.o)
 .debug_ranges  0x0000000000000130       0x48 C:\DDCM\stm32f407g-disc1_hal_lib\Debug\libstm32f407g-disc1_hal_lib.a(stm32f4xx_hal_gpio.o)
 .debug_ranges  0x0000000000000178       0x10 C:\DDCM\LIB_MSE-SE\Debug\libLIB_MSE-SE.a(Entradas.o)
 .debug_ranges  0x0000000000000188       0x18 C:\DDCM\LIB_MSE-SE\Debug\libLIB_MSE-SE.a(Salidas.o)
 .debug_ranges  0x00000000000001a0       0x28 C:\DDCM\LIB_MSE-SE\Debug\libLIB_MSE-SE.a(SysTick.o)

.debug_macro    0x0000000000000000    0x24673
 .debug_macro   0x0000000000000000      0x375 src/main.o
 .debug_macro   0x0000000000000375      0xac0 src/main.o
 .debug_macro   0x0000000000000e35       0x2c src/main.o
 .debug_macro   0x0000000000000e61       0x2f src/main.o
 .debug_macro   0x0000000000000e90       0x22 src/main.o
 .debug_macro   0x0000000000000eb2       0x8e src/main.o
 .debug_macro   0x0000000000000f40       0x51 src/main.o
 .debug_macro   0x0000000000000f91      0x103 src/main.o
 .debug_macro   0x0000000000001094       0x6a src/main.o
 .debug_macro   0x00000000000010fe      0x1df src/main.o
 .debug_macro   0x00000000000012dd       0x1c src/main.o
 .debug_macro   0x00000000000012f9       0x22 src/main.o
 .debug_macro   0x000000000000131b       0xdf src/main.o
 .debug_macro   0x00000000000013fa     0x102d src/main.o
 .debug_macro   0x0000000000002427      0x11f src/main.o
 .debug_macro   0x0000000000002546    0x15e43 src/main.o
 .debug_macro   0x0000000000018389       0x43 src/main.o
 .debug_macro   0x00000000000183cc      0x23e src/main.o
 .debug_macro   0x000000000001860a     0x35d4 src/main.o
 .debug_macro   0x000000000001bbde      0x174 src/main.o
 .debug_macro   0x000000000001bd52       0x5a src/main.o
 .debug_macro   0x000000000001bdac      0x96b src/main.o
 .debug_macro   0x000000000001c717      0x9fe src/main.o
 .debug_macro   0x000000000001d115       0xed src/main.o
 .debug_macro   0x000000000001d202      0x117 src/main.o
 .debug_macro   0x000000000001d319      0x13e src/main.o
 .debug_macro   0x000000000001d457       0x27 src/main.o
 .debug_macro   0x000000000001d47e      0x287 src/main.o
 .debug_macro   0x000000000001d705       0x5f src/main.o
 .debug_macro   0x000000000001d764      0x236 src/main.o
 .debug_macro   0x000000000001d99a      0x391 src/main.o
 .debug_macro   0x000000000001dd2b      0x176 src/main.o
 .debug_macro   0x000000000001dea1       0xf9 src/main.o
 .debug_macro   0x000000000001df9a      0x40f src/main.o
 .debug_macro   0x000000000001e3a9       0x22 src/main.o
 .debug_macro   0x000000000001e3cb       0xea src/main.o
 .debug_macro   0x000000000001e4b5       0xa0 src/main.o
 .debug_macro   0x000000000001e555       0x3c src/main.o
 .debug_macro   0x000000000001e591       0x1f src/main.o
 .debug_macro   0x000000000001e5b0      0x1d0 src/main.o
 .debug_macro   0x000000000001e780      0x12c src/main.o
 .debug_macro   0x000000000001e8ac      0x21e src/main.o
 .debug_macro   0x000000000001eaca       0x2e src/main.o
 .debug_macro   0x000000000001eaf8      0x543 src/main.o
 .debug_macro   0x000000000001f03b       0x88 src/main.o
 .debug_macro   0x000000000001f0c3       0xea src/main.o
 .debug_macro   0x000000000001f1ad      0x184 src/main.o
 .debug_macro   0x000000000001f331      0x1ae src/main.o
 .debug_macro   0x000000000001f4df       0xd6 src/main.o
 .debug_macro   0x000000000001f5b5      0x199 src/main.o
 .debug_macro   0x000000000001f74e       0x40 src/main.o
 .debug_macro   0x000000000001f78e       0x4a src/main.o
 .debug_macro   0x000000000001f7d8       0x78 src/main.o
 .debug_macro   0x000000000001f850      0x11a src/main.o
 .debug_macro   0x000000000001f96a       0x7e src/main.o
 .debug_macro   0x000000000001f9e8       0x89 src/main.o
 .debug_macro   0x000000000001fa71       0xa4 src/main.o
 .debug_macro   0x000000000001fb15      0x31a src/main.o
 .debug_macro   0x000000000001fe2f      0x405 src/main.o
 .debug_macro   0x0000000000020234       0xe4 src/main.o
 .debug_macro   0x0000000000020318      0x845 src/main.o
 .debug_macro   0x0000000000020b5d      0x19f src/main.o
 .debug_macro   0x0000000000020cfc      0x225 src/main.o
 .debug_macro   0x0000000000020f21      0x87d src/main.o
 .debug_macro   0x000000000002179e       0x47 src/main.o
 .debug_macro   0x00000000000217e5      0x287 src/main.o
 .debug_macro   0x0000000000021a6c      0x217 src/main.o
 .debug_macro   0x0000000000021c83      0x1b5 src/main.o
 .debug_macro   0x0000000000021e38      0x2db src/main.o
 .debug_macro   0x0000000000022113       0x8d src/main.o
 .debug_macro   0x00000000000221a0      0x225 src/main.o
 .debug_macro   0x00000000000223c5       0xe4 src/main.o
 .debug_macro   0x00000000000224a9       0x6e src/main.o
 .debug_macro   0x0000000000022517      0x12d src/main.o
 .debug_macro   0x0000000000022644       0x94 src/main.o
 .debug_macro   0x00000000000226d8      0x35b src/system_stm32f4xx.o
 .debug_macro   0x0000000000022a33      0x3b5 C:\DDCM\stm32f407g-disc1_hal_lib\Debug\libstm32f407g-disc1_hal_lib.a(stm32f4xx_hal.o)
 .debug_macro   0x0000000000022de8      0xaa8 C:\DDCM\stm32f407g-disc1_hal_lib\Debug\libstm32f407g-disc1_hal_lib.a(stm32f4xx_hal.o)
 .debug_macro   0x0000000000023890       0x32 C:\DDCM\stm32f407g-disc1_hal_lib\Debug\libstm32f407g-disc1_hal_lib.a(stm32f4xx_hal.o)
 .debug_macro   0x00000000000238c2      0x38b C:\DDCM\stm32f407g-disc1_hal_lib\Debug\libstm32f407g-disc1_hal_lib.a(stm32f4xx_hal_gpio.o)
 .debug_macro   0x0000000000023c4d      0x362 C:\DDCM\LIB_MSE-SE\Debug\libLIB_MSE-SE.a(Entradas.o)
 .debug_macro   0x0000000000023faf      0x362 C:\DDCM\LIB_MSE-SE\Debug\libLIB_MSE-SE.a(Salidas.o)
 .debug_macro   0x0000000000024311      0x362 C:\DDCM\LIB_MSE-SE\Debug\libLIB_MSE-SE.a(SysTick.o)

.debug_line     0x0000000000000000     0x50c5
 .debug_line    0x0000000000000000      0xac0 src/main.o
 .debug_line    0x0000000000000ac0      0xab8 src/system_stm32f4xx.o
 .debug_line    0x0000000000001578       0x7f startup/startup_stm32f407xx.o
 .debug_line    0x00000000000015f7      0xce8 C:\DDCM\stm32f407g-disc1_hal_lib\Debug\libstm32f407g-disc1_hal_lib.a(stm32f4xx_hal.o)
 .debug_line    0x00000000000022df      0xe78 C:\DDCM\stm32f407g-disc1_hal_lib\Debug\libstm32f407g-disc1_hal_lib.a(stm32f4xx_hal_gpio.o)
 .debug_line    0x0000000000003157      0xa40 C:\DDCM\LIB_MSE-SE\Debug\libLIB_MSE-SE.a(Entradas.o)
 .debug_line    0x0000000000003b97      0xa69 C:\DDCM\LIB_MSE-SE\Debug\libLIB_MSE-SE.a(Salidas.o)
 .debug_line    0x0000000000004600      0xac5 C:\DDCM\LIB_MSE-SE\Debug\libLIB_MSE-SE.a(SysTick.o)

.debug_str      0x0000000000000000    0xe402e
 .debug_str     0x0000000000000000    0xe30fe src/main.o
                                      0xe337c (size before relaxing)
 .debug_str     0x00000000000e30fe       0xbf src/system_stm32f4xx.o
                                      0xe3189 (size before relaxing)
 .debug_str     0x00000000000e31bd       0x2f startup/startup_stm32f407xx.o
                                         0x4f (size before relaxing)
 .debug_str     0x00000000000e31ec      0xb22 C:\DDCM\stm32f407g-disc1_hal_lib\Debug\libstm32f407g-disc1_hal_lib.a(stm32f4xx_hal.o)
                                      0xe3c98 (size before relaxing)
 .debug_str     0x00000000000e3d0e      0x220 C:\DDCM\stm32f407g-disc1_hal_lib\Debug\libstm32f407g-disc1_hal_lib.a(stm32f4xx_hal_gpio.o)
                                      0xe3396 (size before relaxing)
 .debug_str     0x00000000000e3f2e       0x43 C:\DDCM\LIB_MSE-SE\Debug\libLIB_MSE-SE.a(Entradas.o)
                                      0xe3269 (size before relaxing)
 .debug_str     0x00000000000e3f71       0x28 C:\DDCM\LIB_MSE-SE\Debug\libLIB_MSE-SE.a(Salidas.o)
                                      0xe32a7 (size before relaxing)
 .debug_str     0x00000000000e3f99       0x95 C:\DDCM\LIB_MSE-SE\Debug\libLIB_MSE-SE.a(SysTick.o)
                                      0xe3826 (size before relaxing)

.comment        0x0000000000000000       0x53
 .comment       0x0000000000000000       0x53 src/main.o
                                         0x54 (size before relaxing)
 .comment       0x0000000000000053       0x54 src/system_stm32f4xx.o
 .comment       0x0000000000000053       0x54 C:\DDCM\stm32f407g-disc1_hal_lib\Debug\libstm32f407g-disc1_hal_lib.a(stm32f4xx_hal.o)
 .comment       0x0000000000000053       0x54 C:\DDCM\stm32f407g-disc1_hal_lib\Debug\libstm32f407g-disc1_hal_lib.a(stm32f4xx_hal_gpio.o)
 .comment       0x0000000000000053       0x54 C:\DDCM\LIB_MSE-SE\Debug\libLIB_MSE-SE.a(Entradas.o)
 .comment       0x0000000000000053       0x54 C:\DDCM\LIB_MSE-SE\Debug\libLIB_MSE-SE.a(Salidas.o)
 .comment       0x0000000000000053       0x54 C:\DDCM\LIB_MSE-SE\Debug\libLIB_MSE-SE.a(SysTick.o)

.debug_frame    0x0000000000000000      0x6bc
 .debug_frame   0x0000000000000000       0x50 src/main.o
 .debug_frame   0x0000000000000050       0x58 src/system_stm32f4xx.o
 .debug_frame   0x00000000000000a8      0x374 C:\DDCM\stm32f407g-disc1_hal_lib\Debug\libstm32f407g-disc1_hal_lib.a(stm32f4xx_hal.o)
 .debug_frame   0x000000000000041c      0x14c C:\DDCM\stm32f407g-disc1_hal_lib\Debug\libstm32f407g-disc1_hal_lib.a(stm32f4xx_hal_gpio.o)
 .debug_frame   0x0000000000000568       0x34 C:\DDCM\LIB_MSE-SE\Debug\libLIB_MSE-SE.a(Entradas.o)
 .debug_frame   0x000000000000059c       0x58 C:\DDCM\LIB_MSE-SE\Debug\libLIB_MSE-SE.a(Salidas.o)
 .debug_frame   0x00000000000005f4       0x9c C:\DDCM\LIB_MSE-SE\Debug\libLIB_MSE-SE.a(SysTick.o)
 .debug_frame   0x0000000000000690       0x2c c:/st/stm32cubeide_1.6.1/stm32cubeide/plugins/com.st.stm32cube.ide.mcu.externaltools.gnu-tools-for-stm32.9-2020-q2-update.win32_1.5.0.202011040924/tools/bin/../lib/gcc/arm-none-eabi/9.3.1/../../../../arm-none-eabi/lib/thumb/v7e-m+fp/hard\libc_nano.a(lib_a-init.o)
